Archive member included because of file (symbol)

/Applications/KDS_3.0.0.app/Contents/toolchain/bin/../lib/gcc/arm-none-eabi/4.8.4/armv6-m/libgcc.a(_udivsi3.o)
                              ./Generated_Code/SEGGER_RTT_printf.o (__aeabi_uidiv)
/Applications/KDS_3.0.0.app/Contents/toolchain/bin/../lib/gcc/arm-none-eabi/4.8.4/armv6-m/libgcc.a(_divsi3.o)
                              ./Generated_Code/SEGGER_SYSVIEW.o (__aeabi_idiv)
/Applications/KDS_3.0.0.app/Contents/toolchain/bin/../lib/gcc/arm-none-eabi/4.8.4/armv6-m/libgcc.a(_dvmd_tls.o)
                              /Applications/KDS_3.0.0.app/Contents/toolchain/bin/../lib/gcc/arm-none-eabi/4.8.4/armv6-m/libgcc.a(_udivsi3.o) (__aeabi_idiv0)
/Applications/KDS_3.0.0.app/Contents/toolchain/bin/../lib/gcc/arm-none-eabi/4.8.4/armv6-m/libgcc.a(_muldi3.o)
                              ./Generated_Code/SEGGER_SYSVIEW_FreeRTOS.o (__aeabi_lmul)
/Applications/KDS_3.0.0.app/Contents/toolchain/bin/../lib/gcc/arm-none-eabi/4.8.4/../../../../arm-none-eabi/lib/armv6-m/libg_s.a(lib_a-exit.o)
                              /Applications/KDS_3.0.0.app/Contents/toolchain/bin/../lib/gcc/arm-none-eabi/4.8.4/../../../../arm-none-eabi/lib/armv6-m/crt0.o (exit)
/Applications/KDS_3.0.0.app/Contents/toolchain/bin/../lib/gcc/arm-none-eabi/4.8.4/../../../../arm-none-eabi/lib/armv6-m/libg_s.a(lib_a-impure.o)
                              /Applications/KDS_3.0.0.app/Contents/toolchain/bin/../lib/gcc/arm-none-eabi/4.8.4/../../../../arm-none-eabi/lib/armv6-m/libg_s.a(lib_a-exit.o) (_global_impure_ptr)
/Applications/KDS_3.0.0.app/Contents/toolchain/bin/../lib/gcc/arm-none-eabi/4.8.4/../../../../arm-none-eabi/lib/armv6-m/libg_s.a(lib_a-init.o)
                              /Applications/KDS_3.0.0.app/Contents/toolchain/bin/../lib/gcc/arm-none-eabi/4.8.4/../../../../arm-none-eabi/lib/armv6-m/crt0.o (__libc_init_array)
/Applications/KDS_3.0.0.app/Contents/toolchain/bin/../lib/gcc/arm-none-eabi/4.8.4/../../../../arm-none-eabi/lib/armv6-m/libg_s.a(lib_a-memcpy-stub.o)
                              ./Generated_Code/IFsh1.o (memcpy)
/Applications/KDS_3.0.0.app/Contents/toolchain/bin/../lib/gcc/arm-none-eabi/4.8.4/../../../../arm-none-eabi/lib/armv6-m/libg_s.a(lib_a-memset.o)
                              /Applications/KDS_3.0.0.app/Contents/toolchain/bin/../lib/gcc/arm-none-eabi/4.8.4/../../../../arm-none-eabi/lib/armv6-m/crt0.o (memset)
/Applications/KDS_3.0.0.app/Contents/toolchain/bin/../lib/gcc/arm-none-eabi/4.8.4/../../../../arm-none-eabi/lib/armv6-m/libg_s.a(lib_a-strchr.o)
                              ./Generated_Code/UTIL1.o (strchr)
/Applications/KDS_3.0.0.app/Contents/toolchain/bin/../lib/gcc/arm-none-eabi/4.8.4/../../../../arm-none-eabi/lib/armv6-m/libg_s.a(lib_a-strcmp.o)
                              ./Sources/RNet_App.o (strcmp)
/Applications/KDS_3.0.0.app/Contents/toolchain/bin/../lib/gcc/arm-none-eabi/4.8.4/../../../../arm-none-eabi/lib/armv6-m/libg_s.a(lib_a-strlen.o)
                              ./Sources/RNet_App.o (strlen)
/Applications/KDS_3.0.0.app/Contents/toolchain/bin/../lib/gcc/arm-none-eabi/4.8.4/../../../../arm-none-eabi/lib/armv6-m/libg_s.a(lib_a-strncmp.o)
                              ./Sources/RNet_App.o (strncmp)
/Applications/KDS_3.0.0.app/Contents/toolchain/bin/../lib/gcc/arm-none-eabi/4.8.4/../../../../arm-none-eabi/lib/armv6-m/libnosys.a(_exit.o)
                              /Applications/KDS_3.0.0.app/Contents/toolchain/bin/../lib/gcc/arm-none-eabi/4.8.4/../../../../arm-none-eabi/lib/armv6-m/libg_s.a(lib_a-exit.o) (_exit)

Allocating common symbols
Common symbol       size              file

ASerialLdd1_DeviceDataPtr
                    0x4               ./Generated_Code/AS1.o
SEGGER_SYSVIEW_TickCnt
                    0x4               ./Generated_Code/port.o
SMasterLdd2_DeviceDataPtr
                    0x4               ./Generated_Code/SM1.o
AD1_OutV            0x8               ./Generated_Code/AD1.o
xQueueRegistry      0x30              ./Generated_Code/queue.o
AdcLdd1_DeviceDataPtr
                    0x4               ./Generated_Code/AD1.o
SR_reg              0x1               ./Generated_Code/Cpu.o
_SEGGER_RTT         0x78              ./Generated_Code/SEGGER_RTT.o

Discarded input sections

 .text          0x0000000000000000        0x0 /Applications/KDS_3.0.0.app/Contents/toolchain/bin/../lib/gcc/arm-none-eabi/4.8.4/armv6-m/crti.o
 .data          0x0000000000000000        0x0 /Applications/KDS_3.0.0.app/Contents/toolchain/bin/../lib/gcc/arm-none-eabi/4.8.4/armv6-m/crti.o
 .bss           0x0000000000000000        0x0 /Applications/KDS_3.0.0.app/Contents/toolchain/bin/../lib/gcc/arm-none-eabi/4.8.4/armv6-m/crti.o
 .data          0x0000000000000000        0x4 /Applications/KDS_3.0.0.app/Contents/toolchain/bin/../lib/gcc/arm-none-eabi/4.8.4/armv6-m/crtbegin.o
 .data          0x0000000000000000        0x0 /Applications/KDS_3.0.0.app/Contents/toolchain/bin/../lib/gcc/arm-none-eabi/4.8.4/../../../../arm-none-eabi/lib/armv6-m/crt0.o
[...]
Memory Configuration

Name             Origin             Length             Attributes
m_interrupts     0x0000000000000000 0x00000000000000c0 xr
m_text           0x0000000000000410 0x000000000001f7f0 xr
m_data           0x000000001ffff000 0x0000000000004000 rw
NVM_Config       0x000000000001fc00 0x0000000000000400 rw
m_cfmprotrom     0x0000000000000400 0x0000000000000010 xr
*default*        0x0000000000000000 0xffffffffffffffff

Linker script and memory map

LOAD /Applications/KDS_3.0.0.app/Contents/toolchain/bin/../lib/gcc/arm-none-eabi/4.8.4/armv6-m/crti.o
LOAD /Applications/KDS_3.0.0.app/Contents/toolchain/bin/../lib/gcc/arm-none-eabi/4.8.4/armv6-m/crtbegin.o
LOAD /Applications/KDS_3.0.0.app/Contents/toolchain/bin/../lib/gcc/arm-none-eabi/4.8.4/../../../../arm-none-eabi/lib/armv6-m/crt0.o
LOAD ./Sources/Application.o
LOAD ./Sources/Debounce.o
LOAD ./Sources/Event.o
LOAD ./Sources/Events.o
LOAD ./Sources/KeyDebounce.o
LOAD ./Sources/Keys.o
LOAD ./Sources/LED.o
LOAD ./Sources/LineFollow.o
LOAD ./Sources/MCP4728.o
LOAD ./Sources/NVM_Config.o
LOAD ./Sources/Pid.o
LOAD ./Sources/Platform.o
LOAD ./Sources/QuadCalib.o
LOAD ./Sources/RNet_App.o
LOAD ./Sources/RTOS.o
LOAD ./Sources/Remote.o
LOAD ./Sources/Sem.o
LOAD ./Sources/Shell.o
LOAD ./Sources/ShellQueue.o
LOAD ./Sources/Timer.o
LOAD ./Sources/Trigger.o
LOAD ./Sources/main.o
LOAD ./Project_Settings/Startup_Code/startup.o
LOAD ./Generated_Code/AD1.o
LOAD ./Generated_Code/AS1.o
LOAD ./Generated_Code/ASerialLdd1.o
LOAD ./Generated_Code/AdcLdd1.o
LOAD ./Generated_Code/BitIoLdd1.o
LOAD ./Generated_Code/BitIoLdd11.o
LOAD ./Generated_Code/BitIoLdd12.o
LOAD ./Generated_Code/BitIoLdd2.o
LOAD ./Generated_Code/BitIoLdd8.o
LOAD ./Generated_Code/BitIoLdd9.o
LOAD ./Generated_Code/CE1.o
LOAD ./Generated_Code/CLS1.o
LOAD ./Generated_Code/CS1.o
LOAD ./Generated_Code/CSN1.o
LOAD ./Generated_Code/Cpu.o
LOAD ./Generated_Code/ExtIntLdd1.o
LOAD ./Generated_Code/ExtIntLdd2.o
LOAD ./Generated_Code/ExtIntLdd3.o
LOAD ./Generated_Code/ExtIntLdd4.o
LOAD ./Generated_Code/ExtIntLdd5.o
LOAD ./Generated_Code/FRTOS1.o
LOAD ./Generated_Code/HF1.o
LOAD ./Generated_Code/IFsh1.o
LOAD ./Generated_Code/IntFlashLdd1.o
LOAD ./Generated_Code/KIN1.o
LOAD ./Generated_Code/KSDK1.o
LOAD ./Generated_Code/LEDPin1.o
LOAD ./Generated_Code/LEDPin2.o
LOAD ./Generated_Code/PE_LDD.o
LOAD ./Generated_Code/RApp.o
LOAD ./Generated_Code/RF1.o
LOAD ./Generated_Code/RMAC.o
LOAD ./Generated_Code/RMSG.o
LOAD ./Generated_Code/RNET1.o
LOAD ./Generated_Code/RNWK.o
LOAD ./Generated_Code/RPHY.o
LOAD ./Generated_Code/RStack.o
LOAD ./Generated_Code/RStdIO.o
LOAD ./Generated_Code/RTT1.o
LOAD ./Generated_Code/RTT_Syscalls_GCC.o
LOAD ./Generated_Code/Radio.o
LOAD ./Generated_Code/SEGGER_RTT.o
LOAD ./Generated_Code/SEGGER_RTT_printf.o
LOAD ./Generated_Code/SEGGER_SYSVIEW.o
LOAD ./Generated_Code/SEGGER_SYSVIEW_Config.o
LOAD ./Generated_Code/SEGGER_SYSVIEW_FreeRTOS.o
LOAD ./Generated_Code/SM1.o
LOAD ./Generated_Code/SMasterLdd2.o
LOAD ./Generated_Code/SW1.o
LOAD ./Generated_Code/SW2.o
LOAD ./Generated_Code/SW3.o
LOAD ./Generated_Code/SW4.o
LOAD ./Generated_Code/SW5.o
LOAD ./Generated_Code/SW6.o
LOAD ./Generated_Code/SW7.o
LOAD ./Generated_Code/SYS1.o
LOAD ./Generated_Code/UTIL1.o
LOAD ./Generated_Code/Vectors.o
LOAD ./Generated_Code/WAIT1.o
LOAD ./Generated_Code/croutine.o
LOAD ./Generated_Code/event_groups.o
LOAD ./Generated_Code/heap_1.o
LOAD ./Generated_Code/heap_2.o
LOAD ./Generated_Code/heap_3.o
LOAD ./Generated_Code/heap_4.o
LOAD ./Generated_Code/heap_5.o
LOAD ./Generated_Code/list.o
LOAD ./Generated_Code/port.o
LOAD ./Generated_Code/queue.o
LOAD ./Generated_Code/tasks.o
LOAD ./Generated_Code/timers.o
LOAD /Applications/KDS_3.0.0.app/Contents/toolchain/bin/../lib/gcc/arm-none-eabi/4.8.4/../../../../arm-none-eabi/lib/armv6-m/libstdc++_s.a
LOAD /Applications/KDS_3.0.0.app/Contents/toolchain/bin/../lib/gcc/arm-none-eabi/4.8.4/../../../../arm-none-eabi/lib/armv6-m/libm.a
START GROUP
LOAD /Applications/KDS_3.0.0.app/Contents/toolchain/bin/../lib/gcc/arm-none-eabi/4.8.4/armv6-m/libgcc.a
LOAD /Applications/KDS_3.0.0.app/Contents/toolchain/bin/../lib/gcc/arm-none-eabi/4.8.4/../../../../arm-none-eabi/lib/armv6-m/libg_s.a
LOAD /Applications/KDS_3.0.0.app/Contents/toolchain/bin/../lib/gcc/arm-none-eabi/4.8.4/../../../../arm-none-eabi/lib/armv6-m/libc_s.a
END GROUP
START GROUP
LOAD /Applications/KDS_3.0.0.app/Contents/toolchain/bin/../lib/gcc/arm-none-eabi/4.8.4/armv6-m/libgcc.a
LOAD /Applications/KDS_3.0.0.app/Contents/toolchain/bin/../lib/gcc/arm-none-eabi/4.8.4/../../../../arm-none-eabi/lib/armv6-m/libc_s.a
LOAD /Applications/KDS_3.0.0.app/Contents/toolchain/bin/../lib/gcc/arm-none-eabi/4.8.4/../../../../arm-none-eabi/lib/armv6-m/libnosys.a
END GROUP
START GROUP
LOAD /Applications/KDS_3.0.0.app/Contents/toolchain/bin/../lib/gcc/arm-none-eabi/4.8.4/armv6-m/libgcc.a
LOAD /Applications/KDS_3.0.0.app/Contents/toolchain/bin/../lib/gcc/arm-none-eabi/4.8.4/../../../../arm-none-eabi/lib/armv6-m/libc_s.a
LOAD /Applications/KDS_3.0.0.app/Contents/toolchain/bin/../lib/gcc/arm-none-eabi/4.8.4/../../../../arm-none-eabi/lib/armv6-m/libnosys.a
END GROUP
LOAD /Applications/KDS_3.0.0.app/Contents/toolchain/bin/../lib/gcc/arm-none-eabi/4.8.4/armv6-m/crtend.o
LOAD /Applications/KDS_3.0.0.app/Contents/toolchain/bin/../lib/gcc/arm-none-eabi/4.8.4/armv6-m/crtn.o
                0x0000000020003000                _estack = 0x20003000
                0x0000000020003000                __SP_INIT = _estack
                0x0000000020003000                __stack = _estack
                0x0000000000000000                __heap_size = 0x0
                0x0000000000000400                __stack_size = 0x400

.interrupts     0x0000000000000000       0xc0
                0x0000000000000000                __vector_table = .
                0x0000000000000000                . = ALIGN (0x4)
 *(.vectortable)
 .vectortable   0x0000000000000000       0xc0 ./Generated_Code/Vectors.o
                0x0000000000000000                __vect_table
                0x00000000000000c0                . = ALIGN (0x4)

.cfmprotect     0x0000000000000400       0x10
                0x0000000000000400                . = ALIGN (0x4)
 *(.cfmconfig)
 .cfmconfig     0x0000000000000400       0x10 ./Generated_Code/Cpu.o
                0x0000000000000400                _cfm
                0x0000000000000410                . = ALIGN (0x4)

.text           0x0000000000000410     0xd428
                0x0000000000000410                . = ALIGN (0x4)
 *(.text)
 .text          0x0000000000000410       0x60 /Applications/KDS_3.0.0.app/Contents/toolchain/bin/../lib/gcc/arm-none-eabi/4.8.4/armv6-m/crtbegin.o
 .text          0x0000000000000470       0x78 /Applications/KDS_3.0.0.app/Contents/toolchain/bin/../lib/gcc/arm-none-eabi/4.8.4/../../../../arm-none-eabi/lib/armv6-m/crt0.o
                0x0000000000000470                _mainCRTStartup
                0x0000000000000470                _start
 .text          0x00000000000004e8       0x9c /Applications/KDS_3.0.0.app/Contents/toolchain/bin/../lib/gcc/arm-none-eabi/4.8.4/armv6-m/libgcc.a(_udivsi3.o)
                0x00000000000004e8                __udivsi3
                0x00000000000004e8                __aeabi_uidiv
                0x0000000000000570                __aeabi_uidivmod
 .text          0x0000000000000584       0xc0 /Applications/KDS_3.0.0.app/Contents/toolchain/bin/../lib/gcc/arm-none-eabi/4.8.4/armv6-m/libgcc.a(_divsi3.o)
                0x0000000000000584                __aeabi_idiv
                0x0000000000000584                __divsi3
                0x0000000000000630                __aeabi_idivmod
 .text          0x0000000000000644        0x4 /Applications/KDS_3.0.0.app/Contents/toolchain/bin/../lib/gcc/arm-none-eabi/4.8.4/armv6-m/libgcc.a(_dvmd_tls.o)
                0x0000000000000644                __aeabi_ldiv0
                0x0000000000000644                __aeabi_idiv0
 .text          0x0000000000000648       0x44 /Applications/KDS_3.0.0.app/Contents/toolchain/bin/../lib/gcc/arm-none-eabi/4.8.4/armv6-m/libgcc.a(_muldi3.o)
                0x0000000000000648                __aeabi_lmul
                0x0000000000000648                __muldi3
 .text          0x000000000000068c       0x14 /Applications/KDS_3.0.0.app/Contents/toolchain/bin/../lib/gcc/arm-none-eabi/4.8.4/../../../../arm-none-eabi/lib/armv6-m/libg_s.a(lib_a-strcmp.o)
                0x000000000000068c                strcmp
 *(.text*)
 .text.APP_EventHandler
                0x00000000000006a0       0x3c ./Sources/Application.o
                0x00000000000006a0                APP_EventHandler
 .text.APP_AdoptToHardware
                0x00000000000006dc       0x28 ./Sources/Application.o
 .text.APP_Start
                0x0000000000000704       0x30 ./Sources/Application.o
                0x0000000000000704                APP_Start
 .text.DBNC_Process
                0x0000000000000734      0x170 ./Sources/Debounce.o
                0x0000000000000734                DBNC_Process
 .text.EVNT_SetEvent
                0x00000000000008a4       0x60 ./Sources/Event.o
                0x00000000000008a4                EVNT_SetEvent
 .text.EVNT_HandleEvent
                0x0000000000000904       0xd8 ./Sources/Event.o
                0x0000000000000904                EVNT_HandleEvent
 .text.EVNT_Init
                0x00000000000009dc       0x34 ./Sources/Event.o
                0x00000000000009dc                EVNT_Init
 .text.Cpu_OnNMIINT
                0x0000000000000a10        0x8 ./Sources/Events.o
                0x0000000000000a10                Cpu_OnNMIINT
 .text.SW1_OnInterrupt
                0x0000000000000a18       0x10 ./Sources/Events.o
                0x0000000000000a18                SW1_OnInterrupt
 .text.FRTOS1_vApplicationStackOverflowHook
                0x0000000000000a28       0x10 ./Sources/Events.o
                0x0000000000000a28                FRTOS1_vApplicationStackOverflowHook
 .text.FRTOS1_vApplicationTickHook
                0x0000000000000a38        0xc ./Sources/Events.o
                0x0000000000000a38                FRTOS1_vApplicationTickHook
 .text.FRTOS1_vApplicationIdleHook
                0x0000000000000a44        0x8 ./Sources/Events.o
                0x0000000000000a44                FRTOS1_vApplicationIdleHook
 .text.FRTOS1_vApplicationMallocFailedHook
                0x0000000000000a4c        0x8 ./Sources/Events.o
                0x0000000000000a4c                FRTOS1_vApplicationMallocFailedHook
 .text.SW7_OnInterrupt
                0x0000000000000a54        0x8 ./Sources/Events.o
                0x0000000000000a54                SW7_OnInterrupt
 .text.SW4_OnInterrupt
                0x0000000000000a5c        0x8 ./Sources/Events.o
                0x0000000000000a5c                SW4_OnInterrupt
 .text.SW3_OnInterrupt
                0x0000000000000a64        0x8 ./Sources/Events.o
                0x0000000000000a64                SW3_OnInterrupt
 .text.SW2_OnInterrupt
                0x0000000000000a6c        0x8 ./Sources/Events.o
                0x0000000000000a6c                SW2_OnInterrupt
 .text.KEYDBNC_GetKeys
                0x0000000000000a74      0x10c ./Sources/KeyDebounce.o
 .text.KEYDBNC_OnDebounceEvent
                0x0000000000000b80      0x198 ./Sources/KeyDebounce.o
 .text.KEYDBNC_Process
                0x0000000000000d18       0x2c ./Sources/KeyDebounce.o
                0x0000000000000d18                KEYDBNC_Process
 .text.KEYDBNC_Init
                0x0000000000000d44       0x14 ./Sources/KeyDebounce.o
                0x0000000000000d44                KEYDBNC_Init
 .text.KEY_Scan
                0x0000000000000d58       0x44 ./Sources/Keys.o
                0x0000000000000d58                KEY_Scan
 .text.KEY_EnableInterrupts
                0x0000000000000d9c       0x40 ./Sources/Keys.o
                0x0000000000000d9c                KEY_EnableInterrupts
 .text.KEY_DisableInterrupts
                0x0000000000000ddc       0x40 ./Sources/Keys.o
                0x0000000000000ddc                KEY_DisableInterrupts
 .text.KEY_OnInterrupt
                0x0000000000000e1c       0x20 ./Sources/Keys.o
                0x0000000000000e1c                KEY_OnInterrupt
 .text.KEY_Init
                0x0000000000000e3c        0x8 ./Sources/Keys.o
                0x0000000000000e3c                KEY_Init
 .text.LED_Test
                0x0000000000000e44       0xa0 ./Sources/LED.o
 .text.LED_Init
                0x0000000000000ee4       0x24 ./Sources/LED.o
                0x0000000000000ee4                LED_Init
 .text.NVMC_Init
                0x0000000000000f08        0x8 ./Sources/NVM_Config.o
                0x0000000000000f08                NVMC_Init
 .text.PL_Init  0x0000000000000f10       0x38 ./Sources/Platform.o
                0x0000000000000f10                PL_Init
 .text.HandleDataRxMessage
                0x0000000000000f48       0xbc ./Sources/RNet_App.o
 .text.RadioPowerUp
                0x0000000000001004       0x30 ./Sources/RNet_App.o
 .text.Process  0x0000000000001034       0x3c ./Sources/RNet_App.o
 .text.Init     0x0000000000001070       0x10 ./Sources/RNet_App.o
 .text.RadioTask
                0x0000000000001080       0x24 ./Sources/RNet_App.o
 .text.RNETA_Init
                0x00000000000010a4       0x4c ./Sources/RNet_App.o
                0x00000000000010a4                RNETA_Init
 .text.PrintStatus
                0x00000000000010f0       0x80 ./Sources/RNet_App.o
 .text.PrintHelp
                0x0000000000001170       0xac ./Sources/RNet_App.o
 .text.RNETA_ParseCommand
                0x000000000000121c      0x2bc ./Sources/RNet_App.o
                0x000000000000121c                RNETA_ParseCommand
 .text.AppTask  0x00000000000014d8       0x54 ./Sources/RTOS.o
 .text.RTOS_Init
                0x000000000000152c       0x44 ./Sources/RTOS.o
                0x000000000000152c                RTOS_Init
 .text.SEM_Init
                0x0000000000001570        0x8 ./Sources/Sem.o
                0x0000000000001570                SEM_Init
 .text.SHELL_PrintHelp
                0x0000000000001578       0x60 ./Sources/Shell.o
 .text.SHELL_PrintStatus
                0x00000000000015d8       0x6c ./Sources/Shell.o
 .text.SHELL_ParseCommand
                0x0000000000001644       0xdc ./Sources/Shell.o
 .text.ShellTask
                0x0000000000001720       0xa0 ./Sources/Shell.o
 .text.SHELL_Init
                0x00000000000017c0       0x48 ./Sources/Shell.o
                0x00000000000017c0                SHELL_Init
 .text.SQUEUE_ReceiveChar
                0x0000000000001808       0x38 ./Sources/ShellQueue.o
                0x0000000000001808                SQUEUE_ReceiveChar
 .text.SQUEUE_Init
                0x0000000000001840       0x38 ./Sources/ShellQueue.o
                0x0000000000001840                SQUEUE_Init
 .text.TMR_OnInterrupt
                0x0000000000001878       0x34 ./Sources/Timer.o
                0x0000000000001878                TMR_OnInterrupt
 .text.TMR_Init
                0x00000000000018ac        0x8 ./Sources/Timer.o
                0x00000000000018ac                TMR_Init
 .text.TRG_SetTrigger
                0x00000000000018b4       0x84 ./Sources/Trigger.o
                0x00000000000018b4                TRG_SetTrigger
 .text.CheckCallbacks
                0x0000000000001938       0xe0 ./Sources/Trigger.o
 .text.TRG_AddTick
                0x0000000000001a18       0x88 ./Sources/Trigger.o
                0x0000000000001a18                TRG_AddTick
 .text.TRG_Init
                0x0000000000001aa0       0x68 ./Sources/Trigger.o
                0x0000000000001aa0                TRG_Init
 .text.main     0x0000000000001b08       0x14 ./Sources/main.o
                0x0000000000001b08                main
 .text.__copy_rom_section
                0x0000000000001b1c       0xd8 ./Project_Settings/Startup_Code/startup.o
                0x0000000000001b1c                __copy_rom_section
 .text.__copy_rom_sections_to_ram
                0x0000000000001bf4       0x98 ./Project_Settings/Startup_Code/startup.o
                0x0000000000001bf4                __copy_rom_sections_to_ram
 .text.__init_registers
                0x0000000000001c8c        0x8 ./Project_Settings/Startup_Code/startup.o
                0x0000000000001c8c                __init_registers
 .text.__init_user
                0x0000000000001c94        0x8 ./Project_Settings/Startup_Code/startup.o
                0x0000000000001c94                __init_user
 .text.__thumb_startup
                0x0000000000001c9c       0x30 ./Project_Settings/Startup_Code/startup.o
                0x0000000000001c9c                __thumb_startup
 .text.AD1_Init
                0x0000000000001ccc       0x2c ./Generated_Code/AD1.o
                0x0000000000001ccc                AD1_Init
 .text.HWEnDi   0x0000000000001cf8       0x20 ./Generated_Code/AS1.o
 .text.AS1_RecvChar
                0x0000000000001d18       0xe8 ./Generated_Code/AS1.o
                0x0000000000001d18                AS1_RecvChar
 .text.AS1_SendChar
                0x0000000000001e00       0xe8 ./Generated_Code/AS1.o
                0x0000000000001e00                AS1_SendChar
 .text.AS1_GetCharsInRxBuf
                0x0000000000001ee8       0x14 ./Generated_Code/AS1.o
                0x0000000000001ee8                AS1_GetCharsInRxBuf
 .text.AS1_Init
                0x0000000000001efc       0x64 ./Generated_Code/AS1.o
                0x0000000000001efc                AS1_Init
 .text.ASerialLdd1_OnBlockReceived
                0x0000000000001f60       0x7c ./Generated_Code/AS1.o
                0x0000000000001f60                ASerialLdd1_OnBlockReceived
 .text.ASerialLdd1_OnBlockSent
                0x0000000000001fdc       0x88 ./Generated_Code/AS1.o
                0x0000000000001fdc                ASerialLdd1_OnBlockSent
 .text.ASerialLdd1_OnError
                0x0000000000002064       0x90 ./Generated_Code/AS1.o
                0x0000000000002064                ASerialLdd1_OnError
 .text.ASerialLdd1_OnBreak
                0x00000000000020f4       0x20 ./Generated_Code/AS1.o
                0x00000000000020f4                ASerialLdd1_OnBreak
 .text.ASerialLdd1_Init
                0x0000000000002114      0x1c4 ./Generated_Code/ASerialLdd1.o
                0x0000000000002114                ASerialLdd1_Init
 .text.ASerialLdd1_ReceiveBlock
                0x00000000000022d8       0x50 ./Generated_Code/ASerialLdd1.o
                0x00000000000022d8                ASerialLdd1_ReceiveBlock
 .text.ASerialLdd1_SendBlock
                0x0000000000002328       0x80 ./Generated_Code/ASerialLdd1.o
                0x0000000000002328                ASerialLdd1_SendBlock
 .text.InterruptRx
                0x00000000000023a8       0x58 ./Generated_Code/ASerialLdd1.o
 .text.InterruptTx
                0x0000000000002400       0x80 ./Generated_Code/ASerialLdd1.o
 .text.ASerialLdd1_Interrupt
                0x0000000000002480       0xec ./Generated_Code/ASerialLdd1.o
                0x0000000000002480                ASerialLdd1_Interrupt
 .text.ASerialLdd1_GetError
                0x000000000000256c       0x30 ./Generated_Code/ASerialLdd1.o
                0x000000000000256c                ASerialLdd1_GetError
 .text.AdcLdd1_Init
                0x000000000000259c       0x8c ./Generated_Code/AdcLdd1.o
                0x000000000000259c                AdcLdd1_Init
 .text.BitIoLdd1_Init
                0x0000000000002628       0x64 ./Generated_Code/BitIoLdd1.o
                0x0000000000002628                BitIoLdd1_Init
 .text.BitIoLdd1_GetVal
                0x000000000000268c       0x28 ./Generated_Code/BitIoLdd1.o
                0x000000000000268c                BitIoLdd1_GetVal
 .text.BitIoLdd1_PutVal
                0x00000000000026b4       0x34 ./Generated_Code/BitIoLdd1.o
                0x00000000000026b4                BitIoLdd1_PutVal
 .text.BitIoLdd1_ClrVal
                0x00000000000026e8       0x1c ./Generated_Code/BitIoLdd1.o
                0x00000000000026e8                BitIoLdd1_ClrVal
 .text.BitIoLdd1_SetVal
                0x0000000000002704       0x1c ./Generated_Code/BitIoLdd1.o
                0x0000000000002704                BitIoLdd1_SetVal
 .text.BitIoLdd1_NegVal
                0x0000000000002720       0x1c ./Generated_Code/BitIoLdd1.o
                0x0000000000002720                BitIoLdd1_NegVal
 .text.BitIoLdd11_Init
                0x000000000000273c       0x60 ./Generated_Code/BitIoLdd11.o
                0x000000000000273c                BitIoLdd11_Init
 .text.BitIoLdd11_ClrVal
                0x000000000000279c       0x18 ./Generated_Code/BitIoLdd11.o
                0x000000000000279c                BitIoLdd11_ClrVal
 .text.BitIoLdd11_SetVal
                0x00000000000027b4       0x18 ./Generated_Code/BitIoLdd11.o
                0x00000000000027b4                BitIoLdd11_SetVal
 .text.BitIoLdd12_Init
                0x00000000000027cc       0x60 ./Generated_Code/BitIoLdd12.o
                0x00000000000027cc                BitIoLdd12_Init
 .text.BitIoLdd12_ClrVal
                0x000000000000282c       0x18 ./Generated_Code/BitIoLdd12.o
                0x000000000000282c                BitIoLdd12_ClrVal
 .text.BitIoLdd12_SetVal
                0x0000000000002844       0x18 ./Generated_Code/BitIoLdd12.o
                0x0000000000002844                BitIoLdd12_SetVal
 .text.BitIoLdd2_Init
                0x000000000000285c       0x64 ./Generated_Code/BitIoLdd2.o
                0x000000000000285c                BitIoLdd2_Init
 .text.BitIoLdd2_GetVal
                0x00000000000028c0       0x28 ./Generated_Code/BitIoLdd2.o
                0x00000000000028c0                BitIoLdd2_GetVal
 .text.BitIoLdd2_PutVal
                0x00000000000028e8       0x34 ./Generated_Code/BitIoLdd2.o
                0x00000000000028e8                BitIoLdd2_PutVal
 .text.BitIoLdd2_ClrVal
                0x000000000000291c       0x1c ./Generated_Code/BitIoLdd2.o
                0x000000000000291c                BitIoLdd2_ClrVal
 .text.BitIoLdd2_SetVal
                0x0000000000002938       0x1c ./Generated_Code/BitIoLdd2.o
                0x0000000000002938                BitIoLdd2_SetVal
 .text.BitIoLdd2_NegVal
                0x0000000000002954       0x1c ./Generated_Code/BitIoLdd2.o
                0x0000000000002954                BitIoLdd2_NegVal
 .text.BitIoLdd8_Init
                0x0000000000002970       0x58 ./Generated_Code/BitIoLdd8.o
                0x0000000000002970                BitIoLdd8_Init
 .text.BitIoLdd8_GetVal
                0x00000000000029c8       0x28 ./Generated_Code/BitIoLdd8.o
                0x00000000000029c8                BitIoLdd8_GetVal
 .text.BitIoLdd9_Init
                0x00000000000029f0       0x58 ./Generated_Code/BitIoLdd9.o
                0x00000000000029f0                BitIoLdd9_Init
 .text.BitIoLdd9_GetVal
                0x0000000000002a48       0x28 ./Generated_Code/BitIoLdd9.o
                0x0000000000002a48                BitIoLdd9_GetVal
 .text.CLS1_SendStr
                0x0000000000002a70       0x28 ./Generated_Code/CLS1.o
                0x0000000000002a70                CLS1_SendStr
 .text.CLS1_SendNum8u
                0x0000000000002a98       0x34 ./Generated_Code/CLS1.o
                0x0000000000002a98                CLS1_SendNum8u
 .text.CLS1_ParseCommand
                0x0000000000002acc      0x12c ./Generated_Code/CLS1.o
                0x0000000000002acc                CLS1_ParseCommand
 .text.CLS1_PrintPrompt
                0x0000000000002bf8       0x20 ./Generated_Code/CLS1.o
                0x0000000000002bf8                CLS1_PrintPrompt
 .text.CLS1_IsHistoryCharacter
                0x0000000000002c18       0x24 ./Generated_Code/CLS1.o
                0x0000000000002c18                CLS1_IsHistoryCharacter
 .text.CLS1_ReadLine
                0x0000000000002c3c      0x158 ./Generated_Code/CLS1.o
                0x0000000000002c3c                CLS1_ReadLine
 .text.CLS1_PrintStatus
                0x0000000000002d94       0xb0 ./Generated_Code/CLS1.o
                0x0000000000002d94                CLS1_PrintStatus
 .text.CLS1_PrintCommandFailed
                0x0000000000002e44       0x78 ./Generated_Code/CLS1.o
                0x0000000000002e44                CLS1_PrintCommandFailed
 .text.CLS1_IterateTable
                0x0000000000002ebc       0x58 ./Generated_Code/CLS1.o
                0x0000000000002ebc                CLS1_IterateTable
 .text.CLS1_ParseWithCommandTable
                0x0000000000002f14      0x19c ./Generated_Code/CLS1.o
                0x0000000000002f14                CLS1_ParseWithCommandTable
 .text.CLS1_GetStdio
                0x00000000000030b0       0x14 ./Generated_Code/CLS1.o
                0x00000000000030b0                CLS1_GetStdio
 .text.CLS1_ReadAndParseWithCommandTable
                0x00000000000030c4       0xec ./Generated_Code/CLS1.o
                0x00000000000030c4                CLS1_ReadAndParseWithCommandTable
 .text.SendSeparatedStrings
                0x00000000000031b0       0x7c ./Generated_Code/CLS1.o
 .text.CLS1_SendHelpStr
                0x000000000000322c       0x28 ./Generated_Code/CLS1.o
                0x000000000000322c                CLS1_SendHelpStr
 .text.CLS1_SendStatusStr
                0x0000000000003254       0x28 ./Generated_Code/CLS1.o
                0x0000000000003254                CLS1_SendStatusStr
 .text.CLS1_ReadChar
                0x000000000000327c       0x30 ./Generated_Code/CLS1.o
                0x000000000000327c                CLS1_ReadChar
 .text.CLS1_SendChar
                0x00000000000032ac       0x50 ./Generated_Code/CLS1.o
                0x00000000000032ac                CLS1_SendChar
 .text.CLS1_KeyPressed
                0x00000000000032fc       0x24 ./Generated_Code/CLS1.o
                0x00000000000032fc                CLS1_KeyPressed
 .text.CLS1_Init
                0x0000000000003320        0x8 ./Generated_Code/CLS1.o
                0x0000000000003320                CLS1_Init
 .text.Cpu_ivINT_PORTA
                0x0000000000003328       0x18 ./Generated_Code/Cpu.o
                0x0000000000003328                Cpu_ivINT_PORTA
 .text.Cpu_INT_NMIInterrupt
                0x0000000000003340        0xc ./Generated_Code/Cpu.o
                0x0000000000003340                Cpu_INT_NMIInterrupt
 .text.Cpu_ivINT_Reserved4
                0x000000000000334c        0xc ./Generated_Code/Cpu.o
                0x000000000000334c                Cpu_ivINT_Reserved4
 .text.Cpu_ivINT_Reserved5
                0x0000000000003358        0xc ./Generated_Code/Cpu.o
                0x0000000000003358                Cpu_ivINT_Reserved5
 .text.Cpu_ivINT_Reserved6
                0x0000000000003364        0xc ./Generated_Code/Cpu.o
                0x0000000000003364                Cpu_ivINT_Reserved6
 .text.Cpu_ivINT_Reserved7
                0x0000000000003370        0xc ./Generated_Code/Cpu.o
                0x0000000000003370                Cpu_ivINT_Reserved7
 .text.Cpu_ivINT_Reserved8
                0x000000000000337c        0xc ./Generated_Code/Cpu.o
                0x000000000000337c                Cpu_ivINT_Reserved8
 .text.Cpu_ivINT_Reserved9
                0x0000000000003388        0xc ./Generated_Code/Cpu.o
                0x0000000000003388                Cpu_ivINT_Reserved9
 .text.Cpu_ivINT_Reserved10
                0x0000000000003394        0xc ./Generated_Code/Cpu.o
                0x0000000000003394                Cpu_ivINT_Reserved10
 .text.Cpu_ivINT_Reserved12
                0x00000000000033a0        0xc ./Generated_Code/Cpu.o
                0x00000000000033a0                Cpu_ivINT_Reserved12
 .text.Cpu_ivINT_Reserved13
                0x00000000000033ac        0xc ./Generated_Code/Cpu.o
                0x00000000000033ac                Cpu_ivINT_Reserved13
 .text.Cpu_ivINT_DMA0
                0x00000000000033b8        0xc ./Generated_Code/Cpu.o
                0x00000000000033b8                Cpu_ivINT_DMA0
 .text.Cpu_ivINT_DMA1
                0x00000000000033c4        0xc ./Generated_Code/Cpu.o
                0x00000000000033c4                Cpu_ivINT_DMA1
 .text.Cpu_ivINT_DMA2
                0x00000000000033d0        0xc ./Generated_Code/Cpu.o
                0x00000000000033d0                Cpu_ivINT_DMA2
 .text.Cpu_ivINT_DMA3
                0x00000000000033dc        0xc ./Generated_Code/Cpu.o
                0x00000000000033dc                Cpu_ivINT_DMA3
 .text.Cpu_ivINT_Reserved20
                0x00000000000033e8        0xc ./Generated_Code/Cpu.o
                0x00000000000033e8                Cpu_ivINT_Reserved20
 .text.Cpu_ivINT_FTFA
                0x00000000000033f4        0xc ./Generated_Code/Cpu.o
                0x00000000000033f4                Cpu_ivINT_FTFA
 .text.Cpu_ivINT_LVD_LVW
                0x0000000000003400        0xc ./Generated_Code/Cpu.o
                0x0000000000003400                Cpu_ivINT_LVD_LVW
 .text.Cpu_ivINT_LLWU
                0x000000000000340c        0xc ./Generated_Code/Cpu.o
                0x000000000000340c                Cpu_ivINT_LLWU
 .text.Cpu_ivINT_I2C0
                0x0000000000003418        0xc ./Generated_Code/Cpu.o
                0x0000000000003418                Cpu_ivINT_I2C0
 .text.Cpu_ivINT_I2C1
                0x0000000000003424        0xc ./Generated_Code/Cpu.o
                0x0000000000003424                Cpu_ivINT_I2C1
 .text.Cpu_ivINT_SPI1
                0x0000000000003430        0xc ./Generated_Code/Cpu.o
                0x0000000000003430                Cpu_ivINT_SPI1
 .text.Cpu_ivINT_UART1
                0x000000000000343c        0xc ./Generated_Code/Cpu.o
                0x000000000000343c                Cpu_ivINT_UART1
 .text.Cpu_ivINT_UART2
                0x0000000000003448        0xc ./Generated_Code/Cpu.o
                0x0000000000003448                Cpu_ivINT_UART2
 .text.Cpu_ivINT_ADC0
                0x0000000000003454        0xc ./Generated_Code/Cpu.o
                0x0000000000003454                Cpu_ivINT_ADC0
 .text.Cpu_ivINT_CMP0
                0x0000000000003460        0xc ./Generated_Code/Cpu.o
                0x0000000000003460                Cpu_ivINT_CMP0
 .text.Cpu_ivINT_TPM0
                0x000000000000346c        0xc ./Generated_Code/Cpu.o
                0x000000000000346c                Cpu_ivINT_TPM0
 .text.Cpu_ivINT_TPM1
                0x0000000000003478        0xc ./Generated_Code/Cpu.o
                0x0000000000003478                Cpu_ivINT_TPM1
 .text.Cpu_ivINT_TPM2
                0x0000000000003484        0xc ./Generated_Code/Cpu.o
                0x0000000000003484                Cpu_ivINT_TPM2
 .text.Cpu_ivINT_RTC
                0x0000000000003490        0xc ./Generated_Code/Cpu.o
                0x0000000000003490                Cpu_ivINT_RTC
 .text.Cpu_ivINT_RTC_Seconds
                0x000000000000349c        0xc ./Generated_Code/Cpu.o
                0x000000000000349c                Cpu_ivINT_RTC_Seconds
 .text.Cpu_ivINT_PIT
                0x00000000000034a8        0xc ./Generated_Code/Cpu.o
                0x00000000000034a8                Cpu_ivINT_PIT
 .text.Cpu_ivINT_Reserved39
                0x00000000000034b4        0xc ./Generated_Code/Cpu.o
                0x00000000000034b4                Cpu_ivINT_Reserved39
 .text.Cpu_ivINT_USB0
                0x00000000000034c0        0xc ./Generated_Code/Cpu.o
                0x00000000000034c0                Cpu_ivINT_USB0
 .text.Cpu_ivINT_DAC0
                0x00000000000034cc        0xc ./Generated_Code/Cpu.o
                0x00000000000034cc                Cpu_ivINT_DAC0
 .text.Cpu_ivINT_TSI0
                0x00000000000034d8        0xc ./Generated_Code/Cpu.o
                0x00000000000034d8                Cpu_ivINT_TSI0
 .text.Cpu_ivINT_MCG
                0x00000000000034e4        0xc ./Generated_Code/Cpu.o
                0x00000000000034e4                Cpu_ivINT_MCG
 .text.Cpu_ivINT_LPTMR0
                0x00000000000034f0        0xc ./Generated_Code/Cpu.o
                0x00000000000034f0                Cpu_ivINT_LPTMR0
 .text.Cpu_ivINT_Reserved45
                0x00000000000034fc        0xc ./Generated_Code/Cpu.o
                0x00000000000034fc                Cpu_ivINT_Reserved45
 .text.__init_hardware
                0x0000000000003508      0x17c ./Generated_Code/Cpu.o
                0x0000000000003508                __init_hardware
 .text.PE_low_level_init
                0x0000000000003684      0x13c ./Generated_Code/Cpu.o
                0x0000000000003684                PE_low_level_init
 .text.ExtIntLdd1_Init
                0x00000000000037c0       0x8c ./Generated_Code/ExtIntLdd1.o
                0x00000000000037c0                ExtIntLdd1_Init
 .text.ExtIntLdd1_Enable
                0x000000000000384c       0x38 ./Generated_Code/ExtIntLdd1.o
                0x000000000000384c                ExtIntLdd1_Enable
 .text.ExtIntLdd1_Disable
                0x0000000000003884       0x24 ./Generated_Code/ExtIntLdd1.o
                0x0000000000003884                ExtIntLdd1_Disable
 .text.ExtIntLdd1_Interrupt
                0x00000000000038a8       0x34 ./Generated_Code/ExtIntLdd1.o
                0x00000000000038a8                ExtIntLdd1_Interrupt
 .text.ExtIntLdd1_GetVal
                0x00000000000038dc       0x24 ./Generated_Code/ExtIntLdd1.o
                0x00000000000038dc                ExtIntLdd1_GetVal
 .text.ExtIntLdd2_Init
                0x0000000000003900       0x90 ./Generated_Code/ExtIntLdd2.o
                0x0000000000003900                ExtIntLdd2_Init
 .text.ExtIntLdd2_Enable
                0x0000000000003990       0x38 ./Generated_Code/ExtIntLdd2.o
                0x0000000000003990                ExtIntLdd2_Enable
 .text.ExtIntLdd2_Disable
                0x00000000000039c8       0x24 ./Generated_Code/ExtIntLdd2.o
                0x00000000000039c8                ExtIntLdd2_Disable
 .text.ExtIntLdd2_Interrupt
                0x00000000000039ec       0x40 ./Generated_Code/ExtIntLdd2.o
                0x00000000000039ec                ExtIntLdd2_Interrupt
 .text.ExtIntLdd2_GetVal
                0x0000000000003a2c       0x28 ./Generated_Code/ExtIntLdd2.o
                0x0000000000003a2c                ExtIntLdd2_GetVal
 .text.ExtIntLdd3_Init
                0x0000000000003a54       0x90 ./Generated_Code/ExtIntLdd3.o
                0x0000000000003a54                ExtIntLdd3_Init
 .text.ExtIntLdd3_Enable
                0x0000000000003ae4       0x38 ./Generated_Code/ExtIntLdd3.o
                0x0000000000003ae4                ExtIntLdd3_Enable
 .text.ExtIntLdd3_Disable
                0x0000000000003b1c       0x24 ./Generated_Code/ExtIntLdd3.o
                0x0000000000003b1c                ExtIntLdd3_Disable
 .text.ExtIntLdd3_Interrupt
                0x0000000000003b40       0x40 ./Generated_Code/ExtIntLdd3.o
                0x0000000000003b40                ExtIntLdd3_Interrupt
 .text.ExtIntLdd3_GetVal
                0x0000000000003b80       0x24 ./Generated_Code/ExtIntLdd3.o
                0x0000000000003b80                ExtIntLdd3_GetVal
 .text.ExtIntLdd4_Init
                0x0000000000003ba4       0x90 ./Generated_Code/ExtIntLdd4.o
                0x0000000000003ba4                ExtIntLdd4_Init
 .text.ExtIntLdd4_Enable
                0x0000000000003c34       0x38 ./Generated_Code/ExtIntLdd4.o
                0x0000000000003c34                ExtIntLdd4_Enable
 .text.ExtIntLdd4_Disable
                0x0000000000003c6c       0x24 ./Generated_Code/ExtIntLdd4.o
                0x0000000000003c6c                ExtIntLdd4_Disable
 .text.ExtIntLdd4_Interrupt
                0x0000000000003c90       0x40 ./Generated_Code/ExtIntLdd4.o
                0x0000000000003c90                ExtIntLdd4_Interrupt
 .text.ExtIntLdd4_GetVal
                0x0000000000003cd0       0x24 ./Generated_Code/ExtIntLdd4.o
                0x0000000000003cd0                ExtIntLdd4_GetVal
 .text.ExtIntLdd5_Init
                0x0000000000003cf4       0x90 ./Generated_Code/ExtIntLdd5.o
                0x0000000000003cf4                ExtIntLdd5_Init
 .text.ExtIntLdd5_Enable
                0x0000000000003d84       0x38 ./Generated_Code/ExtIntLdd5.o
                0x0000000000003d84                ExtIntLdd5_Enable
 .text.ExtIntLdd5_Disable
                0x0000000000003dbc       0x24 ./Generated_Code/ExtIntLdd5.o
                0x0000000000003dbc                ExtIntLdd5_Disable
 .text.ExtIntLdd5_Interrupt
                0x0000000000003de0       0x40 ./Generated_Code/ExtIntLdd5.o
                0x0000000000003de0                ExtIntLdd5_Interrupt
 .text.ExtIntLdd5_GetVal
                0x0000000000003e20       0x28 ./Generated_Code/ExtIntLdd5.o
                0x0000000000003e20                ExtIntLdd5_GetVal
 .text.PrintTaskList
                0x0000000000003e48      0x524 ./Generated_Code/FRTOS1.o
 .text.PrintStatus
                0x000000000000436c       0xf8 ./Generated_Code/FRTOS1.o
 .text.PrintHelp
                0x0000000000004464       0x60 ./Generated_Code/FRTOS1.o
 .text.FRTOS1_ParseCommand
                0x00000000000044c4       0xbc ./Generated_Code/FRTOS1.o
                0x00000000000044c4                FRTOS1_ParseCommand
 .text.HF1_HandlerC
                0x0000000000004580       0xd0 ./Generated_Code/HF1.o
                0x0000000000004580                HF1_HandlerC
 .text.HF1_HardFaultHandler
                0x0000000000004650       0x18 ./Generated_Code/HF1.o
                0x0000000000004650                HF1_HardFaultHandler
 .text.IFsh1_Init
                0x0000000000004668       0x2c ./Generated_Code/IFsh1.o
                0x0000000000004668                IFsh1_Init
 .text.IntFlashLdd1_Init
                0x0000000000004694       0x5c ./Generated_Code/IntFlashLdd1.o
                0x0000000000004694                IntFlashLdd1_Init
 .text.KIN1_UIDGet
                0x00000000000046f0       0xac ./Generated_Code/KIN1.o
                0x00000000000046f0                KIN1_UIDGet
 .text.RAPP_PutPayload
                0x000000000000479c       0x54 ./Generated_Code/RApp.o
                0x000000000000479c                RAPP_PutPayload
 .text.RAPP_SendPayloadDataBlock
                0x00000000000047f0       0x80 ./Generated_Code/RApp.o
                0x00000000000047f0                RAPP_SendPayloadDataBlock
 .text.IterateTable
                0x0000000000004870       0x70 ./Generated_Code/RApp.o
                0x0000000000004870                IterateTable
 .text.ParseMessage
                0x00000000000048e0       0x78 ./Generated_Code/RApp.o
 .text.RAPP_OnPacketRx
                0x0000000000004958       0x5c ./Generated_Code/RApp.o
 .text.RAPP_SetMessageHandlerTable
                0x00000000000049b4       0x1c ./Generated_Code/RApp.o
                0x00000000000049b4                RAPP_SetMessageHandlerTable
 .text.RAPP_SetThisNodeAddr
                0x00000000000049d0       0x20 ./Generated_Code/RApp.o
                0x00000000000049d0                RAPP_SetThisNodeAddr
 .text.RAPP_SniffPacket
                0x00000000000049f0      0x354 ./Generated_Code/RApp.o
                0x00000000000049f0                RAPP_SniffPacket
 .text.RAPP_Init
                0x0000000000004d44       0x20 ./Generated_Code/RApp.o
                0x0000000000004d44                RAPP_Init
 .text.RF1_ConfigureSPI
                0x0000000000004d64        0x8 ./Generated_Code/RF1.o
                0x0000000000004d64                RF1_ConfigureSPI
 .text.SPIWriteRead
                0x0000000000004d6c       0x64 ./Generated_Code/RF1.o
 .text.SPIWriteReadBuffer
                0x0000000000004dd0       0x5c ./Generated_Code/RF1.o
 .text.SPIWriteBuffer
                0x0000000000004e2c       0x4c ./Generated_Code/RF1.o
 .text.RF1_Init
                0x0000000000004e78       0x24 ./Generated_Code/RF1.o
                0x0000000000004e78                RF1_Init
 .text.RF1_WriteRegister
                0x0000000000004e9c       0x54 ./Generated_Code/RF1.o
                0x0000000000004e9c                RF1_WriteRegister
 .text.RF1_ReadRegister
                0x0000000000004ef0       0x54 ./Generated_Code/RF1.o
                0x0000000000004ef0                RF1_ReadRegister
 .text.RF1_ReadRegisterData
                0x0000000000004f44       0x58 ./Generated_Code/RF1.o
                0x0000000000004f44                RF1_ReadRegisterData
 .text.RF1_WriteRegisterData
                0x0000000000004f9c       0x58 ./Generated_Code/RF1.o
                0x0000000000004f9c                RF1_WriteRegisterData
 .text.RF1_WriteRead
                0x0000000000004ff4       0x4c ./Generated_Code/RF1.o
                0x0000000000004ff4                RF1_WriteRead
 .text.RF1_Write
                0x0000000000005040       0x40 ./Generated_Code/RF1.o
                0x0000000000005040                RF1_Write
 .text.RF1_GetStatus
                0x0000000000005080       0x14 ./Generated_Code/RF1.o
                0x0000000000005080                RF1_GetStatus
 .text.RF1_ResetStatusIRQ
                0x0000000000005094       0x20 ./Generated_Code/RF1.o
                0x0000000000005094                RF1_ResetStatusIRQ
 .text.RF1_GetStatusClrIRQ
                0x00000000000050b4       0x50 ./Generated_Code/RF1.o
                0x00000000000050b4                RF1_GetStatusClrIRQ
 .text.RF1_TxPayload
                0x0000000000005104       0x4c ./Generated_Code/RF1.o
                0x0000000000005104                RF1_TxPayload
 .text.RF1_RxPayload
                0x0000000000005150       0x3c ./Generated_Code/RF1.o
                0x0000000000005150                RF1_RxPayload
 .text.RF1_StopRxTx
                0x000000000000518c       0x18 ./Generated_Code/RF1.o
                0x000000000000518c                RF1_StopRxTx
 .text.RF1_StartRxTx
                0x00000000000051a4       0x18 ./Generated_Code/RF1.o
                0x00000000000051a4                RF1_StartRxTx
 .text.RF1_SetChannel
                0x00000000000051bc       0x28 ./Generated_Code/RF1.o
                0x00000000000051bc                RF1_SetChannel
 .text.RF1_GetChannel
                0x00000000000051e4       0x20 ./Generated_Code/RF1.o
                0x00000000000051e4                RF1_GetChannel
 .text.RF1_EnableAutoAck
                0x0000000000005204       0x28 ./Generated_Code/RF1.o
                0x0000000000005204                RF1_EnableAutoAck
 .text.RF1_ReadNofRxPayload
                0x000000000000522c       0x20 ./Generated_Code/RF1.o
                0x000000000000522c                RF1_ReadNofRxPayload
 .text.RF1_EnableDynamicPayloadLength
                0x000000000000524c       0x30 ./Generated_Code/RF1.o
                0x000000000000524c                RF1_EnableDynamicPayloadLength
 .text.RF1_WriteFeature
                0x000000000000527c       0x30 ./Generated_Code/RF1.o
                0x000000000000527c                RF1_WriteFeature
 .text.RF1_ReadObserveTxRegister
                0x00000000000052ac       0x40 ./Generated_Code/RF1.o
                0x00000000000052ac                RF1_ReadObserveTxRegister
 .text.RF1_SetOutputPower
                0x00000000000052ec       0xb8 ./Generated_Code/RF1.o
                0x00000000000052ec                RF1_SetOutputPower
 .text.RF1_GetOutputPower
                0x00000000000053a4       0x7c ./Generated_Code/RF1.o
                0x00000000000053a4                RF1_GetOutputPower
 .text.RF1_GetDataRate
                0x0000000000005420       0x68 ./Generated_Code/RF1.o
                0x0000000000005420                RF1_GetDataRate
 .text.RF1_PollInterrupt
                0x0000000000005488       0x38 ./Generated_Code/RF1.o
                0x0000000000005488                RF1_PollInterrupt
 .text.RF1_GetFifoStatus
                0x00000000000054c0       0x20 ./Generated_Code/RF1.o
                0x00000000000054c0                RF1_GetFifoStatus
 .text.RMAC_PutPayload
                0x00000000000054e0       0x74 ./Generated_Code/RMAC.o
                0x00000000000054e0                RMAC_PutPayload
 .text.RMAC_OnPacketRx
                0x0000000000005554       0x1c ./Generated_Code/RMAC.o
                0x0000000000005554                RMAC_OnPacketRx
 .text.RMAC_GetType
                0x0000000000005570       0x18 ./Generated_Code/RMAC.o
                0x0000000000005570                RMAC_GetType
 .text.RMAC_IsExpectedACK
                0x0000000000005588       0x28 ./Generated_Code/RMAC.o
                0x0000000000005588                RMAC_IsExpectedACK
 .text.RMAC_SniffPacket
                0x00000000000055b0       0x24 ./Generated_Code/RMAC.o
                0x00000000000055b0                RMAC_SniffPacket
 .text.RMAC_DecodeType
                0x00000000000055d4      0x128 ./Generated_Code/RMAC.o
                0x00000000000055d4                RMAC_DecodeType
 .text.RMAC_Init
                0x00000000000056fc       0x1c ./Generated_Code/RMAC.o
                0x00000000000056fc                RMAC_Init
 .text.RMSG_RxQueueNofItems
                0x0000000000005718       0x1c ./Generated_Code/RMSG.o
                0x0000000000005718                RMSG_RxQueueNofItems
 .text.RMSG_TxQueueNofItems
                0x0000000000005734       0x1c ./Generated_Code/RMSG.o
                0x0000000000005734                RMSG_TxQueueNofItems
 .text.RMSG_FlushRxQueue
                0x0000000000005750       0x28 ./Generated_Code/RMSG.o
                0x0000000000005750                RMSG_FlushRxQueue
 .text.RMSG_FlushTxQueue
                0x0000000000005778       0x28 ./Generated_Code/RMSG.o
                0x0000000000005778                RMSG_FlushTxQueue
 .text.RMSG_QueuePut
                0x00000000000057a0      0x110 ./Generated_Code/RMSG.o
                0x00000000000057a0                RMSG_QueuePut
 .text.RMSG_PutRetryTxMsg
                0x00000000000058b0       0x40 ./Generated_Code/RMSG.o
                0x00000000000058b0                RMSG_PutRetryTxMsg
 .text.RMSG_GetTxMsg
                0x00000000000058f0       0x40 ./Generated_Code/RMSG.o
                0x00000000000058f0                RMSG_GetTxMsg
 .text.RMSG_GetRxMsg
                0x0000000000005930       0x40 ./Generated_Code/RMSG.o
                0x0000000000005930                RMSG_GetRxMsg
 .text.RMSG_QueueTxMsg
                0x0000000000005970       0x44 ./Generated_Code/RMSG.o
                0x0000000000005970                RMSG_QueueTxMsg
 .text.RMSG_QueueRxMsg
                0x00000000000059b4       0x44 ./Generated_Code/RMSG.o
                0x00000000000059b4                RMSG_QueueRxMsg
 .text.RMSG_PrintHelp
                0x00000000000059f8       0x48 ./Generated_Code/RMSG.o
 .text.RMSG_PrintStatus
                0x0000000000005a40       0xa8 ./Generated_Code/RMSG.o
 .text.RMSG_ParseCommand
                0x0000000000005ae8       0xa0 ./Generated_Code/RMSG.o
                0x0000000000005ae8                RMSG_ParseCommand
 .text.RMSG_Init
                0x0000000000005b88       0x68 ./Generated_Code/RMSG.o
                0x0000000000005b88                RMSG_Init
 .text.RF1_OnInterrupt
                0x0000000000005bf0        0x8 ./Generated_Code/RNET1.o
                0x0000000000005bf0                RF1_OnInterrupt
 .text.RNET1_Init
                0x0000000000005bf8        0xc ./Generated_Code/RNET1.o
                0x0000000000005bf8                RNET1_Init
 .text.RNET1_Process
                0x0000000000005c04       0x10 ./Generated_Code/RNET1.o
                0x0000000000005c04                RNET1_Process
 .text.RNET1_PowerUp
                0x0000000000005c14       0x10 ./Generated_Code/RNET1.o
                0x0000000000005c14                RNET1_PowerUp
 .text.RNET1_ParseCommand
                0x0000000000005c24       0x28 ./Generated_Code/RNET1.o
                0x0000000000005c24                RNET1_ParseCommand
 .text.RNWK_GetThisNodeAddr
                0x0000000000005c4c       0x14 ./Generated_Code/RNWK.o
                0x0000000000005c4c                RNWK_GetThisNodeAddr
 .text.RNWK_SetThisNodeAddr
                0x0000000000005c60       0x24 ./Generated_Code/RNWK.o
                0x0000000000005c60                RNWK_SetThisNodeAddr
 .text.RNWK_SetAppOnPacketRxCallback
                0x0000000000005c84       0x1c ./Generated_Code/RNWK.o
                0x0000000000005c84                RNWK_SetAppOnPacketRxCallback
 .text.RNWK_PutPayload
                0x0000000000005ca0       0x58 ./Generated_Code/RNWK.o
                0x0000000000005ca0                RNWK_PutPayload
 .text.RNWK_OnPacketRx
                0x0000000000005cf8       0xb0 ./Generated_Code/RNWK.o
                0x0000000000005cf8                RNWK_OnPacketRx
 .text.RNWK_SniffPacket
                0x0000000000005da8       0x24 ./Generated_Code/RNWK.o
                0x0000000000005da8                RNWK_SniffPacket
 .text.PrintHelp
                0x0000000000005dcc       0x48 ./Generated_Code/RNWK.o
 .text.PrintStatus
                0x0000000000005e14       0x7c ./Generated_Code/RNWK.o
 .text.RNWK_ParseCommand
                0x0000000000005e90       0x94 ./Generated_Code/RNWK.o
                0x0000000000005e90                RNWK_ParseCommand
 .text.RNWK_Init
                0x0000000000005f24       0x1c ./Generated_Code/RNWK.o
                0x0000000000005f24                RNWK_Init
 .text.RPHY_FlushRxQueue
                0x0000000000005f40       0x10 ./Generated_Code/RPHY.o
                0x0000000000005f40                RPHY_FlushRxQueue
 .text.RPHY_FlushTxQueue
                0x0000000000005f50       0x10 ./Generated_Code/RPHY.o
                0x0000000000005f50                RPHY_FlushTxQueue
 .text.RPHY_GetPayload
                0x0000000000005f60       0x28 ./Generated_Code/RPHY.o
                0x0000000000005f60                RPHY_GetPayload
 .text.RPHY_OnPacketRx
                0x0000000000005f88       0x1c ./Generated_Code/RPHY.o
                0x0000000000005f88                RPHY_OnPacketRx
 .text.RPHY_PutPayload
                0x0000000000005fa4       0x30 ./Generated_Code/RPHY.o
                0x0000000000005fa4                RPHY_PutPayload
 .text.RPHY_SniffPacket
                0x0000000000005fd4       0x24 ./Generated_Code/RPHY.o
                0x0000000000005fd4                RPHY_SniffPacket
 .text.RPHY_Init
                0x0000000000005ff8        0x8 ./Generated_Code/RPHY.o
                0x0000000000005ff8                RPHY_Init
 .text.RSTACK_Init
                0x0000000000006000       0x24 ./Generated_Code/RStack.o
                0x0000000000006000                RSTACK_Init
 .text.AddToQueue
                0x0000000000006024       0x4c ./Generated_Code/RStdIO.o
 .text.RSTDIO_AddToQueue
                0x0000000000006070       0xd4 ./Generated_Code/RStdIO.o
                0x0000000000006070                RSTDIO_AddToQueue
 .text.RSTDIO_NofElements
                0x0000000000006144       0x1c ./Generated_Code/RStdIO.o
 .text.RSTDIO_NofInQueue
                0x0000000000006160       0xa8 ./Generated_Code/RStdIO.o
                0x0000000000006160                RSTDIO_NofInQueue
 .text.RSTDIO_ReceiveChar
                0x0000000000006208       0x38 ./Generated_Code/RStdIO.o
 .text.RSTDIO_ReceiveQueueChar
                0x0000000000006240       0x9c ./Generated_Code/RStdIO.o
                0x0000000000006240                RSTDIO_ReceiveQueueChar
 .text.RSTDIO_HandleStdioRxMessage
                0x00000000000062dc       0x80 ./Generated_Code/RStdIO.o
                0x00000000000062dc                RSTDIO_HandleStdioRxMessage
 .text.FlushAndTxQueue
                0x000000000000635c       0xfc ./Generated_Code/RStdIO.o
 .text.RSTDIO_TxStdInSendChar
                0x0000000000006458       0x3c ./Generated_Code/RStdIO.o
 .text.RSTDIO_TxStdOut
                0x0000000000006494       0x3c ./Generated_Code/RStdIO.o
 .text.RSTDIO_TxStdErr
                0x00000000000064d0       0x3c ./Generated_Code/RStdIO.o
 .text.RSTDIO_SendToTxStdio
                0x000000000000650c       0xa0 ./Generated_Code/RStdIO.o
                0x000000000000650c                RSTDIO_SendToTxStdio
 .text.RSTDIO_RxStdInReadChar
                0x00000000000065ac       0x1c ./Generated_Code/RStdIO.o
 .text.RSTDIO_RxStdInKeyPressed
                0x00000000000065c8       0x20 ./Generated_Code/RStdIO.o
 .text.RSTDIO_GetStdioRx
                0x00000000000065e8       0x10 ./Generated_Code/RStdIO.o
                0x00000000000065e8                RSTDIO_GetStdioRx
 .text.RSTDIO_Print
                0x00000000000065f8       0x74 ./Generated_Code/RStdIO.o
                0x00000000000065f8                RSTDIO_Print
 .text.RSTDIO_Init
                0x000000000000666c      0x14c ./Generated_Code/RStdIO.o
                0x000000000000666c                RSTDIO_Init
 .text.RTT1_Init
                0x00000000000067b8       0x30 ./Generated_Code/RTT1.o
                0x00000000000067b8                RTT1_Init
 .text.Err      0x00000000000067e8       0x20 ./Generated_Code/Radio.o
 .text.RADIO_OnInterrupt
                0x0000000000006808       0x14 ./Generated_Code/Radio.o
                0x0000000000006808                RADIO_OnInterrupt
 .text.RADIO_FlushQueues
                0x000000000000681c       0x38 ./Generated_Code/Radio.o
                0x000000000000681c                RADIO_FlushQueues
 .text.RADIO_Flush
                0x0000000000006854       0x18 ./Generated_Code/Radio.o
 .text.RADIO_PowerDown
                0x000000000000686c       0x24 ./Generated_Code/Radio.o
                0x000000000000686c                RADIO_PowerDown
 .text.CheckTx  0x0000000000006890       0x9c ./Generated_Code/Radio.o
 .text.CheckRx  0x000000000000692c      0x164 ./Generated_Code/Radio.o
 .text.RADIO_HandleStateMachine
                0x0000000000006a90      0x1e4 ./Generated_Code/Radio.o
 .text.RADIO_SetChannel
                0x0000000000006c74       0x2c ./Generated_Code/Radio.o
                0x0000000000006c74                RADIO_SetChannel
 .text.RADIO_PowerUp
                0x0000000000006ca0       0xa4 ./Generated_Code/Radio.o
                0x0000000000006ca0                RADIO_PowerUp
 .text.RADIO_Process
                0x0000000000006d44       0x4c ./Generated_Code/Radio.o
                0x0000000000006d44                RADIO_Process
 .text.RadioStateStr
                0x0000000000006d90       0x6c ./Generated_Code/Radio.o
 .text.RADIO_PrintHelp
                0x0000000000006dfc       0xe0 ./Generated_Code/Radio.o
 .text.RadioPrintRegisters
                0x0000000000006edc       0xa0 ./Generated_Code/Radio.o
 .text.RADIO_PrintStatus
                0x0000000000006f7c      0x538 ./Generated_Code/Radio.o
 .text.RADIO_ParseCommand
                0x00000000000074b4      0x308 ./Generated_Code/Radio.o
                0x00000000000074b4                RADIO_ParseCommand
 .text.RADIO_Init
                0x00000000000077bc       0x1c ./Generated_Code/Radio.o
                0x00000000000077bc                RADIO_Init
 .text._DoInit  0x00000000000077d8       0xb0 ./Generated_Code/SEGGER_RTT.o
 .text.SEGGER_RTT_ReadNoLock
                0x0000000000007888       0xfc ./Generated_Code/SEGGER_RTT.o
                0x0000000000007888                SEGGER_RTT_ReadNoLock
 .text.SEGGER_RTT_WriteSkipNoLock
                0x0000000000007984      0x14c ./Generated_Code/SEGGER_RTT.o
                0x0000000000007984                SEGGER_RTT_WriteSkipNoLock
 .text.SEGGER_RTT_ConfigUpBuffer
                0x0000000000007ad0       0xc4 ./Generated_Code/SEGGER_RTT.o
                0x0000000000007ad0                SEGGER_RTT_ConfigUpBuffer
 .text.SEGGER_RTT_ConfigDownBuffer
                0x0000000000007b94       0xc8 ./Generated_Code/SEGGER_RTT.o
                0x0000000000007b94                SEGGER_RTT_ConfigDownBuffer
 .text.SEGGER_RTT_Init
                0x0000000000007c5c       0x18 ./Generated_Code/SEGGER_RTT.o
                0x0000000000007c5c                SEGGER_RTT_Init
 .text._EncodeStr
                0x0000000000007c74       0x54 ./Generated_Code/SEGGER_SYSVIEW.o
 .text._PreparePacket
                0x0000000000007cc8       0x14 ./Generated_Code/SEGGER_SYSVIEW.o
 .text._HandleIncomingPacket
                0x0000000000007cdc       0xb0 ./Generated_Code/SEGGER_SYSVIEW.o
 .text._TrySendOverflowPacket
                0x0000000000007d8c       0xe4 ./Generated_Code/SEGGER_SYSVIEW.o
 .text._SendPacket
                0x0000000000007e70      0x184 ./Generated_Code/SEGGER_SYSVIEW.o
 .text.SEGGER_SYSVIEW_Init
                0x0000000000007ff4       0x84 ./Generated_Code/SEGGER_SYSVIEW.o
                0x0000000000007ff4                SEGGER_SYSVIEW_Init
 .text.SEGGER_SYSVIEW_SetRAMBase
                0x0000000000008078       0x18 ./Generated_Code/SEGGER_SYSVIEW.o
                0x0000000000008078                SEGGER_SYSVIEW_SetRAMBase
 .text.SEGGER_SYSVIEW_RecordVoid
                0x0000000000008090       0x2c ./Generated_Code/SEGGER_SYSVIEW.o
                0x0000000000008090                SEGGER_SYSVIEW_RecordVoid
 .text.SEGGER_SYSVIEW_RecordU32
                0x00000000000080bc       0x6c ./Generated_Code/SEGGER_SYSVIEW.o
                0x00000000000080bc                SEGGER_SYSVIEW_RecordU32
 .text.SEGGER_SYSVIEW_RecordU32x2
                0x0000000000008128       0xa8 ./Generated_Code/SEGGER_SYSVIEW.o
                0x0000000000008128                SEGGER_SYSVIEW_RecordU32x2
 .text.SEGGER_SYSVIEW_RecordU32x3
                0x00000000000081d0       0xe4 ./Generated_Code/SEGGER_SYSVIEW.o
                0x00000000000081d0                SEGGER_SYSVIEW_RecordU32x3
 .text.SEGGER_SYSVIEW_Start
                0x00000000000082b4      0x154 ./Generated_Code/SEGGER_SYSVIEW.o
                0x00000000000082b4                SEGGER_SYSVIEW_Start
 .text.SEGGER_SYSVIEW_Stop
                0x0000000000008408       0x38 ./Generated_Code/SEGGER_SYSVIEW.o
                0x0000000000008408                SEGGER_SYSVIEW_Stop
 .text.SEGGER_SYSVIEW_GetSysDesc
                0x0000000000008440      0x134 ./Generated_Code/SEGGER_SYSVIEW.o
                0x0000000000008440                SEGGER_SYSVIEW_GetSysDesc
 .text.SEGGER_SYSVIEW_SendTaskInfo
                0x0000000000008574      0x1dc ./Generated_Code/SEGGER_SYSVIEW.o
                0x0000000000008574                SEGGER_SYSVIEW_SendTaskInfo
 .text.SEGGER_SYSVIEW_SendTaskList
                0x0000000000008750       0x34 ./Generated_Code/SEGGER_SYSVIEW.o
                0x0000000000008750                SEGGER_SYSVIEW_SendTaskList
 .text.SEGGER_SYSVIEW_SendSysDesc
                0x0000000000008784       0x50 ./Generated_Code/SEGGER_SYSVIEW.o
                0x0000000000008784                SEGGER_SYSVIEW_SendSysDesc
 .text.SEGGER_SYSVIEW_RecordSystime
                0x00000000000087d4       0x64 ./Generated_Code/SEGGER_SYSVIEW.o
                0x00000000000087d4                SEGGER_SYSVIEW_RecordSystime
 .text.SEGGER_SYSVIEW_RecordEnterISR
                0x0000000000008838       0x74 ./Generated_Code/SEGGER_SYSVIEW.o
                0x0000000000008838                SEGGER_SYSVIEW_RecordEnterISR
 .text.SEGGER_SYSVIEW_RecordExitISR
                0x00000000000088ac       0x28 ./Generated_Code/SEGGER_SYSVIEW.o
                0x00000000000088ac                SEGGER_SYSVIEW_RecordExitISR
 .text.SEGGER_SYSVIEW_OnIdle
                0x00000000000088d4       0x28 ./Generated_Code/SEGGER_SYSVIEW.o
                0x00000000000088d4                SEGGER_SYSVIEW_OnIdle
 .text.SEGGER_SYSVIEW_OnTaskCreate
                0x00000000000088fc       0x78 ./Generated_Code/SEGGER_SYSVIEW.o
                0x00000000000088fc                SEGGER_SYSVIEW_OnTaskCreate
 .text.SEGGER_SYSVIEW_OnTaskStartExec
                0x0000000000008974       0x78 ./Generated_Code/SEGGER_SYSVIEW.o
                0x0000000000008974                SEGGER_SYSVIEW_OnTaskStartExec
 .text.SEGGER_SYSVIEW_OnTaskStartReady
                0x00000000000089ec       0x78 ./Generated_Code/SEGGER_SYSVIEW.o
                0x00000000000089ec                SEGGER_SYSVIEW_OnTaskStartReady
 .text.SEGGER_SYSVIEW_OnTaskStopReady
                0x0000000000008a64       0xb4 ./Generated_Code/SEGGER_SYSVIEW.o
                0x0000000000008a64                SEGGER_SYSVIEW_OnTaskStopReady
 .text.SEGGER_SYSVIEW_SendPacket
                0x0000000000008b18       0x28 ./Generated_Code/SEGGER_SYSVIEW.o
                0x0000000000008b18                SEGGER_SYSVIEW_SendPacket
 .text.SEGGER_SYSVIEW_EncodeU32
                0x0000000000008b40       0x50 ./Generated_Code/SEGGER_SYSVIEW.o
                0x0000000000008b40                SEGGER_SYSVIEW_EncodeU32
 .text.SEGGER_SYSVIEW_ShrinkId
                0x0000000000008b90       0x20 ./Generated_Code/SEGGER_SYSVIEW.o
                0x0000000000008b90                SEGGER_SYSVIEW_ShrinkId
 .text.SEGGER_SYSVIEW_SendModule
                0x0000000000008bb0      0x1b8 ./Generated_Code/SEGGER_SYSVIEW.o
                0x0000000000008bb0                SEGGER_SYSVIEW_SendModule
 .text.SEGGER_SYSVIEW_SendModuleDescription
                0x0000000000008d68       0x38 ./Generated_Code/SEGGER_SYSVIEW.o
                0x0000000000008d68                SEGGER_SYSVIEW_SendModuleDescription
 .text.SEGGER_SYSVIEW_SendNumModules
                0x0000000000008da0       0x6c ./Generated_Code/SEGGER_SYSVIEW.o
                0x0000000000008da0                SEGGER_SYSVIEW_SendNumModules
 .text.SEGGER_SYSVIEW_Warn
                0x0000000000008e0c      0x134 ./Generated_Code/SEGGER_SYSVIEW.o
                0x0000000000008e0c                SEGGER_SYSVIEW_Warn
 .text.SEGGER_SYSVIEW_X_GetTimestamp
                0x0000000000008f40       0x58 ./Generated_Code/SEGGER_SYSVIEW_Config.o
                0x0000000000008f40                SEGGER_SYSVIEW_X_GetTimestamp
 .text._cbSendSystemDesc
                0x0000000000008f98       0x20 ./Generated_Code/SEGGER_SYSVIEW_Config.o
 .text.SEGGER_SYSVIEW_Conf
                0x0000000000008fb8       0x30 ./Generated_Code/SEGGER_SYSVIEW_Config.o
                0x0000000000008fb8                SEGGER_SYSVIEW_Conf
 .text._cbSendTaskList
                0x0000000000008fe8       0xb0 ./Generated_Code/SEGGER_SYSVIEW_FreeRTOS.o
 .text._cbGetTime
                0x0000000000009098       0x40 ./Generated_Code/SEGGER_SYSVIEW_FreeRTOS.o
 .text.SYSVIEW_AddTask
                0x00000000000090d8       0xb4 ./Generated_Code/SEGGER_SYSVIEW_FreeRTOS.o
                0x00000000000090d8                SYSVIEW_AddTask
 .text.SYSVIEW_SendTaskInfo
                0x000000000000918c       0x54 ./Generated_Code/SEGGER_SYSVIEW_FreeRTOS.o
                0x000000000000918c                SYSVIEW_SendTaskInfo
 .text.SYSVIEW_RecordU32x4
                0x00000000000091e0       0x70 ./Generated_Code/SEGGER_SYSVIEW_FreeRTOS.o
                0x00000000000091e0                SYSVIEW_RecordU32x4
 .text.SM1_RecvChar
                0x0000000000009250       0xd0 ./Generated_Code/SM1.o
                0x0000000000009250                SM1_RecvChar
 .text.SM1_SendChar
                0x0000000000009320       0xec ./Generated_Code/SM1.o
                0x0000000000009320                SM1_SendChar
 .text.SM1_GetCharsInRxBuf
                0x000000000000940c       0x14 ./Generated_Code/SM1.o
                0x000000000000940c                SM1_GetCharsInRxBuf
 .text.SM1_GetCharsInTxBuf
                0x0000000000009420       0x14 ./Generated_Code/SM1.o
                0x0000000000009420                SM1_GetCharsInTxBuf
 .text.SM1_Init
                0x0000000000009434       0x7c ./Generated_Code/SM1.o
                0x0000000000009434                SM1_Init
 .text.SMasterLdd2_OnBlockReceived
                0x00000000000094b0       0x94 ./Generated_Code/SM1.o
                0x00000000000094b0                SMasterLdd2_OnBlockReceived
 .text.SMasterLdd2_OnBlockSent
                0x0000000000009544       0x8c ./Generated_Code/SM1.o
                0x0000000000009544                SMasterLdd2_OnBlockSent
 .text.SMasterLdd2_Init
                0x00000000000095d0      0x108 ./Generated_Code/SMasterLdd2.o
                0x00000000000095d0                SMasterLdd2_Init
 .text.SMasterLdd2_ReceiveBlock
                0x00000000000096d8       0x68 ./Generated_Code/SMasterLdd2.o
                0x00000000000096d8                SMasterLdd2_ReceiveBlock
 .text.SMasterLdd2_SendBlock
                0x0000000000009740       0x54 ./Generated_Code/SMasterLdd2.o
                0x0000000000009740                SMasterLdd2_SendBlock
 .text.SMasterLdd2_Interrupt
                0x0000000000009794       0xe0 ./Generated_Code/SMasterLdd2.o
                0x0000000000009794                SMasterLdd2_Interrupt
 .text.ExtIntLdd1_OnInterrupt
                0x0000000000009874       0x14 ./Generated_Code/SW1.o
                0x0000000000009874                ExtIntLdd1_OnInterrupt
 .text.ExtIntLdd2_OnInterrupt
                0x0000000000009888       0x14 ./Generated_Code/SW2.o
                0x0000000000009888                ExtIntLdd2_OnInterrupt
 .text.ExtIntLdd3_OnInterrupt
                0x000000000000989c       0x14 ./Generated_Code/SW3.o
                0x000000000000989c                ExtIntLdd3_OnInterrupt
 .text.ExtIntLdd4_OnInterrupt
                0x00000000000098b0       0x14 ./Generated_Code/SW4.o
                0x00000000000098b0                ExtIntLdd4_OnInterrupt
 .text.ExtIntLdd5_OnInterrupt
                0x00000000000098c4       0x14 ./Generated_Code/SW7.o
                0x00000000000098c4                ExtIntLdd5_OnInterrupt
 .text.SYS1_Init
                0x00000000000098d8        0xc ./Generated_Code/SYS1.o
                0x00000000000098d8                SYS1_Init
 .text.UTIL1_strcpy
                0x00000000000098e4       0x44 ./Generated_Code/UTIL1.o
                0x00000000000098e4                UTIL1_strcpy
 .text.UTIL1_strcat
                0x0000000000009928       0x60 ./Generated_Code/UTIL1.o
                0x0000000000009928                UTIL1_strcat
 .text.UTIL1_chcat
                0x0000000000009988       0x50 ./Generated_Code/UTIL1.o
                0x0000000000009988                UTIL1_chcat
 .text.UTIL1_Num8uToStr
                0x00000000000099d8       0x28 ./Generated_Code/UTIL1.o
                0x00000000000099d8                UTIL1_Num8uToStr
 .text.UTIL1_Num8sToStr
                0x0000000000009a00       0x2c ./Generated_Code/UTIL1.o
                0x0000000000009a00                UTIL1_Num8sToStr
 .text.UTIL1_Num16uToStr
                0x0000000000009a2c      0x130 ./Generated_Code/UTIL1.o
                0x0000000000009a2c                UTIL1_Num16uToStr
 .text.UTIL1_Num16sToStr
                0x0000000000009b5c      0x1a8 ./Generated_Code/UTIL1.o
                0x0000000000009b5c                UTIL1_Num16sToStr
 .text.UTIL1_strcatNum8u
                0x0000000000009d04       0x38 ./Generated_Code/UTIL1.o
                0x0000000000009d04                UTIL1_strcatNum8u
 .text.UTIL1_strcatNum16u
                0x0000000000009d3c       0x38 ./Generated_Code/UTIL1.o
                0x0000000000009d3c                UTIL1_strcatNum16u
 .text.UTIL1_strcatNum16s
                0x0000000000009d74       0x3c ./Generated_Code/UTIL1.o
                0x0000000000009d74                UTIL1_strcatNum16s
 .text.UTIL1_strcatNum8Hex
                0x0000000000009db0       0x88 ./Generated_Code/UTIL1.o
                0x0000000000009db0                UTIL1_strcatNum8Hex
 .text.UTIL1_strcatNum32Hex
                0x0000000000009e38       0x88 ./Generated_Code/UTIL1.o
                0x0000000000009e38                UTIL1_strcatNum32Hex
 .text.UTIL1_strcatNum32s
                0x0000000000009ec0       0x34 ./Generated_Code/UTIL1.o
                0x0000000000009ec0                UTIL1_strcatNum32s
 .text.UTIL1_strcatNum32u
                0x0000000000009ef4       0x34 ./Generated_Code/UTIL1.o
                0x0000000000009ef4                UTIL1_strcatNum32u
 .text.UTIL1_Num32sToStr
                0x0000000000009f28      0x184 ./Generated_Code/UTIL1.o
                0x0000000000009f28                UTIL1_Num32sToStr
 .text.UTIL1_Num32uToStr
                0x000000000000a0ac      0x120 ./Generated_Code/UTIL1.o
                0x000000000000a0ac                UTIL1_Num32uToStr
 .text.UTIL1_xatoi
                0x000000000000a1cc      0x1f0 ./Generated_Code/UTIL1.o
                0x000000000000a1cc                UTIL1_xatoi
 .text.UTIL1_ScanDecimal8uNumber
                0x000000000000a3bc       0xa8 ./Generated_Code/UTIL1.o
                0x000000000000a3bc                UTIL1_ScanDecimal8uNumber
 .text.UTIL1_ScanDecimal8sNumber
                0x000000000000a464       0xa8 ./Generated_Code/UTIL1.o
                0x000000000000a464                UTIL1_ScanDecimal8sNumber
 .text.PreScanHexNumber
                0x000000000000a50c       0x54 ./Generated_Code/UTIL1.o
 .text.HexToDec
                0x000000000000a560       0xb0 ./Generated_Code/UTIL1.o
 .text.UTIL1_ScanHex16uNumber
                0x000000000000a610       0x98 ./Generated_Code/UTIL1.o
                0x000000000000a610                UTIL1_ScanHex16uNumber
 .text.UTIL1_ScanHex8uNumber
                0x000000000000a6a8       0x98 ./Generated_Code/UTIL1.o
                0x000000000000a6a8                UTIL1_ScanHex8uNumber
 .text.UTIL1_strcatPad
                0x000000000000a740       0xcc ./Generated_Code/UTIL1.o
                0x000000000000a740                UTIL1_strcatPad
 .text.WAIT1_Wait10Cycles
                0x000000000000a80c        0x8 ./Generated_Code/WAIT1.o
                0x000000000000a80c                WAIT1_Wait10Cycles
 .text.WAIT1_Wait100Cycles
                0x000000000000a814       0x18 ./Generated_Code/WAIT1.o
                0x000000000000a814                WAIT1_Wait100Cycles
 .text.WAIT1_WaitCycles
                0x000000000000a82c       0x44 ./Generated_Code/WAIT1.o
                0x000000000000a82c                WAIT1_WaitCycles
 .text.pvPortMalloc
                0x000000000000a870      0x154 ./Generated_Code/heap_4.o
                0x000000000000a870                pvPortMalloc
 .text.vPortFree
                0x000000000000a9c4       0x8c ./Generated_Code/heap_4.o
                0x000000000000a9c4                vPortFree
 .text.xPortGetFreeHeapSize
                0x000000000000aa50       0x14 ./Generated_Code/heap_4.o
                0x000000000000aa50                xPortGetFreeHeapSize
 .text.prvHeapInit
                0x000000000000aa64       0xbc ./Generated_Code/heap_4.o
 .text.prvInsertBlockIntoFreeList
                0x000000000000ab20       0xac ./Generated_Code/heap_4.o
 .text.vListInitialise
                0x000000000000abcc       0x3c ./Generated_Code/list.o
                0x000000000000abcc                vListInitialise
 .text.vListInitialiseItem
                0x000000000000ac08       0x14 ./Generated_Code/list.o
                0x000000000000ac08                vListInitialiseItem
 .text.vListInsertEnd
                0x000000000000ac1c       0x44 ./Generated_Code/list.o
                0x000000000000ac1c                vListInsertEnd
 .text.vListInsert
                0x000000000000ac60       0x6c ./Generated_Code/list.o
                0x000000000000ac60                vListInsert
 .text.uxListRemove
                0x000000000000accc       0x50 ./Generated_Code/list.o
                0x000000000000accc                uxListRemove
 .text.pxPortInitialiseStack
                0x000000000000ad1c       0x50 ./Generated_Code/port.o
                0x000000000000ad1c                pxPortInitialiseStack
 .text.vPortInitTickTimer
                0x000000000000ad6c       0x3c ./Generated_Code/port.o
                0x000000000000ad6c                vPortInitTickTimer
 .text.vPortStartTickTimer
                0x000000000000ada8       0x14 ./Generated_Code/port.o
                0x000000000000ada8                vPortStartTickTimer
 .text.vPortStopTickTimer
                0x000000000000adbc       0x14 ./Generated_Code/port.o
                0x000000000000adbc                vPortStopTickTimer
 .text.xPortStartScheduler
                0x000000000000add0       0x34 ./Generated_Code/port.o
                0x000000000000add0                xPortStartScheduler
 .text.vPortEnterCritical
                0x000000000000ae04       0x20 ./Generated_Code/port.o
                0x000000000000ae04                vPortEnterCritical
 .text.vPortExitCritical
                0x000000000000ae24       0x20 ./Generated_Code/port.o
                0x000000000000ae24                vPortExitCritical
 .text.vPortYieldFromISR
                0x000000000000ae44       0x1c ./Generated_Code/port.o
                0x000000000000ae44                vPortYieldFromISR
 .text.vPortTickHandler
                0x000000000000ae60       0x28 ./Generated_Code/port.o
                0x000000000000ae60                vPortTickHandler
 .text.vPortStartFirstTask
                0x000000000000ae88       0x1c ./Generated_Code/port.o
                0x000000000000ae88                vPortStartFirstTask
 .text.vPortSVCHandler
                0x000000000000aea4       0x28 ./Generated_Code/port.o
                0x000000000000aea4                vPortSVCHandler
 .text.vPortPendSVHandler
                0x000000000000aecc       0x44 ./Generated_Code/port.o
                0x000000000000aecc                vPortPendSVHandler
 .text.xQueueGenericReset
                0x000000000000af10       0xac ./Generated_Code/queue.o
                0x000000000000af10                xQueueGenericReset
 .text.xQueueGenericCreate
                0x000000000000afbc       0xa4 ./Generated_Code/queue.o
                0x000000000000afbc                xQueueGenericCreate
 .text.xQueueGenericSend
                0x000000000000b060      0x1d8 ./Generated_Code/queue.o
                0x000000000000b060                xQueueGenericSend
 .text.xQueueGenericSendFromISR
                0x000000000000b238       0xf8 ./Generated_Code/queue.o
                0x000000000000b238                xQueueGenericSendFromISR
 .text.xQueueGenericReceive
                0x000000000000b330      0x244 ./Generated_Code/queue.o
                0x000000000000b330                xQueueGenericReceive
 .text.uxQueueMessagesWaiting
                0x000000000000b574       0x2c ./Generated_Code/queue.o
                0x000000000000b574                uxQueueMessagesWaiting
 .text.prvCopyDataToQueue
                0x000000000000b5a0       0xe0 ./Generated_Code/queue.o
 .text.prvCopyDataFromQueue
                0x000000000000b680       0x50 ./Generated_Code/queue.o
 .text.prvUnlockQueue
                0x000000000000b6d0       0x98 ./Generated_Code/queue.o
 .text.prvIsQueueEmpty
                0x000000000000b768       0x2c ./Generated_Code/queue.o
 .text.prvIsQueueFull
                0x000000000000b794       0x30 ./Generated_Code/queue.o
 .text.vQueueAddToRegistry
                0x000000000000b7c4       0x60 ./Generated_Code/queue.o
                0x000000000000b7c4                vQueueAddToRegistry
 .text.xTaskGenericCreate
                0x000000000000b824      0x1b0 ./Generated_Code/tasks.o
                0x000000000000b824                xTaskGenericCreate
 .text.vTaskDelay
                0x000000000000b9d4       0x70 ./Generated_Code/tasks.o
                0x000000000000b9d4                vTaskDelay
 .text.vTaskStartScheduler
                0x000000000000ba44       0x74 ./Generated_Code/tasks.o
                0x000000000000ba44                vTaskStartScheduler
 .text.vTaskSuspendAll
                0x000000000000bab8       0x18 ./Generated_Code/tasks.o
                0x000000000000bab8                vTaskSuspendAll
 .text.xTaskResumeAll
                0x000000000000bad0      0x110 ./Generated_Code/tasks.o
                0x000000000000bad0                xTaskResumeAll
 .text.xTaskGetTickCount
                0x000000000000bbe0       0x24 ./Generated_Code/tasks.o
                0x000000000000bbe0                xTaskGetTickCount
 .text.xTaskGetTickCountFromISR
                0x000000000000bc04       0x24 ./Generated_Code/tasks.o
                0x000000000000bc04                xTaskGetTickCountFromISR
 .text.uxTaskGetNumberOfTasks
                0x000000000000bc28       0x14 ./Generated_Code/tasks.o
                0x000000000000bc28                uxTaskGetNumberOfTasks
 .text.uxTaskGetSystemState
                0x000000000000bc3c       0xfc ./Generated_Code/tasks.o
                0x000000000000bc3c                uxTaskGetSystemState
 .text.xTaskIncrementTick
                0x000000000000bd38      0x184 ./Generated_Code/tasks.o
                0x000000000000bd38                xTaskIncrementTick
 .text.vTaskSwitchContext
                0x000000000000bebc       0xe4 ./Generated_Code/tasks.o
                0x000000000000bebc                vTaskSwitchContext
 .text.vTaskPlaceOnEventList
                0x000000000000bfa0       0x78 ./Generated_Code/tasks.o
                0x000000000000bfa0                vTaskPlaceOnEventList
 .text.xTaskRemoveFromEventList
                0x000000000000c018       0xc0 ./Generated_Code/tasks.o
                0x000000000000c018                xTaskRemoveFromEventList
 .text.vTaskSetTimeOutState
                0x000000000000c0d8       0x30 ./Generated_Code/tasks.o
                0x000000000000c0d8                vTaskSetTimeOutState
 .text.xTaskCheckForTimeOut
                0x000000000000c108       0x9c ./Generated_Code/tasks.o
                0x000000000000c108                xTaskCheckForTimeOut
 .text.vTaskMissedYield
                0x000000000000c1a4       0x14 ./Generated_Code/tasks.o
                0x000000000000c1a4                vTaskMissedYield
 .text.prvIdleTask
                0x000000000000c1b8       0x24 ./Generated_Code/tasks.o
 .text.prvInitialiseTCBVariables
                0x000000000000c1dc       0xa4 ./Generated_Code/tasks.o
 .text.prvInitialiseTaskLists
                0x000000000000c280       0x88 ./Generated_Code/tasks.o
 .text.prvCheckTasksWaitingTermination
                0x000000000000c308       0x74 ./Generated_Code/tasks.o
 .text.prvAddCurrentTaskToDelayedList
                0x000000000000c37c       0x84 ./Generated_Code/tasks.o
 .text.prvAllocateTCBAndStack
                0x000000000000c400       0x78 ./Generated_Code/tasks.o
 .text.prvListTaskWithinSingleList
                0x000000000000c478      0x11c ./Generated_Code/tasks.o
 .text.prvTaskCheckFreeStackSpace
                0x000000000000c594       0x34 ./Generated_Code/tasks.o
 .text.uxTaskGetStackHighWaterMark
                0x000000000000c5c8       0x38 ./Generated_Code/tasks.o
                0x000000000000c5c8                uxTaskGetStackHighWaterMark
 .text.prvDeleteTCB
                0x000000000000c600       0x20 ./Generated_Code/tasks.o
 .text.prvResetNextTaskUnblockTime
                0x000000000000c620       0x44 ./Generated_Code/tasks.o
 .text.xTaskGetSchedulerState
                0x000000000000c664       0x38 ./Generated_Code/tasks.o
                0x000000000000c664                xTaskGetSchedulerState
 .text.vTaskPriorityInherit
                0x000000000000c69c       0xc4 ./Generated_Code/tasks.o
                0x000000000000c69c                vTaskPriorityInherit
 .text.xTaskPriorityDisinherit
                0x000000000000c760       0xc0 ./Generated_Code/tasks.o
                0x000000000000c760                xTaskPriorityDisinherit
 .text.pvTaskIncrementMutexHeldCount
                0x000000000000c820       0x24 ./Generated_Code/tasks.o
                0x000000000000c820                pvTaskIncrementMutexHeldCount
 .text.exit     0x000000000000c844       0x2c /Applications/KDS_3.0.0.app/Contents/toolchain/bin/../lib/gcc/arm-none-eabi/4.8.4/../../../../arm-none-eabi/lib/armv6-m/libg_s.a(lib_a-exit.o)
                0x000000000000c844                exit
 .text.__libc_init_array
                0x000000000000c870       0x4c /Applications/KDS_3.0.0.app/Contents/toolchain/bin/../lib/gcc/arm-none-eabi/4.8.4/../../../../arm-none-eabi/lib/armv6-m/libg_s.a(lib_a-init.o)
                0x000000000000c870                __libc_init_array
 .text.memcpy   0x000000000000c8bc       0x12 /Applications/KDS_3.0.0.app/Contents/toolchain/bin/../lib/gcc/arm-none-eabi/4.8.4/../../../../arm-none-eabi/lib/armv6-m/libg_s.a(lib_a-memcpy-stub.o)
                0x000000000000c8bc                memcpy
 .text.memset   0x000000000000c8ce       0x10 /Applications/KDS_3.0.0.app/Contents/toolchain/bin/../lib/gcc/arm-none-eabi/4.8.4/../../../../arm-none-eabi/lib/armv6-m/libg_s.a(lib_a-memset.o)
                0x000000000000c8ce                memset
 .text.strlen   0x000000000000c8de        0xe /Applications/KDS_3.0.0.app/Contents/toolchain/bin/../lib/gcc/arm-none-eabi/4.8.4/../../../../arm-none-eabi/lib/armv6-m/libg_s.a(lib_a-strlen.o)
                0x000000000000c8de                strlen
 .text.strncmp  0x000000000000c8ec       0x2c /Applications/KDS_3.0.0.app/Contents/toolchain/bin/../lib/gcc/arm-none-eabi/4.8.4/../../../../arm-none-eabi/lib/armv6-m/libg_s.a(lib_a-strncmp.o)
                0x000000000000c8ec                strncmp
 .text._exit    0x000000000000c918        0x4 /Applications/KDS_3.0.0.app/Contents/toolchain/bin/../lib/gcc/arm-none-eabi/4.8.4/../../../../arm-none-eabi/lib/armv6-m/libnosys.a(_exit.o)
                0x000000000000c918                _exit
 *(.rodata)
 .rodata        0x000000000000c91c       0x10 ./Sources/Application.o
 .rodata        0x000000000000c92c      0x234 ./Sources/RNet_App.o
 .rodata        0x000000000000cb60        0x8 ./Sources/RTOS.o
 .rodata        0x000000000000cb68       0xb8 ./Sources/Shell.o
 .rodata        0x000000000000cc20        0xc ./Sources/ShellQueue.o
 .rodata        0x000000000000cc2c      0x178 ./Generated_Code/CLS1.o
 .rodata        0x000000000000cda4      0x190 ./Generated_Code/FRTOS1.o
 .rodata        0x000000000000cf34       0x98 ./Generated_Code/RApp.o
 .rodata        0x000000000000cfcc       0x20 ./Generated_Code/RMAC.o
 .rodata        0x000000000000cfec       0xb4 ./Generated_Code/RMSG.o
 .rodata        0x000000000000d0a0       0x84 ./Generated_Code/RNWK.o
 .rodata        0x000000000000d124       0x48 ./Generated_Code/RStdIO.o
 .rodata        0x000000000000d16c      0x4e8 ./Generated_Code/Radio.o
 .rodata        0x000000000000d654       0x18 ./Generated_Code/SEGGER_RTT.o
 .rodata        0x000000000000d66c        0x8 ./Generated_Code/SEGGER_SYSVIEW.o
 .rodata        0x000000000000d674       0x3c ./Generated_Code/SEGGER_SYSVIEW_Config.o
 .rodata        0x000000000000d6b0       0x50 ./Generated_Code/SEGGER_SYSVIEW_FreeRTOS.o
 .rodata        0x000000000000d700       0x18 ./Generated_Code/UTIL1.o
 .rodata        0x000000000000d718       0x10 ./Generated_Code/tasks.o
 *(.rodata*)
 .rodata.handlerTable
                0x000000000000d728        0xc ./Sources/RNet_App.o
 .rodata.led1.7062
                0x000000000000d734        0x4 ./Sources/RTOS.o
 .rodata.CmdParserTable
                0x000000000000d738       0x18 ./Sources/Shell.o
 .rodata.CLS1_stdio
                0x000000000000d750       0x10 ./Generated_Code/CLS1.o
 .rodata.CmdParserTable.7235
                0x000000000000d760       0x10 ./Generated_Code/RNET1.o
 .rodata.RSTDIO_AddToQueue
                0x000000000000d770       0x18 ./Generated_Code/RStdIO.o
 .rodata.RSTDIO_NofInQueue
                0x000000000000d788       0x18 ./Generated_Code/RStdIO.o
 .rodata.RSTDIO_ReceiveQueueChar
                0x000000000000d7a0       0x18 ./Generated_Code/RStdIO.o
 .rodata.RSTDIO_stdioRx.7399
                0x000000000000d7b8       0x10 ./Generated_Code/RStdIO.o
 .rodata.RADIO_TADDR
                0x000000000000d7c8        0x8 ./Generated_Code/Radio.o
 .rodata.RADIO_HandleStateMachine
                0x000000000000d7d0       0x20 ./Generated_Code/Radio.o
 .rodata.RadioStateStr
                0x000000000000d7f0       0x20 ./Generated_Code/Radio.o
 .rodata.SYSVIEW_X_OS_TraceAPI
                0x000000000000d810        0x8 ./Generated_Code/SEGGER_SYSVIEW_FreeRTOS.o
                0x000000000000d810                SYSVIEW_X_OS_TraceAPI
 .rodata.str1.1
                0x000000000000d818        0x2 /Applications/KDS_3.0.0.app/Contents/toolchain/bin/../lib/gcc/arm-none-eabi/4.8.4/../../../../arm-none-eabi/lib/armv6-m/libg_s.a(lib_a-impure.o)
 *fill*         0x000000000000d81a        0x2 
 .rodata._global_impure_ptr
                0x000000000000d81c        0x4 /Applications/KDS_3.0.0.app/Contents/toolchain/bin/../lib/gcc/arm-none-eabi/4.8.4/../../../../arm-none-eabi/lib/armv6-m/libg_s.a(lib_a-impure.o)
                0x000000000000d81c                _global_impure_ptr
 *(.glue_7)
 .glue_7        0x0000000000000000        0x0 linker stubs
 *(.glue_7t)
 .glue_7t       0x0000000000000000        0x0 linker stubs
 *(.eh_frame)
 .eh_frame      0x000000000000d820        0x0 /Applications/KDS_3.0.0.app/Contents/toolchain/bin/../lib/gcc/arm-none-eabi/4.8.4/armv6-m/crtbegin.o
 *(.init)
 .init          0x000000000000d820        0x4 /Applications/KDS_3.0.0.app/Contents/toolchain/bin/../lib/gcc/arm-none-eabi/4.8.4/armv6-m/crti.o
                0x000000000000d820                _init
 .init          0x000000000000d824        0x8 /Applications/KDS_3.0.0.app/Contents/toolchain/bin/../lib/gcc/arm-none-eabi/4.8.4/armv6-m/crtn.o
 *(.fini)
 .fini          0x000000000000d82c        0x4 /Applications/KDS_3.0.0.app/Contents/toolchain/bin/../lib/gcc/arm-none-eabi/4.8.4/armv6-m/crti.o
                0x000000000000d82c                _fini
 .fini          0x000000000000d830        0x8 /Applications/KDS_3.0.0.app/Contents/toolchain/bin/../lib/gcc/arm-none-eabi/4.8.4/armv6-m/crtn.o
                0x000000000000d838                . = ALIGN (0x4)
                0x000000000000d838                _etext = .

.vfp11_veneer   0x000000000000d838        0x0
 .vfp11_veneer  0x0000000000000000        0x0 linker stubs

.v4_bx          0x000000000000d838        0x0
 .v4_bx         0x0000000000000000        0x0 linker stubs

.iplt           0x000000000000d838        0x0
 .iplt          0x0000000000000000        0x0 /Applications/KDS_3.0.0.app/Contents/toolchain/bin/../lib/gcc/arm-none-eabi/4.8.4/armv6-m/crtbegin.o

.ARM.extab
 *(.ARM.extab* .gnu.linkonce.armextab.*)

.ARM            0x000000000000d838        0x8
                0x000000000000d838                __exidx_start = .
 *(.ARM.exidx*)
 .ARM.exidx     0x000000000000d838        0x8 /Applications/KDS_3.0.0.app/Contents/toolchain/bin/../lib/gcc/arm-none-eabi/4.8.4/../../../../arm-none-eabi/lib/armv6-m/crt0.o
                0x000000000000d840                __exidx_end = .

.rel.dyn        0x000000000000d840        0x0
 .rel.iplt      0x0000000000000000        0x0 /Applications/KDS_3.0.0.app/Contents/toolchain/bin/../lib/gcc/arm-none-eabi/4.8.4/armv6-m/crtbegin.o

.ctors          0x000000000000d840        0x0
                0x000000000000d840                __CTOR_LIST__ = .
 *crtbegin.o(.ctors)
 *(EXCLUDE_FILE(*crtend.o) .ctors)
 *(SORT(.ctors.*))
 *(.ctors)
                0x000000000000d840                __CTOR_END__ = .

.dtors          0x000000000000d840        0x0
                0x000000000000d840                __DTOR_LIST__ = .
 *crtbegin.o(.dtors)
 *(EXCLUDE_FILE(*crtend.o) .dtors)
 *(SORT(.dtors.*))
 *(.dtors)
                0x000000000000d840                __DTOR_END__ = .

.preinit_array  0x000000000000d840        0x0
                0x000000000000d840                PROVIDE (__preinit_array_start, .)
 *(.preinit_array*)
                0x000000000000d840                PROVIDE (__preinit_array_end, .)

.init_array     0x000000000000d840        0x4
                0x000000000000d840                PROVIDE (__init_array_start, .)
 *(SORT(.init_array.*))
 *(.init_array*)
 .init_array    0x000000000000d840        0x4 /Applications/KDS_3.0.0.app/Contents/toolchain/bin/../lib/gcc/arm-none-eabi/4.8.4/armv6-m/crtbegin.o
                0x000000000000d844                PROVIDE (__init_array_end, .)

.fini_array     0x000000000000d844        0x4
                0x000000000000d844                PROVIDE (__fini_array_start, .)
 *(SORT(.fini_array.*))
 *(.fini_array*)
 .fini_array    0x000000000000d844        0x4 /Applications/KDS_3.0.0.app/Contents/toolchain/bin/../lib/gcc/arm-none-eabi/4.8.4/armv6-m/crtbegin.o
                0x000000000000d848                PROVIDE (__fini_array_end, .)
                0x000000000000d848                ___ROM_AT = .

.mtb            0x000000001ffff000        0x0
                0x000000001ffff000                . = ALIGN (0x8)
                0x000000001ffff000                _mtb_start = .
 *(.mtb_buf)
                0x000000001ffff000                . = ALIGN (0x8)
                0x000000001ffff000                _mtb_end = .

.data           0x000000001ffff000       0x84 load address 0x000000000000d848
                0x000000001ffff000                . = ALIGN (0x4)
                0x000000001ffff000                _sdata = .
 *(.data)
 *(.data*)
 .data.KEYDBNC_FSMdata
                0x000000001ffff000       0x14 ./Sources/KeyDebounce.o
 .data.APP_dstAddr
                0x000000001ffff014        0x1 ./Sources/RNet_App.o
 *fill*         0x000000001ffff015        0x3 
 .data.CLS1_currStdIO
                0x000000001ffff018        0x4 ./Generated_Code/CLS1.o
 .data.RNWK_ThisNodeAddr
                0x000000001ffff01c        0x1 ./Generated_Code/RNWK.o
 .data.RADIO_CurrChannel
                0x000000001ffff01d        0x1 ./Generated_Code/Radio.o
 *fill*         0x000000001ffff01e        0x2 
 .data.uxCriticalNesting
                0x000000001ffff020        0x4 ./Generated_Code/port.o
 .data.impure_data
                0x000000001ffff024       0x60 /Applications/KDS_3.0.0.app/Contents/toolchain/bin/../lib/gcc/arm-none-eabi/4.8.4/../../../../arm-none-eabi/lib/armv6-m/libg_s.a(lib_a-impure.o)
                0x000000001ffff084                . = ALIGN (0x4)
                0x000000001ffff084                _edata = .
                0x0000000000000084                ___data_size = (_edata - _sdata)
                0x000000000000d8cc                ___NVM_Config_ROMStart = (___ROM_AT + SIZEOF (.data))

.jcr            0x000000001ffff084        0x0 load address 0x000000000000d8cc
 .jcr           0x000000001ffff084        0x0 /Applications/KDS_3.0.0.app/Contents/toolchain/bin/../lib/gcc/arm-none-eabi/4.8.4/armv6-m/crtbegin.o

.igot.plt       0x000000001ffff084        0x0 load address 0x000000000000d8cc
 .igot.plt      0x0000000000000000        0x0 /Applications/KDS_3.0.0.app/Contents/toolchain/bin/../lib/gcc/arm-none-eabi/4.8.4/armv6-m/crtbegin.o

.NVM_Config     0x000000000001fc00        0x0 load address 0x000000000000d8cc
                0x000000000001fc00                . = ALIGN (0x4)
                0x000000000001fc00                ___NVM_Config_RAMStart = .
 *(.NVM_Config)
                0x000000000001fc00                ___NVM_Config_RAMEnd = .
                0x000000000001fc00                . = ALIGN (0x4)
                0x0000000000000000                ___NVM_Config_ROMSize = (___NVM_Config_RAMEnd - ___NVM_Config_RAMStart)
                0x000000000001fc00                . = ALIGN (0x4)

.bss            0x000000001ffff084     0x2c70 load address 0x000000000000d8cc
                0x000000001ffff084                __START_BSS = .
                0x000000001ffff084                PROVIDE (__bss_start__, __START_BSS)
 *(.bss)
 .bss           0x000000001ffff084       0x1c /Applications/KDS_3.0.0.app/Contents/toolchain/bin/../lib/gcc/arm-none-eabi/4.8.4/armv6-m/crtbegin.o
 *(.bss*)
 .bss.EVNT_Events
                0x000000001ffff0a0        0x4 ./Sources/Event.o
 .bss.appState  0x000000001ffff0a4        0x1 ./Sources/RNet_App.o
 *fill*         0x000000001ffff0a5        0x3 
 .bss.SHELL_val
                0x000000001ffff0a8        0x4 ./Sources/Shell.o
 .bss.localConsole_buf.7343
                0x000000001ffff0ac       0x30 ./Sources/Shell.o
 .bss.radio_cmd_buf.7345
                0x000000001ffff0dc       0x30 ./Sources/Shell.o
 .bss.SQUEUE_Queue
                0x000000001ffff10c        0x4 ./Sources/ShellQueue.o
 .bss.cntr.5604
                0x000000001ffff110        0x4 ./Sources/Timer.o
 .bss.TRG_Triggers
                0x000000001ffff114       0x24 ./Sources/Trigger.o
 .bss.ModeFlg   0x000000001ffff138        0x1 ./Generated_Code/AD1.o
 .bss.OutFlg    0x000000001ffff139        0x1 ./Generated_Code/AD1.o
 .bss.SerFlag   0x000000001ffff13a        0x2 ./Generated_Code/AS1.o
 .bss.AS1_InpLen
                0x000000001ffff13c        0x2 ./Generated_Code/AS1.o
 .bss.InpIndexR
                0x000000001ffff13e        0x2 ./Generated_Code/AS1.o
 .bss.InpIndexW
                0x000000001ffff140        0x2 ./Generated_Code/AS1.o
 *fill*         0x000000001ffff142        0x2 
 .bss.InpBuffer
                0x000000001ffff144       0x40 ./Generated_Code/AS1.o
 .bss.BufferRead
                0x000000001ffff184        0x1 ./Generated_Code/AS1.o
 *fill*         0x000000001ffff185        0x1 
 .bss.AS1_OutLen
                0x000000001ffff186        0x2 ./Generated_Code/AS1.o
 .bss.OutIndexR
                0x000000001ffff188        0x2 ./Generated_Code/AS1.o
 .bss.OutIndexW
                0x000000001ffff18a        0x2 ./Generated_Code/AS1.o
 .bss.OutBuffer
                0x000000001ffff18c       0x40 ./Generated_Code/AS1.o
 .bss.DeviceDataPrv__DEFAULT_RTOS_ALLOC
                0x000000001ffff1cc       0x20 ./Generated_Code/ASerialLdd1.o
 .bss.INT_UART0__BAREBOARD_RTOS_ISRPARAM
                0x000000001ffff1ec        0x4 ./Generated_Code/ASerialLdd1.o
 .bss.DeviceDataPrv__DEFAULT_RTOS_ALLOC
                0x000000001ffff1f0        0x8 ./Generated_Code/AdcLdd1.o
 .bss.DeviceDataPrv__DEFAULT_RTOS_ALLOC
                0x000000001ffff1f8        0x4 ./Generated_Code/BitIoLdd1.o
 .bss.DeviceDataPrv__DEFAULT_RTOS_ALLOC
                0x000000001ffff1fc        0x4 ./Generated_Code/BitIoLdd11.o
 .bss.DeviceDataPrv__DEFAULT_RTOS_ALLOC
                0x000000001ffff200        0x4 ./Generated_Code/BitIoLdd12.o
 .bss.DeviceDataPrv__DEFAULT_RTOS_ALLOC
                0x000000001ffff204        0x4 ./Generated_Code/BitIoLdd2.o
 .bss.DeviceDataPrv__DEFAULT_RTOS_ALLOC
                0x000000001ffff208        0x4 ./Generated_Code/BitIoLdd8.o
 .bss.DeviceDataPrv__DEFAULT_RTOS_ALLOC
                0x000000001ffff20c        0x4 ./Generated_Code/BitIoLdd9.o
 .bss.SR_lock   0x000000001ffff210        0x1 ./Generated_Code/Cpu.o