Archive member included because of file (symbol)

/Applications/KDS_3.0.0.app/Contents/toolchain/bin/../lib/gcc/arm-none-eabi/4.8.4/../../../../arm-none-eabi/lib/armv6-m/libg_s.a(lib_a-exit.o)
                              /Applications/KDS_3.0.0.app/Contents/toolchain/bin/../lib/gcc/arm-none-eabi/4.8.4/../../../../arm-none-eabi/lib/armv6-m/crt0.o (exit)
/Applications/KDS_3.0.0.app/Contents/toolchain/bin/../lib/gcc/arm-none-eabi/4.8.4/../../../../arm-none-eabi/lib/armv6-m/libg_s.a(lib_a-impure.o)
                              /Applications/KDS_3.0.0.app/Contents/toolchain/bin/../lib/gcc/arm-none-eabi/4.8.4/../../../../arm-none-eabi/lib/armv6-m/libg_s.a(lib_a-exit.o) (_global_impure_ptr)
/Applications/KDS_3.0.0.app/Contents/toolchain/bin/../lib/gcc/arm-none-eabi/4.8.4/../../../../arm-none-eabi/lib/armv6-m/libg_s.a(lib_a-init.o)
                              /Applications/KDS_3.0.0.app/Contents/toolchain/bin/../lib/gcc/arm-none-eabi/4.8.4/../../../../arm-none-eabi/lib/armv6-m/crt0.o (__libc_init_array)
/Applications/KDS_3.0.0.app/Contents/toolchain/bin/../lib/gcc/arm-none-eabi/4.8.4/../../../../arm-none-eabi/lib/armv6-m/libg_s.a(lib_a-memset.o)
                              /Applications/KDS_3.0.0.app/Contents/toolchain/bin/../lib/gcc/arm-none-eabi/4.8.4/../../../../arm-none-eabi/lib/armv6-m/crt0.o (memset)
/Applications/KDS_3.0.0.app/Contents/toolchain/bin/../lib/gcc/arm-none-eabi/4.8.4/../../../../arm-none-eabi/lib/armv6-m/libnosys.a(_exit.o)
                              /Applications/KDS_3.0.0.app/Contents/toolchain/bin/../lib/gcc/arm-none-eabi/4.8.4/../../../../arm-none-eabi/lib/armv6-m/libg_s.a(lib_a-exit.o) (_exit)

Allocating common symbols
Common symbol       size              file

SR_reg              0x1               ./Generated_Code/Cpu.o

Discarded input sections

 .text          0x0000000000000000        0x0 /Applications/KDS_3.0.0.app/Contents/toolchain/bin/../lib/gcc/arm-none-eabi/4.8.4/armv6-m/crti.o
 .data          0x0000000000000000        0x0 /Applications/KDS_3.0.0.app/Contents/toolchain/bin/../lib/gcc/arm-none-eabi/4.8.4/armv6-m/crti.o
 .bss           0x0000000000000000        0x0 /Applications/KDS_3.0.0.app/Contents/toolchain/bin/../lib/gcc/arm-none-eabi/4.8.4/armv6-m/crti.o
 .data          0x0000000000000000        0x4 /Applications/KDS_3.0.0.app/Contents/toolchain/bin/../lib/gcc/arm-none-eabi/4.8.4/armv6-m/crtbegin.o
 .data          0x0000000000000000        0x0 /Applications/KDS_3.0.0.app/Contents/toolchain/bin/../lib/gcc/arm-none-eabi/4.8.4/../../../../arm-none-eabi/lib/armv6-m/crt0.o
 .bss           0x0000000000000000        0x0 /Applications/KDS_3.0.0.app/Contents/toolchain/bin/../lib/gcc/arm-none-eabi/4.8.4/../../../../arm-none-eabi/lib/armv6-m/crt0.o
 .ARM.extab     0x0000000000000000        0x0 /Applications/KDS_3.0.0.app/Contents/toolchain/bin/../lib/gcc/arm-none-eabi/4.8.4/../../../../arm-none-eabi/lib/armv6-m/crt0.o
 .group         0x0000000000000000        0x8 ./Sources/Events.o
 .group         0x0000000000000000        0x8 ./Sources/Events.o
 .group         0x0000000000000000        0x8 ./Sources/Events.o
 .group         0x0000000000000000        0x8 ./Sources/Events.o
 .group         0x0000000000000000        0x8 ./Sources/Events.o
 .group         0x0000000000000000        0x8 ./Sources/Events.o
 .group         0x0000000000000000        0x8 ./Sources/Events.o
 .group         0x0000000000000000        0x8 ./Sources/Events.o
 .group         0x0000000000000000        0x8 ./Sources/Events.o
 .group         0x0000000000000000        0x8 ./Sources/Events.o
 .group         0x0000000000000000        0x8 ./Sources/Events.o
 .group         0x0000000000000000        0x8 ./Sources/Events.o
 .group         0x0000000000000000        0x8 ./Sources/Events.o
 .group         0x0000000000000000        0x8 ./Sources/Events.o
 .group         0x0000000000000000        0x8 ./Sources/Events.o
 .group         0x0000000000000000        0x8 ./Sources/Events.o
 .group         0x0000000000000000        0x8 ./Sources/Events.o
 .group         0x0000000000000000        0x8 ./Sources/Events.o
 .group         0x0000000000000000        0x8 ./Sources/Events.o
 .group         0x0000000000000000        0x8 ./Sources/Events.o
 .group         0x0000000000000000        0x8 ./Sources/Events.o
 .text          0x0000000000000000        0x0 ./Sources/Events.o
 .data          0x0000000000000000        0x0 ./Sources/Events.o
 .bss           0x0000000000000000        0x0 ./Sources/Events.o
 .group         0x0000000000000000        0x8 ./Sources/main.o
 .group         0x0000000000000000        0x8 ./Sources/main.o
 .group         0x0000000000000000        0x8 ./Sources/main.o
 .group         0x0000000000000000        0x8 ./Sources/main.o
 .group         0x0000000000000000        0x8 ./Sources/main.o
 .group         0x0000000000000000        0x8 ./Sources/main.o
 .group         0x0000000000000000        0x8 ./Sources/main.o
 .group         0x0000000000000000        0x8 ./Sources/main.o
 .group         0x0000000000000000        0x8 ./Sources/main.o
 .group         0x0000000000000000        0x8 ./Sources/main.o
 .group         0x0000000000000000        0x8 ./Sources/main.o
 .group         0x0000000000000000        0x8 ./Sources/main.o
 .group         0x0000000000000000        0x8 ./Sources/main.o
 .group         0x0000000000000000        0x8 ./Sources/main.o
 .group         0x0000000000000000        0x8 ./Sources/main.o
 .group         0x0000000000000000        0x8 ./Sources/main.o
 .group         0x0000000000000000        0x8 ./Sources/main.o
 .group         0x0000000000000000        0x8 ./Sources/main.o
 .group         0x0000000000000000        0x8 ./Sources/main.o
 .group         0x0000000000000000        0x8 ./Sources/main.o
 .group         0x0000000000000000        0x8 ./Sources/main.o
 .text          0x0000000000000000        0x0 ./Sources/main.o
 .data          0x0000000000000000        0x0 ./Sources/main.o
 .bss           0x0000000000000000        0x0 ./Sources/main.o
 .debug_macro   0x0000000000000000      0x802 ./Sources/main.o
 .debug_macro   0x0000000000000000       0x16 ./Sources/main.o
 .debug_macro   0x0000000000000000       0x44 ./Sources/main.o
 .debug_macro   0x0000000000000000      0x209 ./Sources/main.o
 .debug_macro   0x0000000000000000     0x157d ./Sources/main.o
 .debug_macro   0x0000000000000000      0x14e ./Sources/main.o
 .debug_macro   0x0000000000000000       0x64 ./Sources/main.o
 .debug_macro   0x0000000000000000     0x6691 ./Sources/main.o
 .debug_macro   0x0000000000000000       0x94 ./Sources/main.o
 .debug_macro   0x0000000000000000       0x94 ./Sources/main.o
 .debug_macro   0x0000000000000000      0x12c ./Sources/main.o
 .debug_macro   0x0000000000000000       0x40 ./Sources/main.o
 .debug_macro   0x0000000000000000       0x1f ./Sources/main.o
 .debug_macro   0x0000000000000000       0x47 ./Sources/main.o
 .debug_macro   0x0000000000000000       0x3d ./Sources/main.o
 .debug_macro   0x0000000000000000       0x46 ./Sources/main.o
 .debug_macro   0x0000000000000000       0x1f ./Sources/main.o
 .debug_macro   0x0000000000000000       0x47 ./Sources/main.o
 .debug_macro   0x0000000000000000       0x46 ./Sources/main.o
 .debug_macro   0x0000000000000000       0x1f ./Sources/main.o
 .debug_macro   0x0000000000000000       0x47 ./Sources/main.o
 .group         0x0000000000000000        0x8 ./Project_Settings/Startup_Code/startup.o
 .group         0x0000000000000000        0x8 ./Project_Settings/Startup_Code/startup.o
 .group         0x0000000000000000        0x8 ./Project_Settings/Startup_Code/startup.o
 .group         0x0000000000000000        0x8 ./Project_Settings/Startup_Code/startup.o
 .group         0x0000000000000000        0x8 ./Project_Settings/Startup_Code/startup.o
 .group         0x0000000000000000        0x8 ./Project_Settings/Startup_Code/startup.o
 .group         0x0000000000000000        0x8 ./Project_Settings/Startup_Code/startup.o
 .group         0x0000000000000000        0x8 ./Project_Settings/Startup_Code/startup.o
 .group         0x0000000000000000        0x8 ./Project_Settings/Startup_Code/startup.o
 .group         0x0000000000000000        0x8 ./Project_Settings/Startup_Code/startup.o
 .group         0x0000000000000000        0x8 ./Project_Settings/Startup_Code/startup.o
 .group         0x0000000000000000        0x8 ./Project_Settings/Startup_Code/startup.o
 .group         0x0000000000000000        0x8 ./Project_Settings/Startup_Code/startup.o
 .group         0x0000000000000000        0x8 ./Project_Settings/Startup_Code/startup.o
 .group         0x0000000000000000        0x8 ./Project_Settings/Startup_Code/startup.o
 .group         0x0000000000000000        0x8 ./Project_Settings/Startup_Code/startup.o
 .group         0x0000000000000000        0x8 ./Project_Settings/Startup_Code/startup.o
 .group         0x0000000000000000        0x8 ./Project_Settings/Startup_Code/startup.o
 .group         0x0000000000000000        0x8 ./Project_Settings/Startup_Code/startup.o
 .text          0x0000000000000000        0x0 ./Project_Settings/Startup_Code/startup.o
 .data          0x0000000000000000        0x0 ./Project_Settings/Startup_Code/startup.o
 .bss           0x0000000000000000        0x0 ./Project_Settings/Startup_Code/startup.o
 .text.__init_hardware
                0x0000000000000000        0x8 ./Project_Settings/Startup_Code/startup.o
 .text.__iar_program_start
                0x0000000000000000        0xc ./Project_Settings/Startup_Code/startup.o
 .debug_macro   0x0000000000000000      0x802 ./Project_Settings/Startup_Code/startup.o
 .debug_macro   0x0000000000000000       0x16 ./Project_Settings/Startup_Code/startup.o
 .group         0x0000000000000000        0x8 ./Generated_Code/BitIoLdd1.o
 .group         0x0000000000000000        0x8 ./Generated_Code/BitIoLdd1.o
 .group         0x0000000000000000        0x8 ./Generated_Code/BitIoLdd1.o
 .group         0x0000000000000000        0x8 ./Generated_Code/BitIoLdd1.o
 .group         0x0000000000000000        0x8 ./Generated_Code/BitIoLdd1.o
 .group         0x0000000000000000        0x8 ./Generated_Code/BitIoLdd1.o
 .group         0x0000000000000000        0x8 ./Generated_Code/BitIoLdd1.o
 .group         0x0000000000000000        0x8 ./Generated_Code/BitIoLdd1.o
 .group         0x0000000000000000        0x8 ./Generated_Code/BitIoLdd1.o
 .group         0x0000000000000000        0x8 ./Generated_Code/BitIoLdd1.o
 .group         0x0000000000000000        0x8 ./Generated_Code/BitIoLdd1.o
 .group         0x0000000000000000        0x8 ./Generated_Code/BitIoLdd1.o
 .text          0x0000000000000000        0x0 ./Generated_Code/BitIoLdd1.o
 .data          0x0000000000000000        0x0 ./Generated_Code/BitIoLdd1.o
 .bss           0x0000000000000000        0x0 ./Generated_Code/BitIoLdd1.o
 .text.BitIoLdd1_GetVal
                0x0000000000000000       0x28 ./Generated_Code/BitIoLdd1.o
 .text.BitIoLdd1_NegVal
                0x0000000000000000       0x1c ./Generated_Code/BitIoLdd1.o
 .debug_macro   0x0000000000000000      0x802 ./Generated_Code/BitIoLdd1.o
 .debug_macro   0x0000000000000000       0x16 ./Generated_Code/BitIoLdd1.o
 .debug_macro   0x0000000000000000       0x44 ./Generated_Code/BitIoLdd1.o
 .debug_macro   0x0000000000000000      0x209 ./Generated_Code/BitIoLdd1.o
 .debug_macro   0x0000000000000000     0x157d ./Generated_Code/BitIoLdd1.o
 .debug_macro   0x0000000000000000      0x14e ./Generated_Code/BitIoLdd1.o
 .debug_macro   0x0000000000000000       0x64 ./Generated_Code/BitIoLdd1.o
 .debug_macro   0x0000000000000000     0x6691 ./Generated_Code/BitIoLdd1.o
 .debug_macro   0x0000000000000000       0x94 ./Generated_Code/BitIoLdd1.o
 .debug_macro   0x0000000000000000      0x12c ./Generated_Code/BitIoLdd1.o
 .debug_macro   0x0000000000000000       0x40 ./Generated_Code/BitIoLdd1.o
 .group         0x0000000000000000        0x8 ./Generated_Code/BitIoLdd2.o
 .group         0x0000000000000000        0x8 ./Generated_Code/BitIoLdd2.o
 .group         0x0000000000000000        0x8 ./Generated_Code/BitIoLdd2.o
 .group         0x0000000000000000        0x8 ./Generated_Code/BitIoLdd2.o
 .group         0x0000000000000000        0x8 ./Generated_Code/BitIoLdd2.o
 .group         0x0000000000000000        0x8 ./Generated_Code/BitIoLdd2.o
 .group         0x0000000000000000        0x8 ./Generated_Code/BitIoLdd2.o
 .group         0x0000000000000000        0x8 ./Generated_Code/BitIoLdd2.o
 .group         0x0000000000000000        0x8 ./Generated_Code/BitIoLdd2.o
 .group         0x0000000000000000        0x8 ./Generated_Code/BitIoLdd2.o
 .group         0x0000000000000000        0x8 ./Generated_Code/BitIoLdd2.o
 .group         0x0000000000000000        0x8 ./Generated_Code/BitIoLdd2.o
 .text          0x0000000000000000        0x0 ./Generated_Code/BitIoLdd2.o
 .data          0x0000000000000000        0x0 ./Generated_Code/BitIoLdd2.o
 .bss           0x0000000000000000        0x0 ./Generated_Code/BitIoLdd2.o
 .text.BitIoLdd2_GetVal
                0x0000000000000000       0x28 ./Generated_Code/BitIoLdd2.o
 .text.BitIoLdd2_NegVal
                0x0000000000000000       0x1c ./Generated_Code/BitIoLdd2.o
 .debug_macro   0x0000000000000000      0x802 ./Generated_Code/BitIoLdd2.o
 .debug_macro   0x0000000000000000       0x16 ./Generated_Code/BitIoLdd2.o
 .debug_macro   0x0000000000000000       0x44 ./Generated_Code/BitIoLdd2.o
 .debug_macro   0x0000000000000000      0x209 ./Generated_Code/BitIoLdd2.o
 .debug_macro   0x0000000000000000     0x157d ./Generated_Code/BitIoLdd2.o
 .debug_macro   0x0000000000000000      0x14e ./Generated_Code/BitIoLdd2.o
 .debug_macro   0x0000000000000000       0x64 ./Generated_Code/BitIoLdd2.o
 .debug_macro   0x0000000000000000     0x6691 ./Generated_Code/BitIoLdd2.o
 .debug_macro   0x0000000000000000       0x94 ./Generated_Code/BitIoLdd2.o
 .debug_macro   0x0000000000000000      0x12c ./Generated_Code/BitIoLdd2.o
 .debug_macro   0x0000000000000000       0x9a ./Generated_Code/BitIoLdd2.o
 .group         0x0000000000000000        0x8 ./Generated_Code/BitIoLdd3.o
 .group         0x0000000000000000        0x8 ./Generated_Code/BitIoLdd3.o
 .group         0x0000000000000000        0x8 ./Generated_Code/BitIoLdd3.o
 .group         0x0000000000000000        0x8 ./Generated_Code/BitIoLdd3.o
 .group         0x0000000000000000        0x8 ./Generated_Code/BitIoLdd3.o
 .group         0x0000000000000000        0x8 ./Generated_Code/BitIoLdd3.o
 .group         0x0000000000000000        0x8 ./Generated_Code/BitIoLdd3.o
 .group         0x0000000000000000        0x8 ./Generated_Code/BitIoLdd3.o
 .group         0x0000000000000000        0x8 ./Generated_Code/BitIoLdd3.o
 .group         0x0000000000000000        0x8 ./Generated_Code/BitIoLdd3.o
 .group         0x0000000000000000        0x8 ./Generated_Code/BitIoLdd3.o
 .group         0x0000000000000000        0x8 ./Generated_Code/BitIoLdd3.o
 .text          0x0000000000000000        0x0 ./Generated_Code/BitIoLdd3.o
 .data          0x0000000000000000        0x0 ./Generated_Code/BitIoLdd3.o
 .bss           0x0000000000000000        0x0 ./Generated_Code/BitIoLdd3.o
 .text.BitIoLdd3_GetVal
                0x0000000000000000       0x28 ./Generated_Code/BitIoLdd3.o
 .text.BitIoLdd3_NegVal
                0x0000000000000000       0x18 ./Generated_Code/BitIoLdd3.o
 .debug_macro   0x0000000000000000      0x802 ./Generated_Code/BitIoLdd3.o
 .debug_macro   0x0000000000000000       0x16 ./Generated_Code/BitIoLdd3.o
 .debug_macro   0x0000000000000000       0x44 ./Generated_Code/BitIoLdd3.o
 .debug_macro   0x0000000000000000      0x209 ./Generated_Code/BitIoLdd3.o
 .debug_macro   0x0000000000000000     0x157d ./Generated_Code/BitIoLdd3.o
 .debug_macro   0x0000000000000000      0x14e ./Generated_Code/BitIoLdd3.o
 .debug_macro   0x0000000000000000       0x64 ./Generated_Code/BitIoLdd3.o
 .debug_macro   0x0000000000000000     0x6691 ./Generated_Code/BitIoLdd3.o
 .debug_macro   0x0000000000000000       0x94 ./Generated_Code/BitIoLdd3.o
 .debug_macro   0x0000000000000000      0x12c ./Generated_Code/BitIoLdd3.o
 .debug_macro   0x0000000000000000       0x9a ./Generated_Code/BitIoLdd3.o
 .group         0x0000000000000000        0x8 ./Generated_Code/Cpu.o
 .group         0x0000000000000000        0x8 ./Generated_Code/Cpu.o
 .group         0x0000000000000000        0x8 ./Generated_Code/Cpu.o
 .group         0x0000000000000000        0x8 ./Generated_Code/Cpu.o
 .group         0x0000000000000000        0x8 ./Generated_Code/Cpu.o
 .group         0x0000000000000000        0x8 ./Generated_Code/Cpu.o
 .group         0x0000000000000000        0x8 ./Generated_Code/Cpu.o
 .group         0x0000000000000000        0x8 ./Generated_Code/Cpu.o
 .group         0x0000000000000000        0x8 ./Generated_Code/Cpu.o
 .group         0x0000000000000000        0x8 ./Generated_Code/Cpu.o
 .group         0x0000000000000000        0x8 ./Generated_Code/Cpu.o
 .group         0x0000000000000000        0x8 ./Generated_Code/Cpu.o
 .group         0x0000000000000000        0x8 ./Generated_Code/Cpu.o
 .group         0x0000000000000000        0x8 ./Generated_Code/Cpu.o
 .group         0x0000000000000000        0x8 ./Generated_Code/Cpu.o
 .group         0x0000000000000000        0x8 ./Generated_Code/Cpu.o
 .group         0x0000000000000000        0x8 ./Generated_Code/Cpu.o
 .group         0x0000000000000000        0x8 ./Generated_Code/Cpu.o
 .group         0x0000000000000000        0x8 ./Generated_Code/Cpu.o
 .group         0x0000000000000000        0x8 ./Generated_Code/Cpu.o
 .group         0x0000000000000000        0x8 ./Generated_Code/Cpu.o
 .text          0x0000000000000000        0x0 ./Generated_Code/Cpu.o
 .data          0x0000000000000000        0x0 ./Generated_Code/Cpu.o
 .bss           0x0000000000000000        0x0 ./Generated_Code/Cpu.o
 .bss.SR_lock   0x0000000000000000        0x1 ./Generated_Code/Cpu.o
 .debug_macro   0x0000000000000000      0x802 ./Generated_Code/Cpu.o
 .debug_macro   0x0000000000000000       0x16 ./Generated_Code/Cpu.o
 .debug_macro   0x0000000000000000       0x44 ./Generated_Code/Cpu.o
 .debug_macro   0x0000000000000000      0x209 ./Generated_Code/Cpu.o
 .debug_macro   0x0000000000000000     0x157d ./Generated_Code/Cpu.o
 .debug_macro   0x0000000000000000      0x14e ./Generated_Code/Cpu.o
 .debug_macro   0x0000000000000000       0x64 ./Generated_Code/Cpu.o
 .debug_macro   0x0000000000000000     0x6691 ./Generated_Code/Cpu.o
 .debug_macro   0x0000000000000000       0x94 ./Generated_Code/Cpu.o
 .debug_macro   0x0000000000000000      0x12c ./Generated_Code/Cpu.o
 .debug_macro   0x0000000000000000       0x9a ./Generated_Code/Cpu.o
 .debug_macro   0x0000000000000000       0x40 ./Generated_Code/Cpu.o
 .debug_macro   0x0000000000000000       0x1f ./Generated_Code/Cpu.o
 .debug_macro   0x0000000000000000       0x47 ./Generated_Code/Cpu.o
 .debug_macro   0x0000000000000000       0x3d ./Generated_Code/Cpu.o
 .debug_macro   0x0000000000000000       0x46 ./Generated_Code/Cpu.o
 .debug_macro   0x0000000000000000       0x1f ./Generated_Code/Cpu.o
 .debug_macro   0x0000000000000000       0x47 ./Generated_Code/Cpu.o
 .debug_macro   0x0000000000000000       0x46 ./Generated_Code/Cpu.o
 .debug_macro   0x0000000000000000       0x1f ./Generated_Code/Cpu.o
 .debug_macro   0x0000000000000000       0x47 ./Generated_Code/Cpu.o
 COMMON         0x0000000000000000        0x1 ./Generated_Code/Cpu.o
 .group         0x0000000000000000        0x8 ./Generated_Code/LED1.o
 .group         0x0000000000000000        0x8 ./Generated_Code/LED1.o
 .group         0x0000000000000000        0x8 ./Generated_Code/LED1.o
 .group         0x0000000000000000        0x8 ./Generated_Code/LED1.o
 .group         0x0000000000000000        0x8 ./Generated_Code/LED1.o
 .group         0x0000000000000000        0x8 ./Generated_Code/LED1.o
 .group         0x0000000000000000        0x8 ./Generated_Code/LED1.o
 .group         0x0000000000000000        0x8 ./Generated_Code/LED1.o
 .group         0x0000000000000000        0x8 ./Generated_Code/LED1.o
 .group         0x0000000000000000        0x8 ./Generated_Code/LED1.o
 .group         0x0000000000000000        0x8 ./Generated_Code/LED1.o
 .group         0x0000000000000000        0x8 ./Generated_Code/LED1.o
 .group         0x0000000000000000        0x8 ./Generated_Code/LED1.o
 .group         0x0000000000000000        0x8 ./Generated_Code/LED1.o
 .text          0x0000000000000000        0x0 ./Generated_Code/LED1.o
 .data          0x0000000000000000        0x0 ./Generated_Code/LED1.o
 .bss           0x0000000000000000        0x0 ./Generated_Code/LED1.o
 .text.LED1_Deinit
                0x0000000000000000        0x8 ./Generated_Code/LED1.o
 .text.LED1_SetRatio16
                0x0000000000000000       0x3c ./Generated_Code/LED1.o
 .debug_info    0x0000000000000000       0xe8 ./Generated_Code/LED1.o
 .debug_abbrev  0x0000000000000000       0xae ./Generated_Code/LED1.o
 .debug_aranges
                0x0000000000000000       0x28 ./Generated_Code/LED1.o
 .debug_ranges  0x0000000000000000       0x18 ./Generated_Code/LED1.o
 .debug_macro   0x0000000000000000       0xc4 ./Generated_Code/LED1.o
 .debug_macro   0x0000000000000000      0x802 ./Generated_Code/LED1.o
 .debug_macro   0x0000000000000000       0x16 ./Generated_Code/LED1.o
 .debug_macro   0x0000000000000000       0x44 ./Generated_Code/LED1.o
 .debug_macro   0x0000000000000000      0x209 ./Generated_Code/LED1.o
 .debug_macro   0x0000000000000000     0x157d ./Generated_Code/LED1.o
 .debug_macro   0x0000000000000000      0x14e ./Generated_Code/LED1.o
 .debug_macro   0x0000000000000000       0x64 ./Generated_Code/LED1.o
 .debug_macro   0x0000000000000000     0x6691 ./Generated_Code/LED1.o
 .debug_macro   0x0000000000000000       0x94 ./Generated_Code/LED1.o
 .debug_macro   0x0000000000000000      0x12c ./Generated_Code/LED1.o
 .debug_macro   0x0000000000000000       0x9a ./Generated_Code/LED1.o
 .debug_macro   0x0000000000000000       0x40 ./Generated_Code/LED1.o
 .debug_macro   0x0000000000000000       0x1f ./Generated_Code/LED1.o
 .debug_macro   0x0000000000000000       0x47 ./Generated_Code/LED1.o
 .debug_line    0x0000000000000000      0x2ea ./Generated_Code/LED1.o
 .debug_str     0x0000000000000000    0x2cc48 ./Generated_Code/LED1.o
 .comment       0x0000000000000000       0x71 ./Generated_Code/LED1.o
 .ARM.attributes
                0x0000000000000000       0x32 ./Generated_Code/LED1.o
 .debug_frame   0x0000000000000000       0x4c ./Generated_Code/LED1.o
 .group         0x0000000000000000        0x8 ./Generated_Code/LED2.o
 .group         0x0000000000000000        0x8 ./Generated_Code/LED2.o
 .group         0x0000000000000000        0x8 ./Generated_Code/LED2.o
 .group         0x0000000000000000        0x8 ./Generated_Code/LED2.o
 .group         0x0000000000000000        0x8 ./Generated_Code/LED2.o
 .group         0x0000000000000000        0x8 ./Generated_Code/LED2.o
 .group         0x0000000000000000        0x8 ./Generated_Code/LED2.o
 .group         0x0000000000000000        0x8 ./Generated_Code/LED2.o
 .group         0x0000000000000000        0x8 ./Generated_Code/LED2.o
 .group         0x0000000000000000        0x8 ./Generated_Code/LED2.o
 .group         0x0000000000000000        0x8 ./Generated_Code/LED2.o
 .group         0x0000000000000000        0x8 ./Generated_Code/LED2.o
 .group         0x0000000000000000        0x8 ./Generated_Code/LED2.o
 .group         0x0000000000000000        0x8 ./Generated_Code/LED2.o
 .text          0x0000000000000000        0x0 ./Generated_Code/LED2.o
 .data          0x0000000000000000        0x0 ./Generated_Code/LED2.o
 .bss           0x0000000000000000        0x0 ./Generated_Code/LED2.o
 .text.LED2_Deinit
                0x0000000000000000        0x8 ./Generated_Code/LED2.o
 .text.LED2_SetRatio16
                0x0000000000000000       0x3c ./Generated_Code/LED2.o
 .debug_info    0x0000000000000000       0xf3 ./Generated_Code/LED2.o
 .debug_abbrev  0x0000000000000000       0xae ./Generated_Code/LED2.o
 .debug_aranges
                0x0000000000000000       0x28 ./Generated_Code/LED2.o
 .debug_ranges  0x0000000000000000       0x18 ./Generated_Code/LED2.o
 .debug_macro   0x0000000000000000       0xc4 ./Generated_Code/LED2.o
 .debug_macro   0x0000000000000000      0x802 ./Generated_Code/LED2.o
 .debug_macro   0x0000000000000000       0x16 ./Generated_Code/LED2.o
 .debug_macro   0x0000000000000000       0x44 ./Generated_Code/LED2.o
 .debug_macro   0x0000000000000000      0x209 ./Generated_Code/LED2.o
 .debug_macro   0x0000000000000000     0x157d ./Generated_Code/LED2.o
 .debug_macro   0x0000000000000000      0x14e ./Generated_Code/LED2.o
 .debug_macro   0x0000000000000000       0x64 ./Generated_Code/LED2.o
 .debug_macro   0x0000000000000000     0x6691 ./Generated_Code/LED2.o
 .debug_macro   0x0000000000000000       0x94 ./Generated_Code/LED2.o
 .debug_macro   0x0000000000000000      0x12c ./Generated_Code/LED2.o
 .debug_macro   0x0000000000000000       0x9a ./Generated_Code/LED2.o
 .debug_macro   0x0000000000000000       0x40 ./Generated_Code/LED2.o
 .debug_macro   0x0000000000000000       0x1f ./Generated_Code/LED2.o
 .debug_macro   0x0000000000000000       0x47 ./Generated_Code/LED2.o
 .debug_line    0x0000000000000000      0x2ea ./Generated_Code/LED2.o
 .debug_str     0x0000000000000000    0x2cc57 ./Generated_Code/LED2.o
 .comment       0x0000000000000000       0x71 ./Generated_Code/LED2.o
 .ARM.attributes
                0x0000000000000000       0x32 ./Generated_Code/LED2.o
 .debug_frame   0x0000000000000000       0x4c ./Generated_Code/LED2.o
 .group         0x0000000000000000        0x8 ./Generated_Code/LED3.o
 .group         0x0000000000000000        0x8 ./Generated_Code/LED3.o
 .group         0x0000000000000000        0x8 ./Generated_Code/LED3.o
 .group         0x0000000000000000        0x8 ./Generated_Code/LED3.o
 .group         0x0000000000000000        0x8 ./Generated_Code/LED3.o
 .group         0x0000000000000000        0x8 ./Generated_Code/LED3.o
 .group         0x0000000000000000        0x8 ./Generated_Code/LED3.o
 .group         0x0000000000000000        0x8 ./Generated_Code/LED3.o
 .group         0x0000000000000000        0x8 ./Generated_Code/LED3.o
 .group         0x0000000000000000        0x8 ./Generated_Code/LED3.o
 .group         0x0000000000000000        0x8 ./Generated_Code/LED3.o
 .group         0x0000000000000000        0x8 ./Generated_Code/LED3.o
 .group         0x0000000000000000        0x8 ./Generated_Code/LED3.o
 .group         0x0000000000000000        0x8 ./Generated_Code/LED3.o
 .text          0x0000000000000000        0x0 ./Generated_Code/LED3.o
 .data          0x0000000000000000        0x0 ./Generated_Code/LED3.o
 .bss           0x0000000000000000        0x0 ./Generated_Code/LED3.o
 .text.LED3_Deinit
                0x0000000000000000        0x8 ./Generated_Code/LED3.o
 .text.LED3_SetRatio16
                0x0000000000000000       0x3c ./Generated_Code/LED3.o
 .debug_info    0x0000000000000000       0xf3 ./Generated_Code/LED3.o
 .debug_abbrev  0x0000000000000000       0xae ./Generated_Code/LED3.o
 .debug_aranges
                0x0000000000000000       0x28 ./Generated_Code/LED3.o
 .debug_ranges  0x0000000000000000       0x18 ./Generated_Code/LED3.o
 .debug_macro   0x0000000000000000       0xc4 ./Generated_Code/LED3.o
 .debug_macro   0x0000000000000000      0x802 ./Generated_Code/LED3.o
 .debug_macro   0x0000000000000000       0x16 ./Generated_Code/LED3.o
 .debug_macro   0x0000000000000000       0x44 ./Generated_Code/LED3.o
 .debug_macro   0x0000000000000000      0x209 ./Generated_Code/LED3.o
 .debug_macro   0x0000000000000000     0x157d ./Generated_Code/LED3.o
 .debug_macro   0x0000000000000000      0x14e ./Generated_Code/LED3.o
 .debug_macro   0x0000000000000000       0x64 ./Generated_Code/LED3.o
 .debug_macro   0x0000000000000000     0x6691 ./Generated_Code/LED3.o
 .debug_macro   0x0000000000000000       0x94 ./Generated_Code/LED3.o
 .debug_macro   0x0000000000000000      0x12c ./Generated_Code/LED3.o
 .debug_macro   0x0000000000000000       0x9a ./Generated_Code/LED3.o
 .debug_macro   0x0000000000000000       0x40 ./Generated_Code/LED3.o
 .debug_macro   0x0000000000000000       0x1f ./Generated_Code/LED3.o
 .debug_macro   0x0000000000000000       0x47 ./Generated_Code/LED3.o
 .debug_line    0x0000000000000000      0x2ea ./Generated_Code/LED3.o
 .debug_str     0x0000000000000000    0x2cc51 ./Generated_Code/LED3.o
 .comment       0x0000000000000000       0x71 ./Generated_Code/LED3.o
 .ARM.attributes
                0x0000000000000000       0x32 ./Generated_Code/LED3.o
 .debug_frame   0x0000000000000000       0x4c ./Generated_Code/LED3.o
 .group         0x0000000000000000        0x8 ./Generated_Code/LEDpin1.o
 .group         0x0000000000000000        0x8 ./Generated_Code/LEDpin1.o
 .group         0x0000000000000000        0x8 ./Generated_Code/LEDpin1.o
 .group         0x0000000000000000        0x8 ./Generated_Code/LEDpin1.o
 .group         0x0000000000000000        0x8 ./Generated_Code/LEDpin1.o
 .group         0x0000000000000000        0x8 ./Generated_Code/LEDpin1.o
 .group         0x0000000000000000        0x8 ./Generated_Code/LEDpin1.o
 .group         0x0000000000000000        0x8 ./Generated_Code/LEDpin1.o
 .group         0x0000000000000000        0x8 ./Generated_Code/LEDpin1.o
 .group         0x0000000000000000        0x8 ./Generated_Code/LEDpin1.o
 .group         0x0000000000000000        0x8 ./Generated_Code/LEDpin1.o
 .group         0x0000000000000000        0x8 ./Generated_Code/LEDpin1.o
 .group         0x0000000000000000        0x8 ./Generated_Code/LEDpin1.o
 .text          0x0000000000000000        0x0 ./Generated_Code/LEDpin1.o
 .data          0x0000000000000000        0x0 ./Generated_Code/LEDpin1.o
 .bss           0x0000000000000000        0x0 ./Generated_Code/LEDpin1.o
 .debug_info    0x0000000000000000       0x7d ./Generated_Code/LEDpin1.o
 .debug_abbrev  0x0000000000000000       0x29 ./Generated_Code/LEDpin1.o
 .debug_aranges
                0x0000000000000000       0x18 ./Generated_Code/LEDpin1.o
 .debug_macro   0x0000000000000000       0xb5 ./Generated_Code/LEDpin1.o
 .debug_macro   0x0000000000000000      0x802 ./Generated_Code/LEDpin1.o
 .debug_macro   0x0000000000000000       0x16 ./Generated_Code/LEDpin1.o
 .debug_macro   0x0000000000000000       0x44 ./Generated_Code/LEDpin1.o
 .debug_macro   0x0000000000000000      0x209 ./Generated_Code/LEDpin1.o
 .debug_macro   0x0000000000000000     0x157d ./Generated_Code/LEDpin1.o
 .debug_macro   0x0000000000000000      0x14e ./Generated_Code/LEDpin1.o
 .debug_macro   0x0000000000000000       0x64 ./Generated_Code/LEDpin1.o
 .debug_macro   0x0000000000000000     0x6691 ./Generated_Code/LEDpin1.o
 .debug_macro   0x0000000000000000       0x94 ./Generated_Code/LEDpin1.o
 .debug_macro   0x0000000000000000      0x12c ./Generated_Code/LEDpin1.o
 .debug_macro   0x0000000000000000       0x9a ./Generated_Code/LEDpin1.o
 .debug_macro   0x0000000000000000       0x40 ./Generated_Code/LEDpin1.o
 .debug_macro   0x0000000000000000       0x1f ./Generated_Code/LEDpin1.o
 .debug_line    0x0000000000000000      0x2be ./Generated_Code/LEDpin1.o
 .debug_str     0x0000000000000000    0x2ca97 ./Generated_Code/LEDpin1.o
 .comment       0x0000000000000000       0x71 ./Generated_Code/LEDpin1.o
 .ARM.attributes
                0x0000000000000000       0x32 ./Generated_Code/LEDpin1.o
 .group         0x0000000000000000        0x8 ./Generated_Code/LEDpin2.o
 .group         0x0000000000000000        0x8 ./Generated_Code/LEDpin2.o
 .group         0x0000000000000000        0x8 ./Generated_Code/LEDpin2.o
 .group         0x0000000000000000        0x8 ./Generated_Code/LEDpin2.o
 .group         0x0000000000000000        0x8 ./Generated_Code/LEDpin2.o
 .group         0x0000000000000000        0x8 ./Generated_Code/LEDpin2.o
 .group         0x0000000000000000        0x8 ./Generated_Code/LEDpin2.o
 .group         0x0000000000000000        0x8 ./Generated_Code/LEDpin2.o
 .group         0x0000000000000000        0x8 ./Generated_Code/LEDpin2.o
 .group         0x0000000000000000        0x8 ./Generated_Code/LEDpin2.o
 .group         0x0000000000000000        0x8 ./Generated_Code/LEDpin2.o
 .group         0x0000000000000000        0x8 ./Generated_Code/LEDpin2.o
 .group         0x0000000000000000        0x8 ./Generated_Code/LEDpin2.o
 .text          0x0000000000000000        0x0 ./Generated_Code/LEDpin2.o
 .data          0x0000000000000000        0x0 ./Generated_Code/LEDpin2.o
 .bss           0x0000000000000000        0x0 ./Generated_Code/LEDpin2.o
 .debug_info    0x0000000000000000       0x7d ./Generated_Code/LEDpin2.o
 .debug_abbrev  0x0000000000000000       0x29 ./Generated_Code/LEDpin2.o
 .debug_aranges
                0x0000000000000000       0x18 ./Generated_Code/LEDpin2.o
 .debug_macro   0x0000000000000000       0xb5 ./Generated_Code/LEDpin2.o
 .debug_macro   0x0000000000000000      0x802 ./Generated_Code/LEDpin2.o
 .debug_macro   0x0000000000000000       0x16 ./Generated_Code/LEDpin2.o
 .debug_macro   0x0000000000000000       0x44 ./Generated_Code/LEDpin2.o
 .debug_macro   0x0000000000000000      0x209 ./Generated_Code/LEDpin2.o
 .debug_macro   0x0000000000000000     0x157d ./Generated_Code/LEDpin2.o
 .debug_macro   0x0000000000000000      0x14e ./Generated_Code/LEDpin2.o
 .debug_macro   0x0000000000000000       0x64 ./Generated_Code/LEDpin2.o
 .debug_macro   0x0000000000000000     0x6691 ./Generated_Code/LEDpin2.o
 .debug_macro   0x0000000000000000       0x94 ./Generated_Code/LEDpin2.o
 .debug_macro   0x0000000000000000      0x12c ./Generated_Code/LEDpin2.o
 .debug_macro   0x0000000000000000       0x9a ./Generated_Code/LEDpin2.o
 .debug_macro   0x0000000000000000       0x40 ./Generated_Code/LEDpin2.o
 .debug_macro   0x0000000000000000       0x1f ./Generated_Code/LEDpin2.o
 .debug_line    0x0000000000000000      0x2be ./Generated_Code/LEDpin2.o
 .debug_str     0x0000000000000000    0x2ca97 ./Generated_Code/LEDpin2.o
 .comment       0x0000000000000000       0x71 ./Generated_Code/LEDpin2.o
 .ARM.attributes
                0x0000000000000000       0x32 ./Generated_Code/LEDpin2.o
 .group         0x0000000000000000        0x8 ./Generated_Code/LEDpin3.o
 .group         0x0000000000000000        0x8 ./Generated_Code/LEDpin3.o
 .group         0x0000000000000000        0x8 ./Generated_Code/LEDpin3.o
 .group         0x0000000000000000        0x8 ./Generated_Code/LEDpin3.o
 .group         0x0000000000000000        0x8 ./Generated_Code/LEDpin3.o
 .group         0x0000000000000000        0x8 ./Generated_Code/LEDpin3.o
 .group         0x0000000000000000        0x8 ./Generated_Code/LEDpin3.o
 .group         0x0000000000000000        0x8 ./Generated_Code/LEDpin3.o
 .group         0x0000000000000000        0x8 ./Generated_Code/LEDpin3.o
 .group         0x0000000000000000        0x8 ./Generated_Code/LEDpin3.o
 .group         0x0000000000000000        0x8 ./Generated_Code/LEDpin3.o
 .group         0x0000000000000000        0x8 ./Generated_Code/LEDpin3.o
 .group         0x0000000000000000        0x8 ./Generated_Code/LEDpin3.o
 .text          0x0000000000000000        0x0 ./Generated_Code/LEDpin3.o
 .data          0x0000000000000000        0x0 ./Generated_Code/LEDpin3.o
 .bss           0x0000000000000000        0x0 ./Generated_Code/LEDpin3.o
 .debug_info    0x0000000000000000       0x7d ./Generated_Code/LEDpin3.o
 .debug_abbrev  0x0000000000000000       0x29 ./Generated_Code/LEDpin3.o
 .debug_aranges
                0x0000000000000000       0x18 ./Generated_Code/LEDpin3.o
 .debug_macro   0x0000000000000000       0xb5 ./Generated_Code/LEDpin3.o
 .debug_macro   0x0000000000000000      0x802 ./Generated_Code/LEDpin3.o
 .debug_macro   0x0000000000000000       0x16 ./Generated_Code/LEDpin3.o
 .debug_macro   0x0000000000000000       0x44 ./Generated_Code/LEDpin3.o
 .debug_macro   0x0000000000000000      0x209 ./Generated_Code/LEDpin3.o
 .debug_macro   0x0000000000000000     0x157d ./Generated_Code/LEDpin3.o
 .debug_macro   0x0000000000000000      0x14e ./Generated_Code/LEDpin3.o
 .debug_macro   0x0000000000000000       0x64 ./Generated_Code/LEDpin3.o
 .debug_macro   0x0000000000000000     0x6691 ./Generated_Code/LEDpin3.o
 .debug_macro   0x0000000000000000       0x94 ./Generated_Code/LEDpin3.o
 .debug_macro   0x0000000000000000      0x12c ./Generated_Code/LEDpin3.o
 .debug_macro   0x0000000000000000       0x9a ./Generated_Code/LEDpin3.o
 .debug_macro   0x0000000000000000       0x40 ./Generated_Code/LEDpin3.o
 .debug_macro   0x0000000000000000       0x1f ./Generated_Code/LEDpin3.o
 .debug_line    0x0000000000000000      0x2be ./Generated_Code/LEDpin3.o
 .debug_str     0x0000000000000000    0x2ca91 ./Generated_Code/LEDpin3.o
 .comment       0x0000000000000000       0x71 ./Generated_Code/LEDpin3.o
 .ARM.attributes
                0x0000000000000000       0x32 ./Generated_Code/LEDpin3.o
 .group         0x0000000000000000        0x8 ./Generated_Code/PE_LDD.o
 .group         0x0000000000000000        0x8 ./Generated_Code/PE_LDD.o
 .group         0x0000000000000000        0x8 ./Generated_Code/PE_LDD.o
 .group         0x0000000000000000        0x8 ./Generated_Code/PE_LDD.o
 .group         0x0000000000000000        0x8 ./Generated_Code/PE_LDD.o
 .group         0x0000000000000000        0x8 ./Generated_Code/PE_LDD.o
 .group         0x0000000000000000        0x8 ./Generated_Code/PE_LDD.o
 .group         0x0000000000000000        0x8 ./Generated_Code/PE_LDD.o
 .group         0x0000000000000000        0x8 ./Generated_Code/PE_LDD.o
 .group         0x0000000000000000        0x8 ./Generated_Code/PE_LDD.o
 .group         0x0000000000000000        0x8 ./Generated_Code/PE_LDD.o
 .group         0x0000000000000000        0x8 ./Generated_Code/PE_LDD.o
 .group         0x0000000000000000        0x8 ./Generated_Code/PE_LDD.o
 .group         0x0000000000000000        0x8 ./Generated_Code/PE_LDD.o
 .group         0x0000000000000000        0x8 ./Generated_Code/PE_LDD.o
 .group         0x0000000000000000        0x8 ./Generated_Code/PE_LDD.o
 .group         0x0000000000000000        0x8 ./Generated_Code/PE_LDD.o
 .group         0x0000000000000000        0x8 ./Generated_Code/PE_LDD.o
 .group         0x0000000000000000        0x8 ./Generated_Code/PE_LDD.o
 .group         0x0000000000000000        0x8 ./Generated_Code/PE_LDD.o
 .group         0x0000000000000000        0x8 ./Generated_Code/PE_LDD.o
 .text          0x0000000000000000        0x0 ./Generated_Code/PE_LDD.o
 .data          0x0000000000000000        0x0 ./Generated_Code/PE_LDD.o
 .bss           0x0000000000000000        0x0 ./Generated_Code/PE_LDD.o
 .rodata.PE_CpuClockConfigurations
                0x0000000000000000       0x28 ./Generated_Code/PE_LDD.o
 .text.PE_FillMemory
                0x0000000000000000       0x24 ./Generated_Code/PE_LDD.o
 .text.PE_PeripheralUsed
                0x0000000000000000       0x40 ./Generated_Code/PE_LDD.o
 .text.LDD_SetClockConfiguration
                0x0000000000000000       0x14 ./Generated_Code/PE_LDD.o
 .debug_macro   0x0000000000000000      0x802 ./Generated_Code/PE_LDD.o
 .debug_macro   0x0000000000000000       0x16 ./Generated_Code/PE_LDD.o
 .debug_macro   0x0000000000000000       0x44 ./Generated_Code/PE_LDD.o
 .debug_macro   0x0000000000000000      0x209 ./Generated_Code/PE_LDD.o
 .debug_macro   0x0000000000000000     0x157d ./Generated_Code/PE_LDD.o
 .debug_macro   0x0000000000000000      0x14e ./Generated_Code/PE_LDD.o
 .debug_macro   0x0000000000000000       0x64 ./Generated_Code/PE_LDD.o
 .debug_macro   0x0000000000000000     0x6691 ./Generated_Code/PE_LDD.o
 .debug_macro   0x0000000000000000       0x94 ./Generated_Code/PE_LDD.o
 .debug_macro   0x0000000000000000      0x12c ./Generated_Code/PE_LDD.o
 .debug_macro   0x0000000000000000       0x9a ./Generated_Code/PE_LDD.o
 .debug_macro   0x0000000000000000       0x40 ./Generated_Code/PE_LDD.o
 .debug_macro   0x0000000000000000       0x1f ./Generated_Code/PE_LDD.o
 .debug_macro   0x0000000000000000       0x47 ./Generated_Code/PE_LDD.o
 .debug_macro   0x0000000000000000       0x3d ./Generated_Code/PE_LDD.o
 .debug_macro   0x0000000000000000       0x46 ./Generated_Code/PE_LDD.o
 .debug_macro   0x0000000000000000       0x1f ./Generated_Code/PE_LDD.o
 .debug_macro   0x0000000000000000       0x47 ./Generated_Code/PE_LDD.o
 .debug_macro   0x0000000000000000       0x46 ./Generated_Code/PE_LDD.o
 .debug_macro   0x0000000000000000       0x1f ./Generated_Code/PE_LDD.o
 .debug_macro   0x0000000000000000       0x47 ./Generated_Code/PE_LDD.o
 .group         0x0000000000000000        0x8 ./Generated_Code/Vectors.o
 .group         0x0000000000000000        0x8 ./Generated_Code/Vectors.o
 .group         0x0000000000000000        0x8 ./Generated_Code/Vectors.o
 .group         0x0000000000000000        0x8 ./Generated_Code/Vectors.o
 .group         0x0000000000000000        0x8 ./Generated_Code/Vectors.o
 .group         0x0000000000000000        0x8 ./Generated_Code/Vectors.o
 .group         0x0000000000000000        0x8 ./Generated_Code/Vectors.o
 .group         0x0000000000000000        0x8 ./Generated_Code/Vectors.o
 .group         0x0000000000000000        0x8 ./Generated_Code/Vectors.o
 .group         0x0000000000000000        0x8 ./Generated_Code/Vectors.o
 .group         0x0000000000000000        0x8 ./Generated_Code/Vectors.o
 .group         0x0000000000000000        0x8 ./Generated_Code/Vectors.o
 .group         0x0000000000000000        0x8 ./Generated_Code/Vectors.o
 .group         0x0000000000000000        0x8 ./Generated_Code/Vectors.o
 .group         0x0000000000000000        0x8 ./Generated_Code/Vectors.o
 .group         0x0000000000000000        0x8 ./Generated_Code/Vectors.o
 .group         0x0000000000000000        0x8 ./Generated_Code/Vectors.o
 .group         0x0000000000000000        0x8 ./Generated_Code/Vectors.o
 .group         0x0000000000000000        0x8 ./Generated_Code/Vectors.o
 .group         0x0000000000000000        0x8 ./Generated_Code/Vectors.o
 .group         0x0000000000000000        0x8 ./Generated_Code/Vectors.o
 .text          0x0000000000000000        0x0 ./Generated_Code/Vectors.o
 .data          0x0000000000000000        0x0 ./Generated_Code/Vectors.o
 .bss           0x0000000000000000        0x0 ./Generated_Code/Vectors.o
 .debug_macro   0x0000000000000000      0x802 ./Generated_Code/Vectors.o
 .debug_macro   0x0000000000000000       0x16 ./Generated_Code/Vectors.o
 .debug_macro   0x0000000000000000       0x44 ./Generated_Code/Vectors.o
 .debug_macro   0x0000000000000000      0x209 ./Generated_Code/Vectors.o
 .debug_macro   0x0000000000000000     0x157d ./Generated_Code/Vectors.o
 .debug_macro   0x0000000000000000      0x14e ./Generated_Code/Vectors.o
 .debug_macro   0x0000000000000000       0x64 ./Generated_Code/Vectors.o
 .debug_macro   0x0000000000000000     0x6691 ./Generated_Code/Vectors.o
 .debug_macro   0x0000000000000000       0x94 ./Generated_Code/Vectors.o
 .debug_macro   0x0000000000000000       0x94 ./Generated_Code/Vectors.o
 .debug_macro   0x0000000000000000      0x12c ./Generated_Code/Vectors.o
 .debug_macro   0x0000000000000000       0x40 ./Generated_Code/Vectors.o
 .debug_macro   0x0000000000000000       0x1f ./Generated_Code/Vectors.o
 .debug_macro   0x0000000000000000       0x47 ./Generated_Code/Vectors.o
 .debug_macro   0x0000000000000000       0x3d ./Generated_Code/Vectors.o
 .debug_macro   0x0000000000000000       0x46 ./Generated_Code/Vectors.o
 .debug_macro   0x0000000000000000       0x1f ./Generated_Code/Vectors.o
 .debug_macro   0x0000000000000000       0x47 ./Generated_Code/Vectors.o
 .debug_macro   0x0000000000000000       0x46 ./Generated_Code/Vectors.o
 .debug_macro   0x0000000000000000       0x1f ./Generated_Code/Vectors.o
 .debug_macro   0x0000000000000000       0x47 ./Generated_Code/Vectors.o
 .group         0x0000000000000000        0x8 ./Generated_Code/WAIT1.o
 .group         0x0000000000000000        0x8 ./Generated_Code/WAIT1.o
 .group         0x0000000000000000        0x8 ./Generated_Code/WAIT1.o
 .group         0x0000000000000000        0x8 ./Generated_Code/WAIT1.o
 .group         0x0000000000000000        0x8 ./Generated_Code/WAIT1.o
 .group         0x0000000000000000        0x8 ./Generated_Code/WAIT1.o
 .group         0x0000000000000000        0x8 ./Generated_Code/WAIT1.o
 .group         0x0000000000000000        0x8 ./Generated_Code/WAIT1.o
 .group         0x0000000000000000        0x8 ./Generated_Code/WAIT1.o
 .group         0x0000000000000000        0x8 ./Generated_Code/WAIT1.o
 .text          0x0000000000000000        0x0 ./Generated_Code/WAIT1.o
 .data          0x0000000000000000        0x0 ./Generated_Code/WAIT1.o
 .bss           0x0000000000000000        0x0 ./Generated_Code/WAIT1.o
 .debug_macro   0x0000000000000000      0x802 ./Generated_Code/WAIT1.o
 .debug_macro   0x0000000000000000       0x16 ./Generated_Code/WAIT1.o
 .debug_macro   0x0000000000000000       0x44 ./Generated_Code/WAIT1.o
 .debug_macro   0x0000000000000000      0x209 ./Generated_Code/WAIT1.o
 .debug_macro   0x0000000000000000     0x157d ./Generated_Code/WAIT1.o
 .debug_macro   0x0000000000000000      0x14e ./Generated_Code/WAIT1.o
 .debug_macro   0x0000000000000000       0x64 ./Generated_Code/WAIT1.o
 .debug_macro   0x0000000000000000     0x6691 ./Generated_Code/WAIT1.o
 .debug_macro   0x0000000000000000       0x9a ./Generated_Code/WAIT1.o
 .text          0x0000000000000000        0x0 /Applications/KDS_3.0.0.app/Contents/toolchain/bin/../lib/gcc/arm-none-eabi/4.8.4/../../../../arm-none-eabi/lib/armv6-m/libg_s.a(lib_a-exit.o)
 .data          0x0000000000000000        0x0 /Applications/KDS_3.0.0.app/Contents/toolchain/bin/../lib/gcc/arm-none-eabi/4.8.4/../../../../arm-none-eabi/lib/armv6-m/libg_s.a(lib_a-exit.o)
 .bss           0x0000000000000000        0x0 /Applications/KDS_3.0.0.app/Contents/toolchain/bin/../lib/gcc/arm-none-eabi/4.8.4/../../../../arm-none-eabi/lib/armv6-m/libg_s.a(lib_a-exit.o)
 .text          0x0000000000000000        0x0 /Applications/KDS_3.0.0.app/Contents/toolchain/bin/../lib/gcc/arm-none-eabi/4.8.4/../../../../arm-none-eabi/lib/armv6-m/libg_s.a(lib_a-impure.o)
 .data          0x0000000000000000        0x0 /Applications/KDS_3.0.0.app/Contents/toolchain/bin/../lib/gcc/arm-none-eabi/4.8.4/../../../../arm-none-eabi/lib/armv6-m/libg_s.a(lib_a-impure.o)
 .bss           0x0000000000000000        0x0 /Applications/KDS_3.0.0.app/Contents/toolchain/bin/../lib/gcc/arm-none-eabi/4.8.4/../../../../arm-none-eabi/lib/armv6-m/libg_s.a(lib_a-impure.o)
 .data._impure_ptr
                0x0000000000000000        0x4 /Applications/KDS_3.0.0.app/Contents/toolchain/bin/../lib/gcc/arm-none-eabi/4.8.4/../../../../arm-none-eabi/lib/armv6-m/libg_s.a(lib_a-impure.o)
 .text          0x0000000000000000        0x0 /Applications/KDS_3.0.0.app/Contents/toolchain/bin/../lib/gcc/arm-none-eabi/4.8.4/../../../../arm-none-eabi/lib/armv6-m/libg_s.a(lib_a-init.o)
 .data          0x0000000000000000        0x0 /Applications/KDS_3.0.0.app/Contents/toolchain/bin/../lib/gcc/arm-none-eabi/4.8.4/../../../../arm-none-eabi/lib/armv6-m/libg_s.a(lib_a-init.o)
 .bss           0x0000000000000000        0x0 /Applications/KDS_3.0.0.app/Contents/toolchain/bin/../lib/gcc/arm-none-eabi/4.8.4/../../../../arm-none-eabi/lib/armv6-m/libg_s.a(lib_a-init.o)
 .text          0x0000000000000000        0x0 /Applications/KDS_3.0.0.app/Contents/toolchain/bin/../lib/gcc/arm-none-eabi/4.8.4/../../../../arm-none-eabi/lib/armv6-m/libg_s.a(lib_a-memset.o)
 .data          0x0000000000000000        0x0 /Applications/KDS_3.0.0.app/Contents/toolchain/bin/../lib/gcc/arm-none-eabi/4.8.4/../../../../arm-none-eabi/lib/armv6-m/libg_s.a(lib_a-memset.o)
 .bss           0x0000000000000000        0x0 /Applications/KDS_3.0.0.app/Contents/toolchain/bin/../lib/gcc/arm-none-eabi/4.8.4/../../../../arm-none-eabi/lib/armv6-m/libg_s.a(lib_a-memset.o)
 .text          0x0000000000000000        0x0 /Applications/KDS_3.0.0.app/Contents/toolchain/bin/../lib/gcc/arm-none-eabi/4.8.4/../../../../arm-none-eabi/lib/armv6-m/libnosys.a(_exit.o)
 .data          0x0000000000000000        0x0 /Applications/KDS_3.0.0.app/Contents/toolchain/bin/../lib/gcc/arm-none-eabi/4.8.4/../../../../arm-none-eabi/lib/armv6-m/libnosys.a(_exit.o)
 .bss           0x0000000000000000        0x0 /Applications/KDS_3.0.0.app/Contents/toolchain/bin/../lib/gcc/arm-none-eabi/4.8.4/../../../../arm-none-eabi/lib/armv6-m/libnosys.a(_exit.o)
 .text          0x0000000000000000        0x0 /Applications/KDS_3.0.0.app/Contents/toolchain/bin/../lib/gcc/arm-none-eabi/4.8.4/armv6-m/crtend.o
 .data          0x0000000000000000        0x0 /Applications/KDS_3.0.0.app/Contents/toolchain/bin/../lib/gcc/arm-none-eabi/4.8.4/armv6-m/crtend.o
 .bss           0x0000000000000000        0x0 /Applications/KDS_3.0.0.app/Contents/toolchain/bin/../lib/gcc/arm-none-eabi/4.8.4/armv6-m/crtend.o
 .eh_frame      0x0000000000000000        0x4 /Applications/KDS_3.0.0.app/Contents/toolchain/bin/../lib/gcc/arm-none-eabi/4.8.4/armv6-m/crtend.o
 .jcr           0x0000000000000000        0x4 /Applications/KDS_3.0.0.app/Contents/toolchain/bin/../lib/gcc/arm-none-eabi/4.8.4/armv6-m/crtend.o
 .ARM.attributes
                0x0000000000000000       0x2c /Applications/KDS_3.0.0.app/Contents/toolchain/bin/../lib/gcc/arm-none-eabi/4.8.4/armv6-m/crtend.o
 .text          0x0000000000000000        0x0 /Applications/KDS_3.0.0.app/Contents/toolchain/bin/../lib/gcc/arm-none-eabi/4.8.4/armv6-m/crtn.o
 .data          0x0000000000000000        0x0 /Applications/KDS_3.0.0.app/Contents/toolchain/bin/../lib/gcc/arm-none-eabi/4.8.4/armv6-m/crtn.o
 .bss           0x0000000000000000        0x0 /Applications/KDS_3.0.0.app/Contents/toolchain/bin/../lib/gcc/arm-none-eabi/4.8.4/armv6-m/crtn.o

Memory Configuration

Name             Origin             Length             Attributes
m_interrupts     0x0000000000000000 0x00000000000000c0 xr
m_text           0x0000000000000410 0x000000000001fbf0 xr
m_data           0x000000001ffff000 0x0000000000004000 rw
m_cfmprotrom     0x0000000000000400 0x0000000000000010 xr
*default*        0x0000000000000000 0xffffffffffffffff

Linker script and memory map

LOAD /Applications/KDS_3.0.0.app/Contents/toolchain/bin/../lib/gcc/arm-none-eabi/4.8.4/armv6-m/crti.o
LOAD /Applications/KDS_3.0.0.app/Contents/toolchain/bin/../lib/gcc/arm-none-eabi/4.8.4/armv6-m/crtbegin.o
LOAD /Applications/KDS_3.0.0.app/Contents/toolchain/bin/../lib/gcc/arm-none-eabi/4.8.4/../../../../arm-none-eabi/lib/armv6-m/crt0.o
LOAD ./Sources/Events.o
LOAD ./Sources/main.o
LOAD ./Project_Settings/Startup_Code/startup.o
LOAD ./Generated_Code/BitIoLdd1.o
LOAD ./Generated_Code/BitIoLdd2.o
LOAD ./Generated_Code/BitIoLdd3.o
LOAD ./Generated_Code/Cpu.o
LOAD ./Generated_Code/LED1.o
LOAD ./Generated_Code/LED2.o
LOAD ./Generated_Code/LED3.o
LOAD ./Generated_Code/LEDpin1.o
LOAD ./Generated_Code/LEDpin2.o
LOAD ./Generated_Code/LEDpin3.o
LOAD ./Generated_Code/PE_LDD.o
LOAD ./Generated_Code/Vectors.o
LOAD ./Generated_Code/WAIT1.o
LOAD /Applications/KDS_3.0.0.app/Contents/toolchain/bin/../lib/gcc/arm-none-eabi/4.8.4/../../../../arm-none-eabi/lib/armv6-m/libstdc++_s.a
LOAD /Applications/KDS_3.0.0.app/Contents/toolchain/bin/../lib/gcc/arm-none-eabi/4.8.4/../../../../arm-none-eabi/lib/armv6-m/libm.a
START GROUP
LOAD /Applications/KDS_3.0.0.app/Contents/toolchain/bin/../lib/gcc/arm-none-eabi/4.8.4/armv6-m/libgcc.a
LOAD /Applications/KDS_3.0.0.app/Contents/toolchain/bin/../lib/gcc/arm-none-eabi/4.8.4/../../../../arm-none-eabi/lib/armv6-m/libg_s.a
LOAD /Applications/KDS_3.0.0.app/Contents/toolchain/bin/../lib/gcc/arm-none-eabi/4.8.4/../../../../arm-none-eabi/lib/armv6-m/libc_s.a
END GROUP
START GROUP
LOAD /Applications/KDS_3.0.0.app/Contents/toolchain/bin/../lib/gcc/arm-none-eabi/4.8.4/armv6-m/libgcc.a
LOAD /Applications/KDS_3.0.0.app/Contents/toolchain/bin/../lib/gcc/arm-none-eabi/4.8.4/../../../../arm-none-eabi/lib/armv6-m/libc_s.a
LOAD /Applications/KDS_3.0.0.app/Contents/toolchain/bin/../lib/gcc/arm-none-eabi/4.8.4/../../../../arm-none-eabi/lib/armv6-m/libnosys.a
END GROUP
START GROUP
LOAD /Applications/KDS_3.0.0.app/Contents/toolchain/bin/../lib/gcc/arm-none-eabi/4.8.4/armv6-m/libgcc.a
LOAD /Applications/KDS_3.0.0.app/Contents/toolchain/bin/../lib/gcc/arm-none-eabi/4.8.4/../../../../arm-none-eabi/lib/armv6-m/libc_s.a
LOAD /Applications/KDS_3.0.0.app/Contents/toolchain/bin/../lib/gcc/arm-none-eabi/4.8.4/../../../../arm-none-eabi/lib/armv6-m/libnosys.a
END GROUP
LOAD /Applications/KDS_3.0.0.app/Contents/toolchain/bin/../lib/gcc/arm-none-eabi/4.8.4/armv6-m/crtend.o
LOAD /Applications/KDS_3.0.0.app/Contents/toolchain/bin/../lib/gcc/arm-none-eabi/4.8.4/armv6-m/crtn.o
                0x0000000020003000                _estack = 0x20003000
                0x0000000020003000                __SP_INIT = _estack
                0x0000000020003000                __stack = _estack
                0x0000000000000000                __heap_size = 0x0
                0x0000000000000400                __stack_size = 0x400

.interrupts     0x0000000000000000       0xc0
                0x0000000000000000                __vector_table = .
                0x0000000000000000                . = ALIGN (0x4)
 *(.vectortable)
 .vectortable   0x0000000000000000       0xc0 ./Generated_Code/Vectors.o
                0x0000000000000000                __vect_table
                0x00000000000000c0                . = ALIGN (0x4)

.cfmprotect     0x0000000000000400       0x10
                0x0000000000000400                . = ALIGN (0x4)
 *(.cfmconfig)
 .cfmconfig     0x0000000000000400       0x10 ./Generated_Code/Cpu.o
                0x0000000000000400                _cfm
                0x0000000000000410                . = ALIGN (0x4)

.text           0x0000000000000410      0x908
                0x0000000000000410                . = ALIGN (0x4)
 *(.text)
 .text          0x0000000000000410       0x60 /Applications/KDS_3.0.0.app/Contents/toolchain/bin/../lib/gcc/arm-none-eabi/4.8.4/armv6-m/crtbegin.o
 .text          0x0000000000000470       0x78 /Applications/KDS_3.0.0.app/Contents/toolchain/bin/../lib/gcc/arm-none-eabi/4.8.4/../../../../arm-none-eabi/lib/armv6-m/crt0.o
                0x0000000000000470                _mainCRTStartup
                0x0000000000000470                _start
 *(.text*)
 .text.Cpu_OnNMIINT
                0x00000000000004e8        0x8 ./Sources/Events.o
                0x00000000000004e8                Cpu_OnNMIINT
 .text.main     0x00000000000004f0      0x100 ./Sources/main.o
                0x00000000000004f0                main
 .text.__copy_rom_section
                0x00000000000005f0       0xd8 ./Project_Settings/Startup_Code/startup.o
                0x00000000000005f0                __copy_rom_section
 .text.__copy_rom_sections_to_ram
                0x00000000000006c8       0x98 ./Project_Settings/Startup_Code/startup.o
                0x00000000000006c8                __copy_rom_sections_to_ram
 .text.__init_registers
                0x0000000000000760        0x8 ./Project_Settings/Startup_Code/startup.o
                0x0000000000000760                __init_registers
 .text.__init_user
                0x0000000000000768        0x8 ./Project_Settings/Startup_Code/startup.o
                0x0000000000000768                __init_user
 .text.__thumb_startup
                0x0000000000000770       0x30 ./Project_Settings/Startup_Code/startup.o
                0x0000000000000770                __thumb_startup
 .text.BitIoLdd1_Init
                0x00000000000007a0       0x68 ./Generated_Code/BitIoLdd1.o
                0x00000000000007a0                BitIoLdd1_Init
 .text.BitIoLdd1_ClrVal
                0x0000000000000808       0x1c ./Generated_Code/BitIoLdd1.o
                0x0000000000000808                BitIoLdd1_ClrVal
 .text.BitIoLdd1_SetVal
                0x0000000000000824       0x1c ./Generated_Code/BitIoLdd1.o
                0x0000000000000824                BitIoLdd1_SetVal
 .text.BitIoLdd2_Init
                0x0000000000000840       0x68 ./Generated_Code/BitIoLdd2.o
                0x0000000000000840                BitIoLdd2_Init
 .text.BitIoLdd2_ClrVal
                0x00000000000008a8       0x1c ./Generated_Code/BitIoLdd2.o
                0x00000000000008a8                BitIoLdd2_ClrVal
 .text.BitIoLdd2_SetVal
                0x00000000000008c4       0x1c ./Generated_Code/BitIoLdd2.o
                0x00000000000008c4                BitIoLdd2_SetVal
 .text.BitIoLdd3_Init
                0x00000000000008e0       0x60 ./Generated_Code/BitIoLdd3.o
                0x00000000000008e0                BitIoLdd3_Init
 .text.BitIoLdd3_ClrVal
                0x0000000000000940       0x18 ./Generated_Code/BitIoLdd3.o
                0x0000000000000940                BitIoLdd3_ClrVal
 .text.BitIoLdd3_SetVal
                0x0000000000000958       0x18 ./Generated_Code/BitIoLdd3.o
                0x0000000000000958                BitIoLdd3_SetVal
 .text.Cpu_INT_NMIInterrupt
                0x0000000000000970        0xc ./Generated_Code/Cpu.o
                0x0000000000000970                Cpu_INT_NMIInterrupt
 .text.Cpu_Interrupt
                0x000000000000097c        0xc ./Generated_Code/Cpu.o
                0x000000000000097c                Cpu_Interrupt
 .text.__init_hardware
                0x0000000000000988      0x110 ./Generated_Code/Cpu.o
                0x0000000000000988                __init_hardware
 .text.PE_low_level_init
                0x0000000000000a98       0xfc ./Generated_Code/Cpu.o
                0x0000000000000a98                PE_low_level_init
 .text.WAIT1_Wait10Cycles
                0x0000000000000b94        0x8 ./Generated_Code/WAIT1.o
                0x0000000000000b94                WAIT1_Wait10Cycles
 .text.WAIT1_Wait100Cycles
                0x0000000000000b9c       0x18 ./Generated_Code/WAIT1.o
                0x0000000000000b9c                WAIT1_Wait100Cycles
 .text.WAIT1_WaitCycles
                0x0000000000000bb4       0x44 ./Generated_Code/WAIT1.o
                0x0000000000000bb4                WAIT1_WaitCycles
 .text.WAIT1_WaitLongCycles
                0x0000000000000bf8       0x3c ./Generated_Code/WAIT1.o
                0x0000000000000bf8                WAIT1_WaitLongCycles
 .text.WAIT1_Waitms
                0x0000000000000c34       0x38 ./Generated_Code/WAIT1.o
                0x0000000000000c34                WAIT1_Waitms
 .text.exit     0x0000000000000c6c       0x2c /Applications/KDS_3.0.0.app/Contents/toolchain/bin/../lib/gcc/arm-none-eabi/4.8.4/../../../../arm-none-eabi/lib/armv6-m/libg_s.a(lib_a-exit.o)
                0x0000000000000c6c                exit
 .text.__libc_init_array
                0x0000000000000c98       0x4c /Applications/KDS_3.0.0.app/Contents/toolchain/bin/../lib/gcc/arm-none-eabi/4.8.4/../../../../arm-none-eabi/lib/armv6-m/libg_s.a(lib_a-init.o)
                0x0000000000000c98                __libc_init_array
 .text.memset   0x0000000000000ce4       0x10 /Applications/KDS_3.0.0.app/Contents/toolchain/bin/../lib/gcc/arm-none-eabi/4.8.4/../../../../arm-none-eabi/lib/armv6-m/libg_s.a(lib_a-memset.o)
                0x0000000000000ce4                memset
 .text._exit    0x0000000000000cf4        0x4 /Applications/KDS_3.0.0.app/Contents/toolchain/bin/../lib/gcc/arm-none-eabi/4.8.4/../../../../arm-none-eabi/lib/armv6-m/libnosys.a(_exit.o)
                0x0000000000000cf4                _exit
 *(.rodata)
 *(.rodata*)
 .rodata.str1.1
                0x0000000000000cf8        0x2 /Applications/KDS_3.0.0.app/Contents/toolchain/bin/../lib/gcc/arm-none-eabi/4.8.4/../../../../arm-none-eabi/lib/armv6-m/libg_s.a(lib_a-impure.o)
 *fill*         0x0000000000000cfa        0x2 
 .rodata._global_impure_ptr
                0x0000000000000cfc        0x4 /Applications/KDS_3.0.0.app/Contents/toolchain/bin/../lib/gcc/arm-none-eabi/4.8.4/../../../../arm-none-eabi/lib/armv6-m/libg_s.a(lib_a-impure.o)
                0x0000000000000cfc                _global_impure_ptr
 *(.glue_7)
 .glue_7        0x0000000000000000        0x0 linker stubs
 *(.glue_7t)
 .glue_7t       0x0000000000000000        0x0 linker stubs
 *(.eh_frame)
 .eh_frame      0x0000000000000d00        0x0 /Applications/KDS_3.0.0.app/Contents/toolchain/bin/../lib/gcc/arm-none-eabi/4.8.4/armv6-m/crtbegin.o
 *(.init)
 .init          0x0000000000000d00        0x4 /Applications/KDS_3.0.0.app/Contents/toolchain/bin/../lib/gcc/arm-none-eabi/4.8.4/armv6-m/crti.o
                0x0000000000000d00                _init
 .init          0x0000000000000d04        0x8 /Applications/KDS_3.0.0.app/Contents/toolchain/bin/../lib/gcc/arm-none-eabi/4.8.4/armv6-m/crtn.o
 *(.fini)
 .fini          0x0000000000000d0c        0x4 /Applications/KDS_3.0.0.app/Contents/toolchain/bin/../lib/gcc/arm-none-eabi/4.8.4/armv6-m/crti.o
                0x0000000000000d0c                _fini
 .fini          0x0000000000000d10        0x8 /Applications/KDS_3.0.0.app/Contents/toolchain/bin/../lib/gcc/arm-none-eabi/4.8.4/armv6-m/crtn.o
                0x0000000000000d18                . = ALIGN (0x4)
                0x0000000000000d18                _etext = .

.vfp11_veneer   0x0000000000000d18        0x0
 .vfp11_veneer  0x0000000000000000        0x0 linker stubs

.v4_bx          0x0000000000000d18        0x0
 .v4_bx         0x0000000000000000        0x0 linker stubs

.iplt           0x0000000000000d18        0x0
 .iplt          0x0000000000000000        0x0 /Applications/KDS_3.0.0.app/Contents/toolchain/bin/../lib/gcc/arm-none-eabi/4.8.4/armv6-m/crtbegin.o

.ARM.extab
 *(.ARM.extab* .gnu.linkonce.armextab.*)

.ARM            0x0000000000000d18        0x8
                0x0000000000000d18                __exidx_start = .
 *(.ARM.exidx*)
 .ARM.exidx     0x0000000000000d18        0x8 /Applications/KDS_3.0.0.app/Contents/toolchain/bin/../lib/gcc/arm-none-eabi/4.8.4/../../../../arm-none-eabi/lib/armv6-m/crt0.o
                0x0000000000000d20                __exidx_end = .

.rel.dyn        0x0000000000000d20        0x0
 .rel.iplt      0x0000000000000000        0x0 /Applications/KDS_3.0.0.app/Contents/toolchain/bin/../lib/gcc/arm-none-eabi/4.8.4/armv6-m/crtbegin.o

.ctors          0x0000000000000d20        0x0
                0x0000000000000d20                __CTOR_LIST__ = .
 *crtbegin.o(.ctors)
 *(EXCLUDE_FILE(*crtend.o) .ctors)
 *(SORT(.ctors.*))
 *(.ctors)
                0x0000000000000d20                __CTOR_END__ = .

.dtors          0x0000000000000d20        0x0
                0x0000000000000d20                __DTOR_LIST__ = .
 *crtbegin.o(.dtors)
 *(EXCLUDE_FILE(*crtend.o) .dtors)
 *(SORT(.dtors.*))
 *(.dtors)
                0x0000000000000d20                __DTOR_END__ = .

.preinit_array  0x0000000000000d20        0x0
                0x0000000000000d20                PROVIDE (__preinit_array_start, .)
 *(.preinit_array*)
                0x0000000000000d20                PROVIDE (__preinit_array_end, .)

.init_array     0x0000000000000d20        0x4
                0x0000000000000d20                PROVIDE (__init_array_start, .)
 *(SORT(.init_array.*))
 *(.init_array*)
 .init_array    0x0000000000000d20        0x4 /Applications/KDS_3.0.0.app/Contents/toolchain/bin/../lib/gcc/arm-none-eabi/4.8.4/armv6-m/crtbegin.o
                0x0000000000000d24                PROVIDE (__init_array_end, .)

.fini_array     0x0000000000000d24        0x4
                0x0000000000000d24                PROVIDE (__fini_array_start, .)
 *(SORT(.fini_array.*))
 *(.fini_array*)
 .fini_array    0x0000000000000d24        0x4 /Applications/KDS_3.0.0.app/Contents/toolchain/bin/../lib/gcc/arm-none-eabi/4.8.4/armv6-m/crtbegin.o
                0x0000000000000d28                PROVIDE (__fini_array_end, .)
                0x0000000000000d28                ___ROM_AT = .

.mtb            0x000000001ffff000        0x0
                0x000000001ffff000                . = ALIGN (0x8)
                0x000000001ffff000                _mtb_start = .
 *(.mtb_buf)
                0x000000001ffff000                . = ALIGN (0x8)
                0x000000001ffff000                _mtb_end = .

.data           0x000000001ffff000       0x60 load address 0x0000000000000d28
                0x000000001ffff000                . = ALIGN (0x4)
                0x000000001ffff000                _sdata = .
 *(.data)
 *(.data*)
 .data.impure_data
                0x000000001ffff000       0x60 /Applications/KDS_3.0.0.app/Contents/toolchain/bin/../lib/gcc/arm-none-eabi/4.8.4/../../../../arm-none-eabi/lib/armv6-m/libg_s.a(lib_a-impure.o)
                0x000000001ffff060                . = ALIGN (0x4)
                0x000000001ffff060                _edata = .
                0x0000000000000060                ___data_size = (_edata - _sdata)

.jcr            0x000000001ffff060        0x0 load address 0x0000000000000d88
 .jcr           0x000000001ffff060        0x0 /Applications/KDS_3.0.0.app/Contents/toolchain/bin/../lib/gcc/arm-none-eabi/4.8.4/armv6-m/crtbegin.o

.igot.plt       0x000000001ffff060        0x0 load address 0x0000000000000d88
 .igot.plt      0x0000000000000000        0x0 /Applications/KDS_3.0.0.app/Contents/toolchain/bin/../lib/gcc/arm-none-eabi/4.8.4/armv6-m/crtbegin.o
                0x000000001ffff060                . = ALIGN (0x4)

.bss            0x000000001ffff060       0x34 load address 0x0000000000000d88
                0x000000001ffff060                __START_BSS = .
                0x000000001ffff060                PROVIDE (__bss_start__, __START_BSS)
 *(.bss)
 .bss           0x000000001ffff060       0x1c /Applications/KDS_3.0.0.app/Contents/toolchain/bin/../lib/gcc/arm-none-eabi/4.8.4/armv6-m/crtbegin.o
 *(.bss*)
 .bss.DeviceDataPrv__DEFAULT_RTOS_ALLOC
                0x000000001ffff07c        0x4 ./Generated_Code/BitIoLdd1.o
 .bss.DeviceDataPrv__DEFAULT_RTOS_ALLOC
                0x000000001ffff080        0x4 ./Generated_Code/BitIoLdd2.o
 .bss.DeviceDataPrv__DEFAULT_RTOS_ALLOC
                0x000000001ffff084        0x4 ./Generated_Code/BitIoLdd3.o
 .bss.PE_LDD_DeviceDataList
                0x000000001ffff088        0xc ./Generated_Code/PE_LDD.o
                0x000000001ffff088                PE_LDD_DeviceDataList
 *(COMMON)
                0x000000001ffff094                . = ALIGN (0x4)
                0x000000001ffff094                __END_BSS = .
                0x000000001ffff094                PROVIDE (__bss_end__, __END_BSS)
                0x0000000000000d88                _romp_at = (___ROM_AT + SIZEOF (.data))

.romp           0x000000001ffff094       0x18 load address 0x0000000000000d88
                0x0000000000000d88                __S_romp = _romp_at
                0x000000001ffff094        0x4 LONG 0xd28 ___ROM_AT
                0x000000001ffff098        0x4 LONG 0x1ffff000 _sdata
                0x000000001ffff09c        0x4 LONG 0x60 ___data_size
                0x000000001ffff0a0        0x4 LONG 0x0
                0x000000001ffff0a4        0x4 LONG 0x0
                0x000000001ffff0a8        0x4 LONG 0x0

._user_heap_stack
                0x000000001ffff0ac      0x400 load address 0x0000000000000da0
                0x000000001ffff0ac                . = ALIGN (0x4)
                0x000000001ffff0ac                PROVIDE (end, .)
                0x000000001ffff0ac                PROVIDE (_end, .)
                0x000000001ffff0ac                __heap_addr = .
                0x000000001ffff0ac                __HeapBase = .
                0x000000001ffff0ac                . = (. + __heap_size)
                0x000000001ffff0ac                __HeapLimit = .
                0x000000001ffff4ac                . = (. + __stack_size)
 *fill*         0x000000001ffff0ac      0x400 
                0x000000001ffff4ac                . = ALIGN (0x4)

.ARM.attributes
                0x0000000000000000       0x28
 *(.ARM.attributes)
 .ARM.attributes
                0x0000000000000000       0x1e /Applications/KDS_3.0.0.app/Contents/toolchain/bin/../lib/gcc/arm-none-eabi/4.8.4/armv6-m/crti.o
 .ARM.attributes
                0x000000000000001e       0x2c /Applications/KDS_3.0.0.app/Contents/toolchain/bin/../lib/gcc/arm-none-eabi/4.8.4/armv6-m/crtbegin.o
 .ARM.attributes
                0x000000000000004a       0x1b /Applications/KDS_3.0.0.app/Contents/toolchain/bin/../lib/gcc/arm-none-eabi/4.8.4/../../../../arm-none-eabi/lib/armv6-m/crt0.o
 .ARM.attributes
                0x0000000000000065       0x32 ./Sources/Events.o
 .ARM.attributes
                0x0000000000000097       0x32 ./Sources/main.o
 .ARM.attributes
                0x00000000000000c9       0x32 ./Project_Settings/Startup_Code/startup.o
 .ARM.attributes
                0x00000000000000fb       0x32 ./Generated_Code/BitIoLdd1.o
 .ARM.attributes
                0x000000000000012d       0x32 ./Generated_Code/BitIoLdd2.o
 .ARM.attributes
                0x000000000000015f       0x32 ./Generated_Code/BitIoLdd3.o
 .ARM.attributes
                0x0000000000000191       0x32 ./Generated_Code/Cpu.o
 .ARM.attributes
                0x00000000000001c3       0x32 ./Generated_Code/PE_LDD.o
 .ARM.attributes
                0x00000000000001f5       0x32 ./Generated_Code/Vectors.o
 .ARM.attributes
                0x0000000000000227       0x32 ./Generated_Code/WAIT1.o
 .ARM.attributes
                0x0000000000000259       0x2c /Applications/KDS_3.0.0.app/Contents/toolchain/bin/../lib/gcc/arm-none-eabi/4.8.4/../../../../arm-none-eabi/lib/armv6-m/libg_s.a(lib_a-exit.o)
 .ARM.attributes
                0x0000000000000285       0x2c /Applications/KDS_3.0.0.app/Contents/toolchain/bin/../lib/gcc/arm-none-eabi/4.8.4/../../../../arm-none-eabi/lib/armv6-m/libg_s.a(lib_a-impure.o)
 .ARM.attributes
                0x00000000000002b1       0x2c /Applications/KDS_3.0.0.app/Contents/toolchain/bin/../lib/gcc/arm-none-eabi/4.8.4/../../../../arm-none-eabi/lib/armv6-m/libg_s.a(lib_a-init.o)
 .ARM.attributes
                0x00000000000002dd       0x2c /Applications/KDS_3.0.0.app/Contents/toolchain/bin/../lib/gcc/arm-none-eabi/4.8.4/../../../../arm-none-eabi/lib/armv6-m/libg_s.a(lib_a-memset.o)
 .ARM.attributes
                0x0000000000000309       0x2c /Applications/KDS_3.0.0.app/Contents/toolchain/bin/../lib/gcc/arm-none-eabi/4.8.4/../../../../arm-none-eabi/lib/armv6-m/libnosys.a(_exit.o)
 .ARM.attributes
                0x0000000000000335       0x1e /Applications/KDS_3.0.0.app/Contents/toolchain/bin/../lib/gcc/arm-none-eabi/4.8.4/armv6-m/crtn.o
OUTPUT(FRDM.elf elf32-littlearm)

.debug_info     0x0000000000000000     0x1abf
 .debug_info    0x0000000000000000       0x96 ./Sources/Events.o
 .debug_info    0x0000000000000096       0xbd ./Sources/main.o
 .debug_info    0x0000000000000153      0x20a ./Project_Settings/Startup_Code/startup.o
 .debug_info    0x000000000000035d      0x372 ./Generated_Code/BitIoLdd1.o
 .debug_info    0x00000000000006cf      0x372 ./Generated_Code/BitIoLdd2.o
 .debug_info    0x0000000000000a41      0x372 ./Generated_Code/BitIoLdd3.o
 .debug_info    0x0000000000000db3      0x865 ./Generated_Code/Cpu.o
 .debug_info    0x0000000000001618      0x251 ./Generated_Code/PE_LDD.o
 .debug_info    0x0000000000001869      0x10e ./Generated_Code/Vectors.o
 .debug_info    0x0000000000001977      0x148 ./Generated_Code/WAIT1.o

.debug_abbrev   0x0000000000000000      0x913
 .debug_abbrev  0x0000000000000000       0x45 ./Sources/Events.o
 .debug_abbrev  0x0000000000000045       0x7a ./Sources/main.o
 .debug_abbrev  0x00000000000000bf      0x11e ./Project_Settings/Startup_Code/startup.o
 .debug_abbrev  0x00000000000001dd      0x127 ./Generated_Code/BitIoLdd1.o
 .debug_abbrev  0x0000000000000304      0x127 ./Generated_Code/BitIoLdd2.o
 .debug_abbrev  0x000000000000042b      0x127 ./Generated_Code/BitIoLdd3.o
 .debug_abbrev  0x0000000000000552      0x15f ./Generated_Code/Cpu.o
 .debug_abbrev  0x00000000000006b1      0x10d ./Generated_Code/PE_LDD.o
 .debug_abbrev  0x00000000000007be       0xa4 ./Generated_Code/Vectors.o
 .debug_abbrev  0x0000000000000862       0xb1 ./Generated_Code/WAIT1.o

.debug_aranges  0x0000000000000000      0x210
 .debug_aranges
                0x0000000000000000       0x20 ./Sources/Events.o
 .debug_aranges
                0x0000000000000020       0x20 ./Sources/main.o
 .debug_aranges
                0x0000000000000040       0x50 ./Project_Settings/Startup_Code/startup.o
 .debug_aranges
                0x0000000000000090       0x40 ./Generated_Code/BitIoLdd1.o
 .debug_aranges
                0x00000000000000d0       0x40 ./Generated_Code/BitIoLdd2.o
 .debug_aranges
                0x0000000000000110       0x40 ./Generated_Code/BitIoLdd3.o
 .debug_aranges
                0x0000000000000150       0x38 ./Generated_Code/Cpu.o
 .debug_aranges
                0x0000000000000188       0x30 ./Generated_Code/PE_LDD.o
 .debug_aranges
                0x00000000000001b8       0x18 ./Generated_Code/Vectors.o
 .debug_aranges
                0x00000000000001d0       0x40 ./Generated_Code/WAIT1.o

.debug_ranges   0x0000000000000000      0x168
 .debug_ranges  0x0000000000000000       0x10 ./Sources/Events.o
 .debug_ranges  0x0000000000000010       0x10 ./Sources/main.o
 .debug_ranges  0x0000000000000020       0x40 ./Project_Settings/Startup_Code/startup.o
 .debug_ranges  0x0000000000000060       0x30 ./Generated_Code/BitIoLdd1.o
 .debug_ranges  0x0000000000000090       0x30 ./Generated_Code/BitIoLdd2.o
 .debug_ranges  0x00000000000000c0       0x30 ./Generated_Code/BitIoLdd3.o
 .debug_ranges  0x00000000000000f0       0x28 ./Generated_Code/Cpu.o
 .debug_ranges  0x0000000000000118       0x20 ./Generated_Code/PE_LDD.o
 .debug_ranges  0x0000000000000138       0x30 ./Generated_Code/WAIT1.o

.debug_macro    0x0000000000000000    0x10916
 .debug_macro   0x0000000000000000      0x157 ./Sources/Events.o
 .debug_macro   0x0000000000000157      0x802 ./Sources/Events.o
 .debug_macro   0x0000000000000959       0x16 ./Sources/Events.o
 .debug_macro   0x000000000000096f       0x44 ./Sources/Events.o
 .debug_macro   0x00000000000009b3      0x209 ./Sources/Events.o
 .debug_macro   0x0000000000000bbc     0x157d ./Sources/Events.o
 .debug_macro   0x0000000000002139      0x14e ./Sources/Events.o
 .debug_macro   0x0000000000002287       0x64 ./Sources/Events.o
 .debug_macro   0x00000000000022eb     0x6691 ./Sources/Events.o
 .debug_macro   0x000000000000897c       0x94 ./Sources/Events.o
 .debug_macro   0x0000000000008a10       0x94 ./Sources/Events.o
 .debug_macro   0x0000000000008aa4      0x12c ./Sources/Events.o
 .debug_macro   0x0000000000008bd0       0x40 ./Sources/Events.o
 .debug_macro   0x0000000000008c10       0x1f ./Sources/Events.o
 .debug_macro   0x0000000000008c2f       0x47 ./Sources/Events.o
 .debug_macro   0x0000000000008c76       0x3d ./Sources/Events.o
 .debug_macro   0x0000000000008cb3       0x46 ./Sources/Events.o
 .debug_macro   0x0000000000008cf9       0x1f ./Sources/Events.o
 .debug_macro   0x0000000000008d18       0x47 ./Sources/Events.o
 .debug_macro   0x0000000000008d5f       0x46 ./Sources/Events.o
 .debug_macro   0x0000000000008da5       0x1f ./Sources/Events.o
 .debug_macro   0x0000000000008dc4       0x47 ./Sources/Events.o
 .debug_macro   0x0000000000008e0b      0x15d ./Sources/main.o
 .debug_macro   0x0000000000008f68      0x121 ./Project_Settings/Startup_Code/startup.o
 .debug_macro   0x0000000000009089       0x58 ./Project_Settings/Startup_Code/startup.o
 .debug_macro   0x00000000000090e1       0x35 ./Project_Settings/Startup_Code/startup.o
 .debug_macro   0x0000000000009116       0xa3 ./Project_Settings/Startup_Code/startup.o
 .debug_macro   0x00000000000091b9      0x166 ./Project_Settings/Startup_Code/startup.o
 .debug_macro   0x000000000000931f       0x4a ./Project_Settings/Startup_Code/startup.o
 .debug_macro   0x0000000000009369       0x52 ./Project_Settings/Startup_Code/startup.o
 .debug_macro   0x00000000000093bb       0x16 ./Project_Settings/Startup_Code/startup.o
 .debug_macro   0x00000000000093d1       0x43 ./Project_Settings/Startup_Code/startup.o
 .debug_macro   0x0000000000009414      0x180 ./Project_Settings/Startup_Code/startup.o
 .debug_macro   0x0000000000009594      0x2a6 ./Project_Settings/Startup_Code/startup.o
 .debug_macro   0x000000000000983a       0x10 ./Project_Settings/Startup_Code/startup.o
 .debug_macro   0x000000000000984a       0x35 ./Project_Settings/Startup_Code/startup.o
 .debug_macro   0x000000000000987f       0x16 ./Project_Settings/Startup_Code/startup.o
 .debug_macro   0x0000000000009895       0x22 ./Project_Settings/Startup_Code/startup.o
 .debug_macro   0x00000000000098b7       0x10 ./Project_Settings/Startup_Code/startup.o
 .debug_macro   0x00000000000098c7      0x20f ./Project_Settings/Startup_Code/startup.o
 .debug_macro   0x0000000000009ad6     0x6685 ./Project_Settings/Startup_Code/startup.o
 .debug_macro   0x000000000001015b       0xa6 ./Generated_Code/BitIoLdd1.o
 .debug_macro   0x0000000000010201       0x9a ./Generated_Code/BitIoLdd1.o
 .debug_macro   0x000000000001029b       0xa6 ./Generated_Code/BitIoLdd2.o
 .debug_macro   0x0000000000010341       0x40 ./Generated_Code/BitIoLdd2.o
 .debug_macro   0x0000000000010381       0xa6 ./Generated_Code/BitIoLdd3.o
 .debug_macro   0x0000000000010427       0x40 ./Generated_Code/BitIoLdd3.o
 .debug_macro   0x0000000000010467      0x162 ./Generated_Code/Cpu.o
 .debug_macro   0x00000000000105c9      0x125 ./Generated_Code/PE_LDD.o
 .debug_macro   0x00000000000106ee      0x163 ./Generated_Code/Vectors.o
 .debug_macro   0x0000000000010851       0x8e ./Generated_Code/WAIT1.o
 .debug_macro   0x00000000000108df       0x37 ./Generated_Code/WAIT1.o

.debug_line     0x0000000000000000     0x244c
 .debug_line    0x0000000000000000      0x37b ./Sources/Events.o
 .debug_line    0x000000000000037b      0x3f3 ./Sources/main.o
 .debug_line    0x000000000000076e      0x437 ./Project_Settings/Startup_Code/startup.o
 .debug_line    0x0000000000000ba5      0x313 ./Generated_Code/BitIoLdd1.o
 .debug_line    0x0000000000000eb8      0x313 ./Generated_Code/BitIoLdd2.o
 .debug_line    0x00000000000011cb      0x314 ./Generated_Code/BitIoLdd3.o
 .debug_line    0x00000000000014df      0x4d9 ./Generated_Code/Cpu.o
 .debug_line    0x00000000000019b8      0x36c ./Generated_Code/PE_LDD.o
 .debug_line    0x0000000000001d24      0x467 ./Generated_Code/Vectors.o
 .debug_line    0x000000000000218b      0x2c1 ./Generated_Code/WAIT1.o

.debug_str      0x0000000000000000    0x30195
 .debug_str     0x0000000000000000    0x2d3bb ./Sources/Events.o
                                      0x2d7b1 (size before relaxing)
 .debug_str     0x000000000002d3bb       0x47 ./Sources/main.o
                                      0x2d7d7 (size before relaxing)
 .debug_str     0x000000000002d402     0x25f6 ./Project_Settings/Startup_Code/startup.o
                                      0x2731a (size before relaxing)
 .debug_str     0x000000000002f9f8      0x17f ./Generated_Code/BitIoLdd1.o
                                      0x2cb65 (size before relaxing)
 .debug_str     0x000000000002fb77       0xa0 ./Generated_Code/BitIoLdd2.o
                                      0x2cb65 (size before relaxing)
 .debug_str     0x000000000002fc17       0xa0 ./Generated_Code/BitIoLdd3.o
                                      0x2cb5f (size before relaxing)
 .debug_str     0x000000000002fcb7      0x2b5 ./Generated_Code/Cpu.o
                                      0x2dad8 (size before relaxing)
 .debug_str     0x000000000002ff6c      0x17e ./Generated_Code/PE_LDD.o
                                      0x2d966 (size before relaxing)
 .debug_str     0x00000000000300ea       0x1c ./Generated_Code/Vectors.o
                                      0x2d7f9 (size before relaxing)
 .debug_str     0x0000000000030106       0x8f ./Generated_Code/WAIT1.o
                                      0x2bece (size before relaxing)

.comment        0x0000000000000000       0x70
 .comment       0x0000000000000000       0x70 ./Sources/Events.o
                                         0x71 (size before relaxing)
 .comment       0x0000000000000000       0x71 ./Sources/main.o
 .comment       0x0000000000000000       0x71 ./Project_Settings/Startup_Code/startup.o
 .comment       0x0000000000000000       0x71 ./Generated_Code/BitIoLdd1.o
 .comment       0x0000000000000000       0x71 ./Generated_Code/BitIoLdd2.o
 .comment       0x0000000000000000       0x71 ./Generated_Code/BitIoLdd3.o
 .comment       0x0000000000000000       0x71 ./Generated_Code/Cpu.o
 .comment       0x0000000000000000       0x71 ./Generated_Code/PE_LDD.o
 .comment       0x0000000000000000       0x71 ./Generated_Code/Vectors.o
 .comment       0x0000000000000000       0x71 ./Generated_Code/WAIT1.o

.debug_frame    0x0000000000000000      0x548
 .debug_frame   0x0000000000000000       0x2c ./Sources/Events.o
 .debug_frame   0x000000000000002c       0x2c ./Sources/main.o
 .debug_frame   0x0000000000000058       0xd0 ./Project_Settings/Startup_Code/startup.o
 .debug_frame   0x0000000000000128       0xb0 ./Generated_Code/BitIoLdd1.o
 .debug_frame   0x00000000000001d8       0xb0 ./Generated_Code/BitIoLdd2.o
 .debug_frame   0x0000000000000288       0xb0 ./Generated_Code/BitIoLdd3.o
 .debug_frame   0x0000000000000338       0x80 ./Generated_Code/Cpu.o
 .debug_frame   0x00000000000003b8       0x6c ./Generated_Code/PE_LDD.o
 .debug_frame   0x0000000000000424       0x90 ./Generated_Code/WAIT1.o
 .debug_frame   0x00000000000004b4       0x28 /Applications/KDS_3.0.0.app/Contents/toolchain/bin/../lib/gcc/arm-none-eabi/4.8.4/../../../../arm-none-eabi/lib/armv6-m/libg_s.a(lib_a-exit.o)
 .debug_frame   0x00000000000004dc       0x2c /Applications/KDS_3.0.0.app/Contents/toolchain/bin/../lib/gcc/arm-none-eabi/4.8.4/../../../../arm-none-eabi/lib/armv6-m/libg_s.a(lib_a-init.o)
 .debug_frame   0x0000000000000508       0x20 /Applications/KDS_3.0.0.app/Contents/toolchain/bin/../lib/gcc/arm-none-eabi/4.8.4/../../../../arm-none-eabi/lib/armv6-m/libg_s.a(lib_a-memset.o)
 .debug_frame   0x0000000000000528       0x20 /Applications/KDS_3.0.0.app/Contents/toolchain/bin/../lib/gcc/arm-none-eabi/4.8.4/../../../../arm-none-eabi/lib/armv6-m/libnosys.a(_exit.o)
